ARM GAS  C:\Users\sunyi\AppData\Local\Temp\ccgUxOIj.s 			page 1


   1              		.cpu cortex-m0
   2              		.fpu softvfp
   3              		.eabi_attribute 20, 1
   4              		.eabi_attribute 21, 1
   5              		.eabi_attribute 23, 3
   6              		.eabi_attribute 24, 1
   7              		.eabi_attribute 25, 1
   8              		.eabi_attribute 26, 1
   9              		.eabi_attribute 30, 1
  10              		.eabi_attribute 34, 0
  11              		.eabi_attribute 18, 4
  12              		.code	16
  13              		.file	"cyfitter_cfg.c"
  14              		.text
  15              	.Ltext0:
  16              		.cfi_sections	.debug_frame
  17              		.section	.text.AnalogSetDefault,"ax",%progbits
  18              		.align	2
  19              		.code	16
  20              		.thumb_func
  21              		.type	AnalogSetDefault, %function
  22              	AnalogSetDefault:
  23              	.LFB6:
  24              		.file 1 ".\\Generated_Source\\PSoC4\\cyfitter_cfg.c"
   1:.\Generated_Source\PSoC4/cyfitter_cfg.c **** /*******************************************************************************
   2:.\Generated_Source\PSoC4/cyfitter_cfg.c **** * File Name: cyfitter_cfg.c
   3:.\Generated_Source\PSoC4/cyfitter_cfg.c **** * 
   4:.\Generated_Source\PSoC4/cyfitter_cfg.c **** * PSoC Creator  3.3 SP2
   5:.\Generated_Source\PSoC4/cyfitter_cfg.c **** *
   6:.\Generated_Source\PSoC4/cyfitter_cfg.c **** * Description:
   7:.\Generated_Source\PSoC4/cyfitter_cfg.c **** * This file contains device initialization code.
   8:.\Generated_Source\PSoC4/cyfitter_cfg.c **** * Except for the user defined sections in CyClockStartupError(), this file should not be modified.
   9:.\Generated_Source\PSoC4/cyfitter_cfg.c **** * This file is automatically generated by PSoC Creator.
  10:.\Generated_Source\PSoC4/cyfitter_cfg.c **** *
  11:.\Generated_Source\PSoC4/cyfitter_cfg.c **** ********************************************************************************
  12:.\Generated_Source\PSoC4/cyfitter_cfg.c **** * Copyright (c) 2007-2016 Cypress Semiconductor.  All rights reserved.
  13:.\Generated_Source\PSoC4/cyfitter_cfg.c **** * You may use this file only in accordance with the license, terms, conditions, 
  14:.\Generated_Source\PSoC4/cyfitter_cfg.c **** * disclaimers, and limitations in the end user license agreement accompanying 
  15:.\Generated_Source\PSoC4/cyfitter_cfg.c **** * the software package with which this file was provided.
  16:.\Generated_Source\PSoC4/cyfitter_cfg.c **** ********************************************************************************/
  17:.\Generated_Source\PSoC4/cyfitter_cfg.c **** 
  18:.\Generated_Source\PSoC4/cyfitter_cfg.c **** #include <string.h>
  19:.\Generated_Source\PSoC4/cyfitter_cfg.c **** #include "cytypes.h"
  20:.\Generated_Source\PSoC4/cyfitter_cfg.c **** #include "cydevice_trm.h"
  21:.\Generated_Source\PSoC4/cyfitter_cfg.c **** #include "cyfitter.h"
  22:.\Generated_Source\PSoC4/cyfitter_cfg.c **** #include "CyLib.h"
  23:.\Generated_Source\PSoC4/cyfitter_cfg.c **** #include "CyLFClk.h"
  24:.\Generated_Source\PSoC4/cyfitter_cfg.c **** #include "cyfitter_cfg.h"
  25:.\Generated_Source\PSoC4/cyfitter_cfg.c **** 
  26:.\Generated_Source\PSoC4/cyfitter_cfg.c **** 
  27:.\Generated_Source\PSoC4/cyfitter_cfg.c **** #if defined(__GNUC__) || defined(__ARMCC_VERSION)
  28:.\Generated_Source\PSoC4/cyfitter_cfg.c ****     #define CYPACKED 
  29:.\Generated_Source\PSoC4/cyfitter_cfg.c ****     #define CYPACKED_ATTR __attribute__ ((packed))
  30:.\Generated_Source\PSoC4/cyfitter_cfg.c ****     #define CYALIGNED __attribute__ ((aligned))
  31:.\Generated_Source\PSoC4/cyfitter_cfg.c ****     #define CY_CFG_UNUSED __attribute__ ((unused))
  32:.\Generated_Source\PSoC4/cyfitter_cfg.c ****     #ifndef CY_CFG_SECTION
  33:.\Generated_Source\PSoC4/cyfitter_cfg.c ****         #define CY_CFG_SECTION __attribute__ ((section(".psocinit")))
ARM GAS  C:\Users\sunyi\AppData\Local\Temp\ccgUxOIj.s 			page 2


  34:.\Generated_Source\PSoC4/cyfitter_cfg.c ****     #endif
  35:.\Generated_Source\PSoC4/cyfitter_cfg.c ****     
  36:.\Generated_Source\PSoC4/cyfitter_cfg.c ****     #if defined(__ARMCC_VERSION)
  37:.\Generated_Source\PSoC4/cyfitter_cfg.c ****         #define CY_CFG_MEMORY_BARRIER() __memory_changed()
  38:.\Generated_Source\PSoC4/cyfitter_cfg.c ****     #else
  39:.\Generated_Source\PSoC4/cyfitter_cfg.c ****         #define CY_CFG_MEMORY_BARRIER() __sync_synchronize()
  40:.\Generated_Source\PSoC4/cyfitter_cfg.c ****     #endif
  41:.\Generated_Source\PSoC4/cyfitter_cfg.c ****     
  42:.\Generated_Source\PSoC4/cyfitter_cfg.c **** #elif defined(__ICCARM__)
  43:.\Generated_Source\PSoC4/cyfitter_cfg.c ****     #include <intrinsics.h>
  44:.\Generated_Source\PSoC4/cyfitter_cfg.c **** 
  45:.\Generated_Source\PSoC4/cyfitter_cfg.c ****     #define CYPACKED __packed
  46:.\Generated_Source\PSoC4/cyfitter_cfg.c ****     #define CYPACKED_ATTR 
  47:.\Generated_Source\PSoC4/cyfitter_cfg.c ****     #define CYALIGNED _Pragma("data_alignment=4")
  48:.\Generated_Source\PSoC4/cyfitter_cfg.c ****     #define CY_CFG_UNUSED _Pragma("diag_suppress=Pe177")
  49:.\Generated_Source\PSoC4/cyfitter_cfg.c ****     #define CY_CFG_SECTION _Pragma("location=\".psocinit\"")
  50:.\Generated_Source\PSoC4/cyfitter_cfg.c ****     
  51:.\Generated_Source\PSoC4/cyfitter_cfg.c ****     #define CY_CFG_MEMORY_BARRIER() __DMB()
  52:.\Generated_Source\PSoC4/cyfitter_cfg.c ****     
  53:.\Generated_Source\PSoC4/cyfitter_cfg.c **** #else
  54:.\Generated_Source\PSoC4/cyfitter_cfg.c ****     #error Unsupported toolchain
  55:.\Generated_Source\PSoC4/cyfitter_cfg.c **** #endif
  56:.\Generated_Source\PSoC4/cyfitter_cfg.c **** 
  57:.\Generated_Source\PSoC4/cyfitter_cfg.c **** 
  58:.\Generated_Source\PSoC4/cyfitter_cfg.c **** CY_CFG_UNUSED
  59:.\Generated_Source\PSoC4/cyfitter_cfg.c **** static void CYMEMZERO(void *s, size_t n);
  60:.\Generated_Source\PSoC4/cyfitter_cfg.c **** CY_CFG_UNUSED
  61:.\Generated_Source\PSoC4/cyfitter_cfg.c **** static void CYMEMZERO(void *s, size_t n)
  62:.\Generated_Source\PSoC4/cyfitter_cfg.c **** {
  63:.\Generated_Source\PSoC4/cyfitter_cfg.c **** 	(void)memset(s, 0, n);
  64:.\Generated_Source\PSoC4/cyfitter_cfg.c **** }
  65:.\Generated_Source\PSoC4/cyfitter_cfg.c **** CY_CFG_UNUSED
  66:.\Generated_Source\PSoC4/cyfitter_cfg.c **** static void CYCONFIGCPY(void *dest, const void *src, size_t n);
  67:.\Generated_Source\PSoC4/cyfitter_cfg.c **** CY_CFG_UNUSED
  68:.\Generated_Source\PSoC4/cyfitter_cfg.c **** static void CYCONFIGCPY(void *dest, const void *src, size_t n)
  69:.\Generated_Source\PSoC4/cyfitter_cfg.c **** {
  70:.\Generated_Source\PSoC4/cyfitter_cfg.c **** 	(void)memcpy(dest, src, n);
  71:.\Generated_Source\PSoC4/cyfitter_cfg.c **** }
  72:.\Generated_Source\PSoC4/cyfitter_cfg.c **** CY_CFG_UNUSED
  73:.\Generated_Source\PSoC4/cyfitter_cfg.c **** static void CYCONFIGCPYCODE(void *dest, const void *src, size_t n);
  74:.\Generated_Source\PSoC4/cyfitter_cfg.c **** CY_CFG_UNUSED
  75:.\Generated_Source\PSoC4/cyfitter_cfg.c **** static void CYCONFIGCPYCODE(void *dest, const void *src, size_t n)
  76:.\Generated_Source\PSoC4/cyfitter_cfg.c **** {
  77:.\Generated_Source\PSoC4/cyfitter_cfg.c **** 	(void)memcpy(dest, src, n);
  78:.\Generated_Source\PSoC4/cyfitter_cfg.c **** }
  79:.\Generated_Source\PSoC4/cyfitter_cfg.c **** 
  80:.\Generated_Source\PSoC4/cyfitter_cfg.c **** 
  81:.\Generated_Source\PSoC4/cyfitter_cfg.c **** 
  82:.\Generated_Source\PSoC4/cyfitter_cfg.c **** /* Clock startup error codes                                                   */
  83:.\Generated_Source\PSoC4/cyfitter_cfg.c **** #define CYCLOCKSTART_NO_ERROR    0u
  84:.\Generated_Source\PSoC4/cyfitter_cfg.c **** #define CYCLOCKSTART_XTAL_ERROR  1u
  85:.\Generated_Source\PSoC4/cyfitter_cfg.c **** #define CYCLOCKSTART_32KHZ_ERROR 2u
  86:.\Generated_Source\PSoC4/cyfitter_cfg.c **** #define CYCLOCKSTART_PLL_ERROR   3u
  87:.\Generated_Source\PSoC4/cyfitter_cfg.c **** 
  88:.\Generated_Source\PSoC4/cyfitter_cfg.c **** #ifdef CY_NEED_CYCLOCKSTARTUPERROR
  89:.\Generated_Source\PSoC4/cyfitter_cfg.c **** /*******************************************************************************
  90:.\Generated_Source\PSoC4/cyfitter_cfg.c **** * Function Name: CyClockStartupError
ARM GAS  C:\Users\sunyi\AppData\Local\Temp\ccgUxOIj.s 			page 3


  91:.\Generated_Source\PSoC4/cyfitter_cfg.c **** ********************************************************************************
  92:.\Generated_Source\PSoC4/cyfitter_cfg.c **** * Summary:
  93:.\Generated_Source\PSoC4/cyfitter_cfg.c **** *  If an error is encountered during clock configuration (crystal startup error,
  94:.\Generated_Source\PSoC4/cyfitter_cfg.c **** *  PLL lock error, etc.), the system will end up here.  Unless reimplemented by
  95:.\Generated_Source\PSoC4/cyfitter_cfg.c **** *  the customer, this function will stop in an infinite loop.
  96:.\Generated_Source\PSoC4/cyfitter_cfg.c **** *
  97:.\Generated_Source\PSoC4/cyfitter_cfg.c **** * Parameters:
  98:.\Generated_Source\PSoC4/cyfitter_cfg.c **** *   void
  99:.\Generated_Source\PSoC4/cyfitter_cfg.c **** *
 100:.\Generated_Source\PSoC4/cyfitter_cfg.c **** * Return:
 101:.\Generated_Source\PSoC4/cyfitter_cfg.c **** *   void
 102:.\Generated_Source\PSoC4/cyfitter_cfg.c **** *
 103:.\Generated_Source\PSoC4/cyfitter_cfg.c **** *******************************************************************************/
 104:.\Generated_Source\PSoC4/cyfitter_cfg.c **** CY_CFG_UNUSED
 105:.\Generated_Source\PSoC4/cyfitter_cfg.c **** static void CyClockStartupError(uint8 errorCode);
 106:.\Generated_Source\PSoC4/cyfitter_cfg.c **** CY_CFG_UNUSED
 107:.\Generated_Source\PSoC4/cyfitter_cfg.c **** static void CyClockStartupError(uint8 errorCode)
 108:.\Generated_Source\PSoC4/cyfitter_cfg.c **** {
 109:.\Generated_Source\PSoC4/cyfitter_cfg.c ****     /* To remove the compiler warning if errorCode not used.                */
 110:.\Generated_Source\PSoC4/cyfitter_cfg.c ****     errorCode = errorCode;
 111:.\Generated_Source\PSoC4/cyfitter_cfg.c **** 
 112:.\Generated_Source\PSoC4/cyfitter_cfg.c ****     /* `#START CyClockStartupError` */
 113:.\Generated_Source\PSoC4/cyfitter_cfg.c **** 
 114:.\Generated_Source\PSoC4/cyfitter_cfg.c ****     /* If we have a clock startup error (bad MHz crystal, PLL lock, etc.),  */
 115:.\Generated_Source\PSoC4/cyfitter_cfg.c ****     /* we will end up here to allow the customer to implement something to  */
 116:.\Generated_Source\PSoC4/cyfitter_cfg.c ****     /* deal with the clock condition.                                       */
 117:.\Generated_Source\PSoC4/cyfitter_cfg.c **** 
 118:.\Generated_Source\PSoC4/cyfitter_cfg.c ****     /* `#END` */
 119:.\Generated_Source\PSoC4/cyfitter_cfg.c **** 
 120:.\Generated_Source\PSoC4/cyfitter_cfg.c ****     /* If nothing else, stop here since the clocks have not started         */
 121:.\Generated_Source\PSoC4/cyfitter_cfg.c ****     /* correctly.                                                           */
 122:.\Generated_Source\PSoC4/cyfitter_cfg.c ****     while(1) {}
 123:.\Generated_Source\PSoC4/cyfitter_cfg.c **** }
 124:.\Generated_Source\PSoC4/cyfitter_cfg.c **** #endif
 125:.\Generated_Source\PSoC4/cyfitter_cfg.c **** 
 126:.\Generated_Source\PSoC4/cyfitter_cfg.c **** 
 127:.\Generated_Source\PSoC4/cyfitter_cfg.c **** 
 128:.\Generated_Source\PSoC4/cyfitter_cfg.c **** /*******************************************************************************
 129:.\Generated_Source\PSoC4/cyfitter_cfg.c **** * Function Name: ClockSetup
 130:.\Generated_Source\PSoC4/cyfitter_cfg.c **** ********************************************************************************
 131:.\Generated_Source\PSoC4/cyfitter_cfg.c **** *
 132:.\Generated_Source\PSoC4/cyfitter_cfg.c **** * Summary:
 133:.\Generated_Source\PSoC4/cyfitter_cfg.c **** *   Performs the initialization of all of the clocks in the device based on the
 134:.\Generated_Source\PSoC4/cyfitter_cfg.c **** *   settings in the Clock tab of the DWR.  This includes enabling the requested
 135:.\Generated_Source\PSoC4/cyfitter_cfg.c **** *   clocks and setting the necessary dividers to produce the desired frequency. 
 136:.\Generated_Source\PSoC4/cyfitter_cfg.c **** *
 137:.\Generated_Source\PSoC4/cyfitter_cfg.c **** * Parameters:
 138:.\Generated_Source\PSoC4/cyfitter_cfg.c **** *   void
 139:.\Generated_Source\PSoC4/cyfitter_cfg.c **** *
 140:.\Generated_Source\PSoC4/cyfitter_cfg.c **** * Return:
 141:.\Generated_Source\PSoC4/cyfitter_cfg.c **** *   void
 142:.\Generated_Source\PSoC4/cyfitter_cfg.c **** *
 143:.\Generated_Source\PSoC4/cyfitter_cfg.c **** *******************************************************************************/
 144:.\Generated_Source\PSoC4/cyfitter_cfg.c **** static void ClockSetup(void);
 145:.\Generated_Source\PSoC4/cyfitter_cfg.c **** CY_CFG_SECTION
 146:.\Generated_Source\PSoC4/cyfitter_cfg.c **** static void ClockSetup(void)
 147:.\Generated_Source\PSoC4/cyfitter_cfg.c **** {
ARM GAS  C:\Users\sunyi\AppData\Local\Temp\ccgUxOIj.s 			page 4


 148:.\Generated_Source\PSoC4/cyfitter_cfg.c **** 
 149:.\Generated_Source\PSoC4/cyfitter_cfg.c **** 	/* Set Flash Cycles based on max possible frequency in case a glitch occurs during ClockSetup(). *
 150:.\Generated_Source\PSoC4/cyfitter_cfg.c **** 	CY_SET_REG32((void CYXDATA *)(CYREG_CPUSS_FLASH_CTL), (0x0012u));
 151:.\Generated_Source\PSoC4/cyfitter_cfg.c **** 
 152:.\Generated_Source\PSoC4/cyfitter_cfg.c **** 	/* Start the WCO */
 153:.\Generated_Source\PSoC4/cyfitter_cfg.c **** 	CySysClkWcoStart();
 154:.\Generated_Source\PSoC4/cyfitter_cfg.c **** 	CyDelayCycles(12000000u); /* WCO may take up to 500ms to start */
 155:.\Generated_Source\PSoC4/cyfitter_cfg.c **** 	(void)CySysClkWcoSetPowerMode(CY_SYS_CLK_WCO_LPM);    /* Switch to the low power mode */
 156:.\Generated_Source\PSoC4/cyfitter_cfg.c **** 
 157:.\Generated_Source\PSoC4/cyfitter_cfg.c **** 	/* Setup and trim IMO based on desired frequency. */
 158:.\Generated_Source\PSoC4/cyfitter_cfg.c **** 	CySysClkWriteImoFreq(48u);
 159:.\Generated_Source\PSoC4/cyfitter_cfg.c **** 	/* CYDEV_CLK_ILO_CONFIG Starting address: CYDEV_CLK_ILO_CONFIG */
 160:.\Generated_Source\PSoC4/cyfitter_cfg.c **** 	CY_SET_XTND_REG32((void CYFAR *)(CYREG_CLK_ILO_CONFIG), 0x80000006u);
 161:.\Generated_Source\PSoC4/cyfitter_cfg.c **** 
 162:.\Generated_Source\PSoC4/cyfitter_cfg.c **** 	/* CYDEV_WDT_CONFIG Starting address: CYDEV_WDT_CONFIG */
 163:.\Generated_Source\PSoC4/cyfitter_cfg.c **** 	CY_SET_XTND_REG32((void CYFAR *)(CYREG_WDT_CONFIG), 0x40000000u);
 164:.\Generated_Source\PSoC4/cyfitter_cfg.c **** 
 165:.\Generated_Source\PSoC4/cyfitter_cfg.c **** 
 166:.\Generated_Source\PSoC4/cyfitter_cfg.c **** 	/* Enable fast start mode for XO */
 167:.\Generated_Source\PSoC4/cyfitter_cfg.c **** 	CY_SET_REG32((void*)CYREG_BLE_BLERD_BB_XO, CY_GET_REG32((void*)CYREG_BLE_BLERD_BB_XO) | (uint32)0x
 168:.\Generated_Source\PSoC4/cyfitter_cfg.c **** 	CY_SET_XTND_REG32((void CYFAR *)(CYREG_BLE_BLERD_BB_XO_CAPTRIM), 0x00003E2Du);
 169:.\Generated_Source\PSoC4/cyfitter_cfg.c **** 	/* Disable Crystal Stable Interrupt before enabling ECO */
 170:.\Generated_Source\PSoC4/cyfitter_cfg.c **** 	CY_SET_REG32((void*)CYREG_BLE_BLESS_LL_DSM_CTRL, CY_GET_REG32((void*)CYREG_BLE_BLESS_LL_DSM_CTRL) 
 171:.\Generated_Source\PSoC4/cyfitter_cfg.c **** 	/* Start the ECO and do not check status since it is not needed for HFCLK */
 172:.\Generated_Source\PSoC4/cyfitter_cfg.c **** 	(void)CySysClkEcoStart(2000u);
 173:.\Generated_Source\PSoC4/cyfitter_cfg.c **** 	CyDelayUs(1500u); /* Wait to stabalize */
 174:.\Generated_Source\PSoC4/cyfitter_cfg.c **** 
 175:.\Generated_Source\PSoC4/cyfitter_cfg.c **** 	/* Setup phase aligned clocks */
 176:.\Generated_Source\PSoC4/cyfitter_cfg.c **** 
 177:.\Generated_Source\PSoC4/cyfitter_cfg.c **** 	/* CYDEV_CLK_IMO_CONFIG Starting address: CYDEV_CLK_IMO_CONFIG */
 178:.\Generated_Source\PSoC4/cyfitter_cfg.c **** 	CY_SET_XTND_REG32((void CYFAR *)(CYREG_CLK_IMO_CONFIG), 0x80000000u);
 179:.\Generated_Source\PSoC4/cyfitter_cfg.c **** 
 180:.\Generated_Source\PSoC4/cyfitter_cfg.c **** 	/* CYDEV_CLK_SELECT Starting address: CYDEV_CLK_SELECT */
 181:.\Generated_Source\PSoC4/cyfitter_cfg.c **** 	CY_SET_XTND_REG32((void CYFAR *)(CYREG_CLK_SELECT), 0x00040000u);
 182:.\Generated_Source\PSoC4/cyfitter_cfg.c **** 
 183:.\Generated_Source\PSoC4/cyfitter_cfg.c **** 	(void)CyIntSetVector(8u, &CySysWdtIsr);
 184:.\Generated_Source\PSoC4/cyfitter_cfg.c **** 	CyIntEnable(8u);
 185:.\Generated_Source\PSoC4/cyfitter_cfg.c **** 	CY_SET_XTND_REG32((void CYFAR *)(CYREG_WDT_CONFIG), 0x40000000u);
 186:.\Generated_Source\PSoC4/cyfitter_cfg.c **** }
 187:.\Generated_Source\PSoC4/cyfitter_cfg.c **** 
 188:.\Generated_Source\PSoC4/cyfitter_cfg.c **** 
 189:.\Generated_Source\PSoC4/cyfitter_cfg.c **** /* Analog API Functions */
 190:.\Generated_Source\PSoC4/cyfitter_cfg.c **** 
 191:.\Generated_Source\PSoC4/cyfitter_cfg.c **** 
 192:.\Generated_Source\PSoC4/cyfitter_cfg.c **** /*******************************************************************************
 193:.\Generated_Source\PSoC4/cyfitter_cfg.c **** * Function Name: AnalogSetDefault
 194:.\Generated_Source\PSoC4/cyfitter_cfg.c **** ********************************************************************************
 195:.\Generated_Source\PSoC4/cyfitter_cfg.c **** *
 196:.\Generated_Source\PSoC4/cyfitter_cfg.c **** * Summary:
 197:.\Generated_Source\PSoC4/cyfitter_cfg.c **** *  Sets up the analog portions of the chip to default values based on chip
 198:.\Generated_Source\PSoC4/cyfitter_cfg.c **** *  configuration options from the project.
 199:.\Generated_Source\PSoC4/cyfitter_cfg.c **** *
 200:.\Generated_Source\PSoC4/cyfitter_cfg.c **** * Parameters:
 201:.\Generated_Source\PSoC4/cyfitter_cfg.c **** *  void
 202:.\Generated_Source\PSoC4/cyfitter_cfg.c **** *
 203:.\Generated_Source\PSoC4/cyfitter_cfg.c **** * Return:
 204:.\Generated_Source\PSoC4/cyfitter_cfg.c **** *  void
ARM GAS  C:\Users\sunyi\AppData\Local\Temp\ccgUxOIj.s 			page 5


 205:.\Generated_Source\PSoC4/cyfitter_cfg.c **** *
 206:.\Generated_Source\PSoC4/cyfitter_cfg.c **** *******************************************************************************/
 207:.\Generated_Source\PSoC4/cyfitter_cfg.c **** static void AnalogSetDefault(void);
 208:.\Generated_Source\PSoC4/cyfitter_cfg.c **** static void AnalogSetDefault(void)
 209:.\Generated_Source\PSoC4/cyfitter_cfg.c **** {
  25              		.loc 1 209 0
  26              		.cfi_startproc
 210:.\Generated_Source\PSoC4/cyfitter_cfg.c **** 	CY_SET_XTND_REG32((void CYFAR *)CYREG_CTBM0_DFT_CTRL, 0x00000003u);
  27              		.loc 1 210 0
  28 0000 0323     		mov	r3, #3
  29 0002 044A     		ldr	r2, .L2
  30 0004 1360     		str	r3, [r2]
 211:.\Generated_Source\PSoC4/cyfitter_cfg.c **** 	CY_SET_XTND_REG32((void CYFAR *)CYREG_CTBM1_DFT_CTRL, 0x00000003u);
  31              		.loc 1 211 0
  32 0006 044A     		ldr	r2, .L2+4
  33 0008 1360     		str	r3, [r2]
 212:.\Generated_Source\PSoC4/cyfitter_cfg.c **** 	CY_SET_XTND_REG32((void CYFAR *)CYREG_PASS_DSAB_DSAB_CTRL, 0x00000000u);
  34              		.loc 1 212 0
  35 000a 0022     		mov	r2, #0
  36 000c 034B     		ldr	r3, .L2+8
  37 000e 1A60     		str	r2, [r3]
 213:.\Generated_Source\PSoC4/cyfitter_cfg.c **** }
  38              		.loc 1 213 0
  39              		@ sp needed
  40 0010 7047     		bx	lr
  41              	.L3:
  42 0012 C046     		.align	2
  43              	.L2:
  44 0014 30003040 		.word	1076887600
  45 0018 30003140 		.word	1076953136
  46 001c 000E3F40 		.word	1077874176
  47              		.cfi_endproc
  48              	.LFE6:
  49              		.size	AnalogSetDefault, .-AnalogSetDefault
  50              		.section	.text.CYMEMZERO,"ax",%progbits
  51              		.align	2
  52              		.code	16
  53              		.thumb_func
  54              		.type	CYMEMZERO, %function
  55              	CYMEMZERO:
  56              	.LFB2:
  62:.\Generated_Source\PSoC4/cyfitter_cfg.c **** 	(void)memset(s, 0, n);
  57              		.loc 1 62 0
  58              		.cfi_startproc
  59              	.LVL0:
  60 0000 08B5     		push	{r3, lr}
  61              		.cfi_def_cfa_offset 8
  62              		.cfi_offset 3, -8
  63              		.cfi_offset 14, -4
  64 0002 0A1C     		mov	r2, r1
  63:.\Generated_Source\PSoC4/cyfitter_cfg.c **** }
  65              		.loc 1 63 0
  66 0004 0021     		mov	r1, #0
  67              	.LVL1:
  68 0006 FFF7FEFF 		bl	memset
  69              	.LVL2:
  64:.\Generated_Source\PSoC4/cyfitter_cfg.c **** CY_CFG_UNUSED
ARM GAS  C:\Users\sunyi\AppData\Local\Temp\ccgUxOIj.s 			page 6


  70              		.loc 1 64 0
  71              		@ sp needed
  72 000a 08BD     		pop	{r3, pc}
  73              		.cfi_endproc
  74              	.LFE2:
  75              		.size	CYMEMZERO, .-CYMEMZERO
  76              		.section	.psocinit,"ax",%progbits
  77              		.align	2
  78              		.code	16
  79              		.thumb_func
  80              		.type	ClockSetup, %function
  81              	ClockSetup:
  82              	.LFB5:
 147:.\Generated_Source\PSoC4/cyfitter_cfg.c **** 
  83              		.loc 1 147 0
  84              		.cfi_startproc
  85 0000 38B5     		push	{r3, r4, r5, lr}
  86              		.cfi_def_cfa_offset 16
  87              		.cfi_offset 3, -16
  88              		.cfi_offset 4, -12
  89              		.cfi_offset 5, -8
  90              		.cfi_offset 14, -4
 150:.\Generated_Source\PSoC4/cyfitter_cfg.c **** 
  91              		.loc 1 150 0
  92 0002 1222     		mov	r2, #18
  93 0004 1C4B     		ldr	r3, .L6
  94 0006 1A60     		str	r2, [r3]
 153:.\Generated_Source\PSoC4/cyfitter_cfg.c **** 	CyDelayCycles(12000000u); /* WCO may take up to 500ms to start */
  95              		.loc 1 153 0
  96 0008 FFF7FEFF 		bl	CySysClkWcoStart
  97              	.LVL3:
 154:.\Generated_Source\PSoC4/cyfitter_cfg.c **** 	(void)CySysClkWcoSetPowerMode(CY_SYS_CLK_WCO_LPM);    /* Switch to the low power mode */
  98              		.loc 1 154 0
  99 000c 1B48     		ldr	r0, .L6+4
 100 000e FFF7FEFF 		bl	CyDelayCycles
 101              	.LVL4:
 155:.\Generated_Source\PSoC4/cyfitter_cfg.c **** 
 102              		.loc 1 155 0
 103 0012 0120     		mov	r0, #1
 104 0014 FFF7FEFF 		bl	CySysClkWcoSetPowerMode
 105              	.LVL5:
 158:.\Generated_Source\PSoC4/cyfitter_cfg.c **** 	/* CYDEV_CLK_ILO_CONFIG Starting address: CYDEV_CLK_ILO_CONFIG */
 106              		.loc 1 158 0
 107 0018 3020     		mov	r0, #48
 108 001a FFF7FEFF 		bl	CySysClkWriteImoFreq
 109              	.LVL6:
 160:.\Generated_Source\PSoC4/cyfitter_cfg.c **** 
 110              		.loc 1 160 0
 111 001e 184A     		ldr	r2, .L6+8
 112 0020 184B     		ldr	r3, .L6+12
 113 0022 1A60     		str	r2, [r3]
 163:.\Generated_Source\PSoC4/cyfitter_cfg.c **** 
 114              		.loc 1 163 0
 115 0024 184C     		ldr	r4, .L6+16
 116 0026 8025     		mov	r5, #128
 117 0028 ED05     		lsl	r5, r5, #23
 118 002a 2560     		str	r5, [r4]
ARM GAS  C:\Users\sunyi\AppData\Local\Temp\ccgUxOIj.s 			page 7


 167:.\Generated_Source\PSoC4/cyfitter_cfg.c **** 	CY_SET_XTND_REG32((void CYFAR *)(CYREG_BLE_BLERD_BB_XO_CAPTRIM), 0x00003E2Du);
 119              		.loc 1 167 0
 120 002c 174A     		ldr	r2, .L6+20
 121 002e 1168     		ldr	r1, [r2]
 122 0030 0223     		mov	r3, #2
 123 0032 0B43     		orr	r3, r1
 124 0034 1360     		str	r3, [r2]
 168:.\Generated_Source\PSoC4/cyfitter_cfg.c **** 	/* Disable Crystal Stable Interrupt before enabling ECO */
 125              		.loc 1 168 0
 126 0036 164A     		ldr	r2, .L6+24
 127 0038 164B     		ldr	r3, .L6+28
 128 003a 1A60     		str	r2, [r3]
 170:.\Generated_Source\PSoC4/cyfitter_cfg.c **** 	/* Start the ECO and do not check status since it is not needed for HFCLK */
 129              		.loc 1 170 0
 130 003c 164A     		ldr	r2, .L6+32
 131 003e 1368     		ldr	r3, [r2]
 132 0040 0821     		mov	r1, #8
 133 0042 8B43     		bic	r3, r1
 134 0044 1360     		str	r3, [r2]
 172:.\Generated_Source\PSoC4/cyfitter_cfg.c **** 	CyDelayUs(1500u); /* Wait to stabalize */
 135              		.loc 1 172 0
 136 0046 FA20     		mov	r0, #250
 137 0048 C000     		lsl	r0, r0, #3
 138 004a FFF7FEFF 		bl	CySysClkEcoStart
 139              	.LVL7:
 173:.\Generated_Source\PSoC4/cyfitter_cfg.c **** 
 140              		.loc 1 173 0
 141 004e 1348     		ldr	r0, .L6+36
 142 0050 FFF7FEFF 		bl	CyDelayUs
 143              	.LVL8:
 178:.\Generated_Source\PSoC4/cyfitter_cfg.c **** 
 144              		.loc 1 178 0
 145 0054 8022     		mov	r2, #128
 146 0056 1206     		lsl	r2, r2, #24
 147 0058 114B     		ldr	r3, .L6+40
 148 005a 1A60     		str	r2, [r3]
 181:.\Generated_Source\PSoC4/cyfitter_cfg.c **** 
 149              		.loc 1 181 0
 150 005c 8022     		mov	r2, #128
 151 005e D202     		lsl	r2, r2, #11
 152 0060 104B     		ldr	r3, .L6+44
 153 0062 1A60     		str	r2, [r3]
 183:.\Generated_Source\PSoC4/cyfitter_cfg.c **** 	CyIntEnable(8u);
 154              		.loc 1 183 0
 155 0064 0820     		mov	r0, #8
 156 0066 1049     		ldr	r1, .L6+48
 157 0068 FFF7FEFF 		bl	CyIntSetVector
 158              	.LVL9:
 184:.\Generated_Source\PSoC4/cyfitter_cfg.c **** 	CY_SET_XTND_REG32((void CYFAR *)(CYREG_WDT_CONFIG), 0x40000000u);
 159              		.loc 1 184 0
 160 006c 0820     		mov	r0, #8
 161 006e FFF7FEFF 		bl	CyIntEnable
 162              	.LVL10:
 185:.\Generated_Source\PSoC4/cyfitter_cfg.c **** }
 163              		.loc 1 185 0
 164 0072 2560     		str	r5, [r4]
 186:.\Generated_Source\PSoC4/cyfitter_cfg.c **** 
ARM GAS  C:\Users\sunyi\AppData\Local\Temp\ccgUxOIj.s 			page 8


 165              		.loc 1 186 0
 166              		@ sp needed
 167 0074 38BD     		pop	{r3, r4, r5, pc}
 168              	.L7:
 169 0076 C046     		.align	2
 170              	.L6:
 171 0078 30001040 		.word	1074790448
 172 007c 001BB700 		.word	12000000
 173 0080 06000080 		.word	-2147483642
 174 0084 04010B40 		.word	1074462980
 175 0088 0C020B40 		.word	1074463244
 176 008c 78002E40 		.word	1076756600
 177 0090 2D3E0000 		.word	15917
 178 0094 7C002E40 		.word	1076756604
 179 0098 6CF02E40 		.word	1076818028
 180 009c DC050000 		.word	1500
 181 00a0 08010B40 		.word	1074462984
 182 00a4 00010B40 		.word	1074462976
 183 00a8 00000000 		.word	CySysWdtIsr
 184              		.cfi_endproc
 185              	.LFE5:
 186              		.size	ClockSetup, .-ClockSetup
 187              		.align	2
 188              		.global	cyfitter_cfg
 189              		.code	16
 190              		.thumb_func
 191              		.type	cyfitter_cfg, %function
 192              	cyfitter_cfg:
 193              	.LFB7:
 214:.\Generated_Source\PSoC4/cyfitter_cfg.c **** 
 215:.\Generated_Source\PSoC4/cyfitter_cfg.c **** #define CY_AMUX_UNUSED CYREG_CM0_ROM_DWT
 216:.\Generated_Source\PSoC4/cyfitter_cfg.c **** 
 217:.\Generated_Source\PSoC4/cyfitter_cfg.c **** 
 218:.\Generated_Source\PSoC4/cyfitter_cfg.c **** /*******************************************************************************
 219:.\Generated_Source\PSoC4/cyfitter_cfg.c **** * Function Name: cyfitter_cfg
 220:.\Generated_Source\PSoC4/cyfitter_cfg.c **** ********************************************************************************
 221:.\Generated_Source\PSoC4/cyfitter_cfg.c **** * Summary:
 222:.\Generated_Source\PSoC4/cyfitter_cfg.c **** *  This function is called by the start-up code for the selected device. It
 223:.\Generated_Source\PSoC4/cyfitter_cfg.c **** *  performs all of the necessary device configuration based on the design
 224:.\Generated_Source\PSoC4/cyfitter_cfg.c **** *  settings.  This includes settings from the Design Wide Resources (DWR) such
 225:.\Generated_Source\PSoC4/cyfitter_cfg.c **** *  as Clocks and Pins as well as any component configuration that is necessary.
 226:.\Generated_Source\PSoC4/cyfitter_cfg.c **** *
 227:.\Generated_Source\PSoC4/cyfitter_cfg.c **** * Parameters:  
 228:.\Generated_Source\PSoC4/cyfitter_cfg.c **** *   void
 229:.\Generated_Source\PSoC4/cyfitter_cfg.c **** *
 230:.\Generated_Source\PSoC4/cyfitter_cfg.c **** * Return:
 231:.\Generated_Source\PSoC4/cyfitter_cfg.c **** *   void
 232:.\Generated_Source\PSoC4/cyfitter_cfg.c **** *
 233:.\Generated_Source\PSoC4/cyfitter_cfg.c **** *******************************************************************************/
 234:.\Generated_Source\PSoC4/cyfitter_cfg.c **** CY_CFG_SECTION
 235:.\Generated_Source\PSoC4/cyfitter_cfg.c **** void cyfitter_cfg(void)
 236:.\Generated_Source\PSoC4/cyfitter_cfg.c **** {
 194              		.loc 1 236 0
 195              		.cfi_startproc
 196 00ac 10B5     		push	{r4, lr}
 197              		.cfi_def_cfa_offset 8
 198              		.cfi_offset 4, -8
ARM GAS  C:\Users\sunyi\AppData\Local\Temp\ccgUxOIj.s 			page 9


 199              		.cfi_offset 14, -4
 237:.\Generated_Source\PSoC4/cyfitter_cfg.c **** 	/* Disable interrupts by default. Let user enable if/when they want. */
 238:.\Generated_Source\PSoC4/cyfitter_cfg.c **** 	CyGlobalIntDisable;
 200              		.loc 1 238 0
 201              	@ 238 ".\Generated_Source\PSoC4\cyfitter_cfg.c" 1
 202 00ae 72B6     		CPSID   i
 203              	@ 0 "" 2
 239:.\Generated_Source\PSoC4/cyfitter_cfg.c **** 
 240:.\Generated_Source\PSoC4/cyfitter_cfg.c **** 	CY_SET_XTND_REG32((void CYFAR *)(CYREG_BLE_BLESS_LL_DSM_CTRL), 0x00000000u);
 204              		.loc 1 240 0
 205              		.code	16
 206 00b0 0022     		mov	r2, #0
 207 00b2 1F4B     		ldr	r3, .L11
 208 00b4 1A60     		str	r2, [r3]
 209              	.LVL11:
 210              	.LBB2:
 241:.\Generated_Source\PSoC4/cyfitter_cfg.c **** 
 242:.\Generated_Source\PSoC4/cyfitter_cfg.c **** 	{
 243:.\Generated_Source\PSoC4/cyfitter_cfg.c **** 
 244:.\Generated_Source\PSoC4/cyfitter_cfg.c **** 		CYPACKED typedef struct {
 245:.\Generated_Source\PSoC4/cyfitter_cfg.c **** 			void CYFAR *address;
 246:.\Generated_Source\PSoC4/cyfitter_cfg.c **** 			uint16 size;
 247:.\Generated_Source\PSoC4/cyfitter_cfg.c **** 		} CYPACKED_ATTR cfg_memset_t;
 248:.\Generated_Source\PSoC4/cyfitter_cfg.c **** 
 249:.\Generated_Source\PSoC4/cyfitter_cfg.c **** 		static const cfg_memset_t CYCODE cfg_memset_list [] = {
 250:.\Generated_Source\PSoC4/cyfitter_cfg.c **** 			/* address, size */
 251:.\Generated_Source\PSoC4/cyfitter_cfg.c **** 			{(void CYFAR *)(CYDEV_UDB_P0_U0_BASE), 1024u},
 252:.\Generated_Source\PSoC4/cyfitter_cfg.c **** 			{(void CYFAR *)(CYDEV_UDB_DSI0_BASE), 1024u},
 253:.\Generated_Source\PSoC4/cyfitter_cfg.c **** 		};
 254:.\Generated_Source\PSoC4/cyfitter_cfg.c **** 
 255:.\Generated_Source\PSoC4/cyfitter_cfg.c **** 		uint8 CYDATA i;
 256:.\Generated_Source\PSoC4/cyfitter_cfg.c **** 
 257:.\Generated_Source\PSoC4/cyfitter_cfg.c **** 		/* Zero out critical memory blocks before beginning configuration */
 258:.\Generated_Source\PSoC4/cyfitter_cfg.c **** 		for (i = 0u; i < (sizeof(cfg_memset_list)/sizeof(cfg_memset_list[0])); i++)
 211              		.loc 1 258 0
 212 00b6 0024     		mov	r4, #0
 213 00b8 10E0     		b	.L9
 214              	.LVL12:
 215              	.L10:
 216              	.LBB3:
 259:.\Generated_Source\PSoC4/cyfitter_cfg.c **** 		{
 260:.\Generated_Source\PSoC4/cyfitter_cfg.c **** 			const cfg_memset_t CYCODE * CYDATA ms = &cfg_memset_list[i];
 261:.\Generated_Source\PSoC4/cyfitter_cfg.c **** 			CYMEMZERO(ms->address, (size_t)(uint32)(ms->size));
 217              		.loc 1 261 0 discriminator 3
 218 00ba 1E48     		ldr	r0, .L11+4
 219 00bc 6300     		lsl	r3, r4, #1
 220 00be 1A19     		add	r2, r3, r4
 221 00c0 5200     		lsl	r2, r2, #1
 222 00c2 8218     		add	r2, r0, r2
 223 00c4 9188     		ldrh	r1, [r2, #4]
 224 00c6 1B19     		add	r3, r3, r4
 225 00c8 5B00     		lsl	r3, r3, #1
 226 00ca 1A5A     		ldrh	r2, [r3, r0]
 227 00cc C318     		add	r3, r0, r3
 228 00ce 5888     		ldrh	r0, [r3, #2]
 229 00d0 0004     		lsl	r0, r0, #16
 230 00d2 1043     		orr	r0, r2
ARM GAS  C:\Users\sunyi\AppData\Local\Temp\ccgUxOIj.s 			page 10


 231 00d4 FFF7FEFF 		bl	CYMEMZERO
 232              	.LVL13:
 233              	.LBE3:
 258:.\Generated_Source\PSoC4/cyfitter_cfg.c **** 		{
 234              		.loc 1 258 0 discriminator 3
 235 00d8 0134     		add	r4, r4, #1
 236              	.LVL14:
 237 00da E4B2     		uxtb	r4, r4
 238              	.LVL15:
 239              	.L9:
 258:.\Generated_Source\PSoC4/cyfitter_cfg.c **** 		{
 240              		.loc 1 258 0 is_stmt 0 discriminator 1
 241 00dc 012C     		cmp	r4, #1
 242 00de ECD9     		bls	.L10
 262:.\Generated_Source\PSoC4/cyfitter_cfg.c **** 		}
 263:.\Generated_Source\PSoC4/cyfitter_cfg.c **** 
 264:.\Generated_Source\PSoC4/cyfitter_cfg.c **** 		/* HSIOM Starting address: CYDEV_HSIOM_BASE */
 265:.\Generated_Source\PSoC4/cyfitter_cfg.c **** 		CY_SET_XTND_REG32((void CYFAR *)(CYDEV_HSIOM_BASE), 0xEE000000u);
 243              		.loc 1 265 0 is_stmt 1
 244 00e0 EE22     		mov	r2, #238
 245 00e2 1206     		lsl	r2, r2, #24
 246 00e4 144B     		ldr	r3, .L11+8
 247 00e6 1A60     		str	r2, [r3]
 266:.\Generated_Source\PSoC4/cyfitter_cfg.c **** 
 267:.\Generated_Source\PSoC4/cyfitter_cfg.c **** 		/* UDB_PA_0 Starting address: CYDEV_UDB_PA0_BASE */
 268:.\Generated_Source\PSoC4/cyfitter_cfg.c **** 		CY_SET_XTND_REG32((void CYFAR *)(CYDEV_UDB_PA0_BASE), 0x00990000u);
 248              		.loc 1 268 0
 249 00e8 9923     		mov	r3, #153
 250 00ea 1B04     		lsl	r3, r3, #16
 251 00ec 134A     		ldr	r2, .L11+12
 252 00ee 1360     		str	r3, [r2]
 269:.\Generated_Source\PSoC4/cyfitter_cfg.c **** 
 270:.\Generated_Source\PSoC4/cyfitter_cfg.c **** 		/* UDB_PA_3 Starting address: CYDEV_UDB_PA3_BASE */
 271:.\Generated_Source\PSoC4/cyfitter_cfg.c **** 		CY_SET_XTND_REG32((void CYFAR *)(CYDEV_UDB_PA3_BASE), 0x00990000u);
 253              		.loc 1 271 0
 254 00f0 134A     		ldr	r2, .L11+16
 255 00f2 1360     		str	r3, [r2]
 272:.\Generated_Source\PSoC4/cyfitter_cfg.c **** 
 273:.\Generated_Source\PSoC4/cyfitter_cfg.c **** 		/* Enable digital routing */
 274:.\Generated_Source\PSoC4/cyfitter_cfg.c **** 		CY_SET_XTND_REG8((void *)CYREG_UDB_UDBIF_BANK_CTL, CY_GET_XTND_REG8((void *)CYREG_UDB_UDBIF_BANK_
 256              		.loc 1 274 0
 257 00f4 134B     		ldr	r3, .L11+20
 258 00f6 1978     		ldrb	r1, [r3]
 259 00f8 0222     		mov	r2, #2
 260 00fa 0A43     		orr	r2, r1
 261 00fc 1A70     		strb	r2, [r3]
 275:.\Generated_Source\PSoC4/cyfitter_cfg.c **** 
 276:.\Generated_Source\PSoC4/cyfitter_cfg.c **** 		/* Enable UDB array */
 277:.\Generated_Source\PSoC4/cyfitter_cfg.c **** 		CY_SET_XTND_REG8((void *)CYREG_UDB_UDBIF_WAIT_CFG, (uint8)((CY_GET_XTND_REG8((void *)CYREG_UDB_UD
 262              		.loc 1 277 0
 263 00fe 1248     		ldr	r0, .L11+24
 264 0100 0278     		ldrb	r2, [r0]
 265 0102 3C21     		mov	r1, #60
 266 0104 8A43     		bic	r2, r1
 267 0106 2839     		sub	r1, r1, #40
 268 0108 0A43     		orr	r2, r1
 269 010a 0270     		strb	r2, [r0]
ARM GAS  C:\Users\sunyi\AppData\Local\Temp\ccgUxOIj.s 			page 11


 278:.\Generated_Source\PSoC4/cyfitter_cfg.c **** 		CY_SET_XTND_REG8((void *)CYREG_UDB_UDBIF_BANK_CTL, (uint8)(CY_GET_XTND_REG8((void *)CYREG_UDB_UDB
 270              		.loc 1 278 0
 271 010c 1978     		ldrb	r1, [r3]
 272 010e 1622     		mov	r2, #22
 273 0110 0A43     		orr	r2, r1
 274 0112 1A70     		strb	r2, [r3]
 275              	.LBE2:
 279:.\Generated_Source\PSoC4/cyfitter_cfg.c **** 	}
 280:.\Generated_Source\PSoC4/cyfitter_cfg.c **** 
 281:.\Generated_Source\PSoC4/cyfitter_cfg.c **** 	/* Perform second pass device configuration. These items must be configured in specific order afte
 282:.\Generated_Source\PSoC4/cyfitter_cfg.c **** 	/* IOPINS0_0 Starting address: CYDEV_GPIO_PRT0_BASE */
 283:.\Generated_Source\PSoC4/cyfitter_cfg.c **** 	CY_SET_XTND_REG32((void CYFAR *)(CYREG_GPIO_PRT0_PC), 0x00D80000u);
 276              		.loc 1 283 0
 277 0114 D822     		mov	r2, #216
 278 0116 1204     		lsl	r2, r2, #16
 279 0118 0C4B     		ldr	r3, .L11+28
 280 011a 1A60     		str	r2, [r3]
 284:.\Generated_Source\PSoC4/cyfitter_cfg.c **** 
 285:.\Generated_Source\PSoC4/cyfitter_cfg.c **** 	/* IOPINS0_3 Starting address: CYDEV_GPIO_PRT3_BASE */
 286:.\Generated_Source\PSoC4/cyfitter_cfg.c **** 	CY_SET_XTND_REG32((void CYFAR *)(CYREG_GPIO_PRT3_PC), 0x00C00000u);
 281              		.loc 1 286 0
 282 011c C022     		mov	r2, #192
 283 011e 1204     		lsl	r2, r2, #16
 284 0120 0B4B     		ldr	r3, .L11+32
 285 0122 1A60     		str	r2, [r3]
 287:.\Generated_Source\PSoC4/cyfitter_cfg.c **** 
 288:.\Generated_Source\PSoC4/cyfitter_cfg.c **** 
 289:.\Generated_Source\PSoC4/cyfitter_cfg.c **** 	/* Setup clocks based on selections from Clock DWR */
 290:.\Generated_Source\PSoC4/cyfitter_cfg.c **** 	ClockSetup();
 286              		.loc 1 290 0
 287 0124 FFF76CFF 		bl	ClockSetup
 288              	.LVL16:
 291:.\Generated_Source\PSoC4/cyfitter_cfg.c **** 
 292:.\Generated_Source\PSoC4/cyfitter_cfg.c **** 	/* Perform basic analog initialization to defaults */
 293:.\Generated_Source\PSoC4/cyfitter_cfg.c **** 	AnalogSetDefault();
 289              		.loc 1 293 0
 290 0128 FFF7FEFF 		bl	AnalogSetDefault
 291              	.LVL17:
 294:.\Generated_Source\PSoC4/cyfitter_cfg.c **** 
 295:.\Generated_Source\PSoC4/cyfitter_cfg.c **** }
 292              		.loc 1 295 0
 293              		@ sp needed
 294              	.LVL18:
 295 012c 10BD     		pop	{r4, pc}
 296              	.L12:
 297 012e C046     		.align	2
 298              	.L11:
 299 0130 6CF02E40 		.word	1076818028
 300 0134 00000000 		.word	.LANCHOR0
 301 0138 00000240 		.word	1073872896
 302 013c 00500F40 		.word	1074745344
 303 0140 30500F40 		.word	1074745392
 304 0144 00700F40 		.word	1074753536
 305 0148 01700F40 		.word	1074753537
 306 014c 08000440 		.word	1074003976
 307 0150 08030440 		.word	1074004744
 308              		.cfi_endproc
ARM GAS  C:\Users\sunyi\AppData\Local\Temp\ccgUxOIj.s 			page 12


 309              	.LFE7:
 310              		.size	cyfitter_cfg, .-cyfitter_cfg
 311              		.section	.rodata
 312              		.align	2
 313              		.set	.LANCHOR0,. + 0
 314              		.type	cfg_memset_list.4758, %object
 315              		.size	cfg_memset_list.4758, 12
 316              	cfg_memset_list.4758:
 317 0000 00300F40 		.word	1074737152
 318 0004 0004     		.short	1024
 319 0006 00400F40 		.4byte	1074741248
 320 000a 0004     		.short	1024
 321              		.text
 322              	.Letext0:
 323              		.file 2 "c:\\9047software\\psoc creator\\3.3\\psoc creator\\import\\gnu\\arm\\4.9.3\\lib\\gcc\\arm
 324              		.file 3 ".\\Generated_Source\\PSoC4\\cytypes.h"
 325              		.file 4 ".\\Generated_Source\\PSoC4\\CyLib.h"
 326              		.file 5 ".\\Generated_Source\\PSoC4\\CyLFClk.h"
 327              		.section	.debug_info,"",%progbits
 328              	.Ldebug_info0:
 329 0000 67030000 		.4byte	0x367
 330 0004 0400     		.2byte	0x4
 331 0006 00000000 		.4byte	.Ldebug_abbrev0
 332 000a 04       		.byte	0x4
 333 000b 01       		.uleb128 0x1
 334 000c B5010000 		.4byte	.LASF34
 335 0010 01       		.byte	0x1
 336 0011 56010000 		.4byte	.LASF35
 337 0015 43020000 		.4byte	.LASF36
 338 0019 00000000 		.4byte	.Ldebug_ranges0+0
 339 001d 00000000 		.4byte	0
 340 0021 00000000 		.4byte	.Ldebug_line0
 341 0025 02       		.uleb128 0x2
 342 0026 04       		.byte	0x4
 343 0027 05       		.byte	0x5
 344 0028 696E7400 		.ascii	"int\000"
 345 002c 03       		.uleb128 0x3
 346 002d 14000000 		.4byte	.LASF11
 347 0031 02       		.byte	0x2
 348 0032 D4       		.byte	0xd4
 349 0033 37000000 		.4byte	0x37
 350 0037 04       		.uleb128 0x4
 351 0038 04       		.byte	0x4
 352 0039 07       		.byte	0x7
 353 003a 03010000 		.4byte	.LASF0
 354 003e 04       		.uleb128 0x4
 355 003f 01       		.byte	0x1
 356 0040 06       		.byte	0x6
 357 0041 9A020000 		.4byte	.LASF1
 358 0045 04       		.uleb128 0x4
 359 0046 01       		.byte	0x1
 360 0047 08       		.byte	0x8
 361 0048 C4000000 		.4byte	.LASF2
 362 004c 04       		.uleb128 0x4
 363 004d 02       		.byte	0x2
 364 004e 05       		.byte	0x5
 365 004f 72020000 		.4byte	.LASF3
ARM GAS  C:\Users\sunyi\AppData\Local\Temp\ccgUxOIj.s 			page 13


 366 0053 04       		.uleb128 0x4
 367 0054 02       		.byte	0x2
 368 0055 07       		.byte	0x7
 369 0056 56000000 		.4byte	.LASF4
 370 005a 04       		.uleb128 0x4
 371 005b 04       		.byte	0x4
 372 005c 05       		.byte	0x5
 373 005d 91020000 		.4byte	.LASF5
 374 0061 04       		.uleb128 0x4
 375 0062 04       		.byte	0x4
 376 0063 07       		.byte	0x7
 377 0064 91000000 		.4byte	.LASF6
 378 0068 04       		.uleb128 0x4
 379 0069 08       		.byte	0x8
 380 006a 05       		.byte	0x5
 381 006b 87010000 		.4byte	.LASF7
 382 006f 04       		.uleb128 0x4
 383 0070 08       		.byte	0x8
 384 0071 07       		.byte	0x7
 385 0072 25010000 		.4byte	.LASF8
 386 0076 04       		.uleb128 0x4
 387 0077 04       		.byte	0x4
 388 0078 07       		.byte	0x7
 389 0079 7E010000 		.4byte	.LASF9
 390 007d 05       		.uleb128 0x5
 391 007e 04       		.byte	0x4
 392 007f 06       		.uleb128 0x6
 393 0080 04       		.byte	0x4
 394 0081 85000000 		.4byte	0x85
 395 0085 07       		.uleb128 0x7
 396 0086 04       		.uleb128 0x4
 397 0087 01       		.byte	0x1
 398 0088 08       		.byte	0x8
 399 0089 9F010000 		.4byte	.LASF10
 400 008d 08       		.uleb128 0x8
 401 008e A3000000 		.4byte	.LASF12
 402 0092 03       		.byte	0x3
 403 0093 9801     		.2byte	0x198
 404 0095 45000000 		.4byte	0x45
 405 0099 08       		.uleb128 0x8
 406 009a EC000000 		.4byte	.LASF13
 407 009e 03       		.byte	0x3
 408 009f 9901     		.2byte	0x199
 409 00a1 53000000 		.4byte	0x53
 410 00a5 08       		.uleb128 0x8
 411 00a6 FC000000 		.4byte	.LASF14
 412 00aa 03       		.byte	0x3
 413 00ab 9A01     		.2byte	0x19a
 414 00ad 61000000 		.4byte	0x61
 415 00b1 04       		.uleb128 0x4
 416 00b2 04       		.byte	0x4
 417 00b3 04       		.byte	0x4
 418 00b4 69000000 		.4byte	.LASF15
 419 00b8 04       		.uleb128 0x4
 420 00b9 08       		.byte	0x8
 421 00ba 04       		.byte	0x4
 422 00bb D9000000 		.4byte	.LASF16
ARM GAS  C:\Users\sunyi\AppData\Local\Temp\ccgUxOIj.s 			page 14


 423 00bf 08       		.uleb128 0x8
 424 00c0 F3000000 		.4byte	.LASF17
 425 00c4 03       		.byte	0x3
 426 00c5 3A02     		.2byte	0x23a
 427 00c7 61000000 		.4byte	0x61
 428 00cb 08       		.uleb128 0x8
 429 00cc 8C000000 		.4byte	.LASF18
 430 00d0 03       		.byte	0x3
 431 00d1 4202     		.2byte	0x242
 432 00d3 D7000000 		.4byte	0xd7
 433 00d7 09       		.uleb128 0x9
 434 00d8 8D000000 		.4byte	0x8d
 435 00dc 08       		.uleb128 0x8
 436 00dd 0E000000 		.4byte	.LASF19
 437 00e1 03       		.byte	0x3
 438 00e2 4402     		.2byte	0x244
 439 00e4 E8000000 		.4byte	0xe8
 440 00e8 09       		.uleb128 0x9
 441 00e9 A5000000 		.4byte	0xa5
 442 00ed 08       		.uleb128 0x8
 443 00ee 3C010000 		.4byte	.LASF20
 444 00f2 03       		.byte	0x3
 445 00f3 5402     		.2byte	0x254
 446 00f5 7F000000 		.4byte	0x7f
 447 00f9 0A       		.uleb128 0xa
 448 00fa 1B000000 		.4byte	.LASF37
 449 00fe 01       		.byte	0x1
 450 00ff D0       		.byte	0xd0
 451 0100 00000000 		.4byte	.LFB6
 452 0104 20000000 		.4byte	.LFE6-.LFB6
 453 0108 01       		.uleb128 0x1
 454 0109 9C       		.byte	0x9c
 455 010a 0B       		.uleb128 0xb
 456 010b BA000000 		.4byte	.LASF21
 457 010f 01       		.byte	0x1
 458 0110 3D       		.byte	0x3d
 459 0111 00000000 		.4byte	.LFB2
 460 0115 0C000000 		.4byte	.LFE2-.LFB2
 461 0119 01       		.uleb128 0x1
 462 011a 9C       		.byte	0x9c
 463 011b 57010000 		.4byte	0x157
 464 011f 0C       		.uleb128 0xc
 465 0120 7300     		.ascii	"s\000"
 466 0122 01       		.byte	0x1
 467 0123 3D       		.byte	0x3d
 468 0124 7D000000 		.4byte	0x7d
 469 0128 00000000 		.4byte	.LLST0
 470 012c 0C       		.uleb128 0xc
 471 012d 6E00     		.ascii	"n\000"
 472 012f 01       		.byte	0x1
 473 0130 3D       		.byte	0x3d
 474 0131 2C000000 		.4byte	0x2c
 475 0135 21000000 		.4byte	.LLST1
 476 0139 0D       		.uleb128 0xd
 477 013a 0A000000 		.4byte	.LVL2
 478 013e C2020000 		.4byte	0x2c2
 479 0142 0E       		.uleb128 0xe
ARM GAS  C:\Users\sunyi\AppData\Local\Temp\ccgUxOIj.s 			page 15


 480 0143 01       		.uleb128 0x1
 481 0144 52       		.byte	0x52
 482 0145 03       		.uleb128 0x3
 483 0146 F3       		.byte	0xf3
 484 0147 01       		.uleb128 0x1
 485 0148 51       		.byte	0x51
 486 0149 0E       		.uleb128 0xe
 487 014a 01       		.uleb128 0x1
 488 014b 51       		.byte	0x51
 489 014c 01       		.uleb128 0x1
 490 014d 30       		.byte	0x30
 491 014e 0E       		.uleb128 0xe
 492 014f 01       		.uleb128 0x1
 493 0150 50       		.byte	0x50
 494 0151 03       		.uleb128 0x3
 495 0152 F3       		.byte	0xf3
 496 0153 01       		.uleb128 0x1
 497 0154 50       		.byte	0x50
 498 0155 00       		.byte	0
 499 0156 00       		.byte	0
 500 0157 0B       		.uleb128 0xb
 501 0158 4B000000 		.4byte	.LASF22
 502 015c 01       		.byte	0x1
 503 015d 92       		.byte	0x92
 504 015e 00000000 		.4byte	.LFB5
 505 0162 AC000000 		.4byte	.LFE5-.LFB5
 506 0166 01       		.uleb128 0x1
 507 0167 9C       		.byte	0x9c
 508 0168 00020000 		.4byte	0x200
 509 016c 0F       		.uleb128 0xf
 510 016d 0C000000 		.4byte	.LVL3
 511 0171 DF020000 		.4byte	0x2df
 512 0175 10       		.uleb128 0x10
 513 0176 12000000 		.4byte	.LVL4
 514 017a E6020000 		.4byte	0x2e6
 515 017e 8C010000 		.4byte	0x18c
 516 0182 0E       		.uleb128 0xe
 517 0183 01       		.uleb128 0x1
 518 0184 50       		.byte	0x50
 519 0185 05       		.uleb128 0x5
 520 0186 0C       		.byte	0xc
 521 0187 001BB700 		.4byte	0xb71b00
 522 018b 00       		.byte	0
 523 018c 10       		.uleb128 0x10
 524 018d 18000000 		.4byte	.LVL5
 525 0191 F7020000 		.4byte	0x2f7
 526 0195 9F010000 		.4byte	0x19f
 527 0199 0E       		.uleb128 0xe
 528 019a 01       		.uleb128 0x1
 529 019b 50       		.byte	0x50
 530 019c 01       		.uleb128 0x1
 531 019d 31       		.byte	0x31
 532 019e 00       		.byte	0
 533 019f 10       		.uleb128 0x10
 534 01a0 1E000000 		.4byte	.LVL6
 535 01a4 0C030000 		.4byte	0x30c
 536 01a8 B3010000 		.4byte	0x1b3
ARM GAS  C:\Users\sunyi\AppData\Local\Temp\ccgUxOIj.s 			page 16


 537 01ac 0E       		.uleb128 0xe
 538 01ad 01       		.uleb128 0x1
 539 01ae 50       		.byte	0x50
 540 01af 02       		.uleb128 0x2
 541 01b0 08       		.byte	0x8
 542 01b1 30       		.byte	0x30
 543 01b2 00       		.byte	0
 544 01b3 10       		.uleb128 0x10
 545 01b4 4E000000 		.4byte	.LVL7
 546 01b8 1D030000 		.4byte	0x31d
 547 01bc C8010000 		.4byte	0x1c8
 548 01c0 0E       		.uleb128 0xe
 549 01c1 01       		.uleb128 0x1
 550 01c2 50       		.byte	0x50
 551 01c3 03       		.uleb128 0x3
 552 01c4 0A       		.byte	0xa
 553 01c5 D007     		.2byte	0x7d0
 554 01c7 00       		.byte	0
 555 01c8 10       		.uleb128 0x10
 556 01c9 54000000 		.4byte	.LVL8
 557 01cd 32030000 		.4byte	0x332
 558 01d1 DD010000 		.4byte	0x1dd
 559 01d5 0E       		.uleb128 0xe
 560 01d6 01       		.uleb128 0x1
 561 01d7 50       		.byte	0x50
 562 01d8 03       		.uleb128 0x3
 563 01d9 0A       		.byte	0xa
 564 01da DC05     		.2byte	0x5dc
 565 01dc 00       		.byte	0
 566 01dd 10       		.uleb128 0x10
 567 01de 6C000000 		.4byte	.LVL9
 568 01e2 43030000 		.4byte	0x343
 569 01e6 F0010000 		.4byte	0x1f0
 570 01ea 0E       		.uleb128 0xe
 571 01eb 01       		.uleb128 0x1
 572 01ec 50       		.byte	0x50
 573 01ed 01       		.uleb128 0x1
 574 01ee 38       		.byte	0x38
 575 01ef 00       		.byte	0
 576 01f0 0D       		.uleb128 0xd
 577 01f1 72000000 		.4byte	.LVL10
 578 01f5 5D030000 		.4byte	0x35d
 579 01f9 0E       		.uleb128 0xe
 580 01fa 01       		.uleb128 0x1
 581 01fb 50       		.byte	0x50
 582 01fc 01       		.uleb128 0x1
 583 01fd 38       		.byte	0x38
 584 01fe 00       		.byte	0
 585 01ff 00       		.byte	0
 586 0200 11       		.uleb128 0x11
 587 0201 10010000 		.4byte	.LASF38
 588 0205 01       		.byte	0x1
 589 0206 EB       		.byte	0xeb
 590 0207 AC000000 		.4byte	.LFB7
 591 020b A8000000 		.4byte	.LFE7-.LFB7
 592 020f 01       		.uleb128 0x1
 593 0210 9C       		.byte	0x9c
ARM GAS  C:\Users\sunyi\AppData\Local\Temp\ccgUxOIj.s 			page 17


 594 0211 C2020000 		.4byte	0x2c2
 595 0215 12       		.uleb128 0x12
 596 0216 B6000000 		.4byte	.LBB2
 597 021a 5E000000 		.4byte	.LBE2-.LBB2
 598 021e AF020000 		.4byte	0x2af
 599 0222 13       		.uleb128 0x13
 600 0223 06       		.byte	0x6
 601 0224 01       		.byte	0x1
 602 0225 F4       		.byte	0xf4
 603 0226 43020000 		.4byte	0x243
 604 022a 14       		.uleb128 0x14
 605 022b 1D010000 		.4byte	.LASF23
 606 022f 01       		.byte	0x1
 607 0230 F5       		.byte	0xf5
 608 0231 7D000000 		.4byte	0x7d
 609 0235 00       		.byte	0
 610 0236 14       		.uleb128 0x14
 611 0237 6F000000 		.4byte	.LASF24
 612 023b 01       		.byte	0x1
 613 023c F6       		.byte	0xf6
 614 023d 99000000 		.4byte	0x99
 615 0241 04       		.byte	0x4
 616 0242 00       		.byte	0
 617 0243 03       		.uleb128 0x3
 618 0244 49010000 		.4byte	.LASF25
 619 0248 01       		.byte	0x1
 620 0249 F7       		.byte	0xf7
 621 024a 22020000 		.4byte	0x222
 622 024e 15       		.uleb128 0x15
 623 024f 43020000 		.4byte	0x243
 624 0253 5E020000 		.4byte	0x25e
 625 0257 16       		.uleb128 0x16
 626 0258 76000000 		.4byte	0x76
 627 025c 01       		.byte	0x1
 628 025d 00       		.byte	0
 629 025e 17       		.uleb128 0x17
 630 025f 3B000000 		.4byte	.LASF26
 631 0263 01       		.byte	0x1
 632 0264 F9       		.byte	0xf9
 633 0265 6F020000 		.4byte	0x26f
 634 0269 05       		.uleb128 0x5
 635 026a 03       		.byte	0x3
 636 026b 00000000 		.4byte	cfg_memset_list.4758
 637 026f 18       		.uleb128 0x18
 638 0270 4E020000 		.4byte	0x24e
 639 0274 19       		.uleb128 0x19
 640 0275 6900     		.ascii	"i\000"
 641 0277 01       		.byte	0x1
 642 0278 FF       		.byte	0xff
 643 0279 8D000000 		.4byte	0x8d
 644 027d 4D000000 		.4byte	.LLST2
 645 0281 1A       		.uleb128 0x1a
 646 0282 BA000000 		.4byte	.LBB3
 647 0286 1E000000 		.4byte	.LBE3-.LBB3
 648 028a 1B       		.uleb128 0x1b
 649 028b 6D7300   		.ascii	"ms\000"
 650 028e 01       		.byte	0x1
ARM GAS  C:\Users\sunyi\AppData\Local\Temp\ccgUxOIj.s 			page 18


 651 028f 0401     		.2byte	0x104
 652 0291 99020000 		.4byte	0x299
 653 0295 77000000 		.4byte	.LLST3
 654 0299 06       		.uleb128 0x6
 655 029a 04       		.byte	0x4
 656 029b 9F020000 		.4byte	0x29f
 657 029f 18       		.uleb128 0x18
 658 02a0 43020000 		.4byte	0x243
 659 02a4 0F       		.uleb128 0xf
 660 02a5 D8000000 		.4byte	.LVL13
 661 02a9 0A010000 		.4byte	0x10a
 662 02ad 00       		.byte	0
 663 02ae 00       		.byte	0
 664 02af 0F       		.uleb128 0xf
 665 02b0 28010000 		.4byte	.LVL16
 666 02b4 57010000 		.4byte	0x157
 667 02b8 0F       		.uleb128 0xf
 668 02b9 2C010000 		.4byte	.LVL17
 669 02bd F9000000 		.4byte	0xf9
 670 02c1 00       		.byte	0
 671 02c2 1C       		.uleb128 0x1c
 672 02c3 D2000000 		.4byte	.LASF27
 673 02c7 7D000000 		.4byte	0x7d
 674 02cb DF020000 		.4byte	0x2df
 675 02cf 1D       		.uleb128 0x1d
 676 02d0 7D000000 		.4byte	0x7d
 677 02d4 1D       		.uleb128 0x1d
 678 02d5 25000000 		.4byte	0x25
 679 02d9 1D       		.uleb128 0x1d
 680 02da 76000000 		.4byte	0x76
 681 02de 00       		.byte	0
 682 02df 1E       		.uleb128 0x1e
 683 02e0 A9000000 		.4byte	.LASF39
 684 02e4 05       		.byte	0x5
 685 02e5 4F       		.byte	0x4f
 686 02e6 1F       		.uleb128 0x1f
 687 02e7 00000000 		.4byte	.LASF28
 688 02eb 04       		.byte	0x4
 689 02ec DA       		.byte	0xda
 690 02ed F7020000 		.4byte	0x2f7
 691 02f1 1D       		.uleb128 0x1d
 692 02f2 A5000000 		.4byte	0xa5
 693 02f6 00       		.byte	0
 694 02f7 20       		.uleb128 0x20
 695 02f8 74000000 		.4byte	.LASF30
 696 02fc 05       		.byte	0x5
 697 02fd 51       		.byte	0x51
 698 02fe A5000000 		.4byte	0xa5
 699 0302 0C030000 		.4byte	0x30c
 700 0306 1D       		.uleb128 0x1d
 701 0307 A5000000 		.4byte	0xa5
 702 030b 00       		.byte	0
 703 030c 1F       		.uleb128 0x1f
 704 030d 7C020000 		.4byte	.LASF29
 705 0311 04       		.byte	0x4
 706 0312 6C       		.byte	0x6c
 707 0313 1D030000 		.4byte	0x31d
ARM GAS  C:\Users\sunyi\AppData\Local\Temp\ccgUxOIj.s 			page 19


 708 0317 1D       		.uleb128 0x1d
 709 0318 A5000000 		.4byte	0xa5
 710 031c 00       		.byte	0
 711 031d 20       		.uleb128 0x20
 712 031e A4010000 		.4byte	.LASF31
 713 0322 04       		.byte	0x4
 714 0323 82       		.byte	0x82
 715 0324 BF000000 		.4byte	0xbf
 716 0328 32030000 		.4byte	0x332
 717 032c 1D       		.uleb128 0x1d
 718 032d A5000000 		.4byte	0xa5
 719 0331 00       		.byte	0
 720 0332 1F       		.uleb128 0x1f
 721 0333 95010000 		.4byte	.LASF32
 722 0337 04       		.byte	0x4
 723 0338 D8       		.byte	0xd8
 724 0339 43030000 		.4byte	0x343
 725 033d 1D       		.uleb128 0x1d
 726 033e 99000000 		.4byte	0x99
 727 0342 00       		.byte	0
 728 0343 20       		.uleb128 0x20
 729 0344 2C000000 		.4byte	.LASF33
 730 0348 04       		.byte	0x4
 731 0349 BB       		.byte	0xbb
 732 034a ED000000 		.4byte	0xed
 733 034e 5D030000 		.4byte	0x35d
 734 0352 1D       		.uleb128 0x1d
 735 0353 8D000000 		.4byte	0x8d
 736 0357 1D       		.uleb128 0x1d
 737 0358 ED000000 		.4byte	0xed
 738 035c 00       		.byte	0
 739 035d 21       		.uleb128 0x21
 740 035e E0000000 		.4byte	.LASF40
 741 0362 04       		.byte	0x4
 742 0363 C1       		.byte	0xc1
 743 0364 1D       		.uleb128 0x1d
 744 0365 8D000000 		.4byte	0x8d
 745 0369 00       		.byte	0
 746 036a 00       		.byte	0
 747              		.section	.debug_abbrev,"",%progbits
 748              	.Ldebug_abbrev0:
 749 0000 01       		.uleb128 0x1
 750 0001 11       		.uleb128 0x11
 751 0002 01       		.byte	0x1
 752 0003 25       		.uleb128 0x25
 753 0004 0E       		.uleb128 0xe
 754 0005 13       		.uleb128 0x13
 755 0006 0B       		.uleb128 0xb
 756 0007 03       		.uleb128 0x3
 757 0008 0E       		.uleb128 0xe
 758 0009 1B       		.uleb128 0x1b
 759 000a 0E       		.uleb128 0xe
 760 000b 55       		.uleb128 0x55
 761 000c 17       		.uleb128 0x17
 762 000d 11       		.uleb128 0x11
 763 000e 01       		.uleb128 0x1
 764 000f 10       		.uleb128 0x10
ARM GAS  C:\Users\sunyi\AppData\Local\Temp\ccgUxOIj.s 			page 20


 765 0010 17       		.uleb128 0x17
 766 0011 00       		.byte	0
 767 0012 00       		.byte	0
 768 0013 02       		.uleb128 0x2
 769 0014 24       		.uleb128 0x24
 770 0015 00       		.byte	0
 771 0016 0B       		.uleb128 0xb
 772 0017 0B       		.uleb128 0xb
 773 0018 3E       		.uleb128 0x3e
 774 0019 0B       		.uleb128 0xb
 775 001a 03       		.uleb128 0x3
 776 001b 08       		.uleb128 0x8
 777 001c 00       		.byte	0
 778 001d 00       		.byte	0
 779 001e 03       		.uleb128 0x3
 780 001f 16       		.uleb128 0x16
 781 0020 00       		.byte	0
 782 0021 03       		.uleb128 0x3
 783 0022 0E       		.uleb128 0xe
 784 0023 3A       		.uleb128 0x3a
 785 0024 0B       		.uleb128 0xb
 786 0025 3B       		.uleb128 0x3b
 787 0026 0B       		.uleb128 0xb
 788 0027 49       		.uleb128 0x49
 789 0028 13       		.uleb128 0x13
 790 0029 00       		.byte	0
 791 002a 00       		.byte	0
 792 002b 04       		.uleb128 0x4
 793 002c 24       		.uleb128 0x24
 794 002d 00       		.byte	0
 795 002e 0B       		.uleb128 0xb
 796 002f 0B       		.uleb128 0xb
 797 0030 3E       		.uleb128 0x3e
 798 0031 0B       		.uleb128 0xb
 799 0032 03       		.uleb128 0x3
 800 0033 0E       		.uleb128 0xe
 801 0034 00       		.byte	0
 802 0035 00       		.byte	0
 803 0036 05       		.uleb128 0x5
 804 0037 0F       		.uleb128 0xf
 805 0038 00       		.byte	0
 806 0039 0B       		.uleb128 0xb
 807 003a 0B       		.uleb128 0xb
 808 003b 00       		.byte	0
 809 003c 00       		.byte	0
 810 003d 06       		.uleb128 0x6
 811 003e 0F       		.uleb128 0xf
 812 003f 00       		.byte	0
 813 0040 0B       		.uleb128 0xb
 814 0041 0B       		.uleb128 0xb
 815 0042 49       		.uleb128 0x49
 816 0043 13       		.uleb128 0x13
 817 0044 00       		.byte	0
 818 0045 00       		.byte	0
 819 0046 07       		.uleb128 0x7
 820 0047 15       		.uleb128 0x15
 821 0048 00       		.byte	0
ARM GAS  C:\Users\sunyi\AppData\Local\Temp\ccgUxOIj.s 			page 21


 822 0049 27       		.uleb128 0x27
 823 004a 19       		.uleb128 0x19
 824 004b 00       		.byte	0
 825 004c 00       		.byte	0
 826 004d 08       		.uleb128 0x8
 827 004e 16       		.uleb128 0x16
 828 004f 00       		.byte	0
 829 0050 03       		.uleb128 0x3
 830 0051 0E       		.uleb128 0xe
 831 0052 3A       		.uleb128 0x3a
 832 0053 0B       		.uleb128 0xb
 833 0054 3B       		.uleb128 0x3b
 834 0055 05       		.uleb128 0x5
 835 0056 49       		.uleb128 0x49
 836 0057 13       		.uleb128 0x13
 837 0058 00       		.byte	0
 838 0059 00       		.byte	0
 839 005a 09       		.uleb128 0x9
 840 005b 35       		.uleb128 0x35
 841 005c 00       		.byte	0
 842 005d 49       		.uleb128 0x49
 843 005e 13       		.uleb128 0x13
 844 005f 00       		.byte	0
 845 0060 00       		.byte	0
 846 0061 0A       		.uleb128 0xa
 847 0062 2E       		.uleb128 0x2e
 848 0063 00       		.byte	0
 849 0064 03       		.uleb128 0x3
 850 0065 0E       		.uleb128 0xe
 851 0066 3A       		.uleb128 0x3a
 852 0067 0B       		.uleb128 0xb
 853 0068 3B       		.uleb128 0x3b
 854 0069 0B       		.uleb128 0xb
 855 006a 27       		.uleb128 0x27
 856 006b 19       		.uleb128 0x19
 857 006c 11       		.uleb128 0x11
 858 006d 01       		.uleb128 0x1
 859 006e 12       		.uleb128 0x12
 860 006f 06       		.uleb128 0x6
 861 0070 40       		.uleb128 0x40
 862 0071 18       		.uleb128 0x18
 863 0072 9742     		.uleb128 0x2117
 864 0074 19       		.uleb128 0x19
 865 0075 00       		.byte	0
 866 0076 00       		.byte	0
 867 0077 0B       		.uleb128 0xb
 868 0078 2E       		.uleb128 0x2e
 869 0079 01       		.byte	0x1
 870 007a 03       		.uleb128 0x3
 871 007b 0E       		.uleb128 0xe
 872 007c 3A       		.uleb128 0x3a
 873 007d 0B       		.uleb128 0xb
 874 007e 3B       		.uleb128 0x3b
 875 007f 0B       		.uleb128 0xb
 876 0080 27       		.uleb128 0x27
 877 0081 19       		.uleb128 0x19
 878 0082 11       		.uleb128 0x11
ARM GAS  C:\Users\sunyi\AppData\Local\Temp\ccgUxOIj.s 			page 22


 879 0083 01       		.uleb128 0x1
 880 0084 12       		.uleb128 0x12
 881 0085 06       		.uleb128 0x6
 882 0086 40       		.uleb128 0x40
 883 0087 18       		.uleb128 0x18
 884 0088 9742     		.uleb128 0x2117
 885 008a 19       		.uleb128 0x19
 886 008b 01       		.uleb128 0x1
 887 008c 13       		.uleb128 0x13
 888 008d 00       		.byte	0
 889 008e 00       		.byte	0
 890 008f 0C       		.uleb128 0xc
 891 0090 05       		.uleb128 0x5
 892 0091 00       		.byte	0
 893 0092 03       		.uleb128 0x3
 894 0093 08       		.uleb128 0x8
 895 0094 3A       		.uleb128 0x3a
 896 0095 0B       		.uleb128 0xb
 897 0096 3B       		.uleb128 0x3b
 898 0097 0B       		.uleb128 0xb
 899 0098 49       		.uleb128 0x49
 900 0099 13       		.uleb128 0x13
 901 009a 02       		.uleb128 0x2
 902 009b 17       		.uleb128 0x17
 903 009c 00       		.byte	0
 904 009d 00       		.byte	0
 905 009e 0D       		.uleb128 0xd
 906 009f 898201   		.uleb128 0x4109
 907 00a2 01       		.byte	0x1
 908 00a3 11       		.uleb128 0x11
 909 00a4 01       		.uleb128 0x1
 910 00a5 31       		.uleb128 0x31
 911 00a6 13       		.uleb128 0x13
 912 00a7 00       		.byte	0
 913 00a8 00       		.byte	0
 914 00a9 0E       		.uleb128 0xe
 915 00aa 8A8201   		.uleb128 0x410a
 916 00ad 00       		.byte	0
 917 00ae 02       		.uleb128 0x2
 918 00af 18       		.uleb128 0x18
 919 00b0 9142     		.uleb128 0x2111
 920 00b2 18       		.uleb128 0x18
 921 00b3 00       		.byte	0
 922 00b4 00       		.byte	0
 923 00b5 0F       		.uleb128 0xf
 924 00b6 898201   		.uleb128 0x4109
 925 00b9 00       		.byte	0
 926 00ba 11       		.uleb128 0x11
 927 00bb 01       		.uleb128 0x1
 928 00bc 31       		.uleb128 0x31
 929 00bd 13       		.uleb128 0x13
 930 00be 00       		.byte	0
 931 00bf 00       		.byte	0
 932 00c0 10       		.uleb128 0x10
 933 00c1 898201   		.uleb128 0x4109
 934 00c4 01       		.byte	0x1
 935 00c5 11       		.uleb128 0x11
ARM GAS  C:\Users\sunyi\AppData\Local\Temp\ccgUxOIj.s 			page 23


 936 00c6 01       		.uleb128 0x1
 937 00c7 31       		.uleb128 0x31
 938 00c8 13       		.uleb128 0x13
 939 00c9 01       		.uleb128 0x1
 940 00ca 13       		.uleb128 0x13
 941 00cb 00       		.byte	0
 942 00cc 00       		.byte	0
 943 00cd 11       		.uleb128 0x11
 944 00ce 2E       		.uleb128 0x2e
 945 00cf 01       		.byte	0x1
 946 00d0 3F       		.uleb128 0x3f
 947 00d1 19       		.uleb128 0x19
 948 00d2 03       		.uleb128 0x3
 949 00d3 0E       		.uleb128 0xe
 950 00d4 3A       		.uleb128 0x3a
 951 00d5 0B       		.uleb128 0xb
 952 00d6 3B       		.uleb128 0x3b
 953 00d7 0B       		.uleb128 0xb
 954 00d8 27       		.uleb128 0x27
 955 00d9 19       		.uleb128 0x19
 956 00da 11       		.uleb128 0x11
 957 00db 01       		.uleb128 0x1
 958 00dc 12       		.uleb128 0x12
 959 00dd 06       		.uleb128 0x6
 960 00de 40       		.uleb128 0x40
 961 00df 18       		.uleb128 0x18
 962 00e0 9742     		.uleb128 0x2117
 963 00e2 19       		.uleb128 0x19
 964 00e3 01       		.uleb128 0x1
 965 00e4 13       		.uleb128 0x13
 966 00e5 00       		.byte	0
 967 00e6 00       		.byte	0
 968 00e7 12       		.uleb128 0x12
 969 00e8 0B       		.uleb128 0xb
 970 00e9 01       		.byte	0x1
 971 00ea 11       		.uleb128 0x11
 972 00eb 01       		.uleb128 0x1
 973 00ec 12       		.uleb128 0x12
 974 00ed 06       		.uleb128 0x6
 975 00ee 01       		.uleb128 0x1
 976 00ef 13       		.uleb128 0x13
 977 00f0 00       		.byte	0
 978 00f1 00       		.byte	0
 979 00f2 13       		.uleb128 0x13
 980 00f3 13       		.uleb128 0x13
 981 00f4 01       		.byte	0x1
 982 00f5 0B       		.uleb128 0xb
 983 00f6 0B       		.uleb128 0xb
 984 00f7 3A       		.uleb128 0x3a
 985 00f8 0B       		.uleb128 0xb
 986 00f9 3B       		.uleb128 0x3b
 987 00fa 0B       		.uleb128 0xb
 988 00fb 01       		.uleb128 0x1
 989 00fc 13       		.uleb128 0x13
 990 00fd 00       		.byte	0
 991 00fe 00       		.byte	0
 992 00ff 14       		.uleb128 0x14
ARM GAS  C:\Users\sunyi\AppData\Local\Temp\ccgUxOIj.s 			page 24


 993 0100 0D       		.uleb128 0xd
 994 0101 00       		.byte	0
 995 0102 03       		.uleb128 0x3
 996 0103 0E       		.uleb128 0xe
 997 0104 3A       		.uleb128 0x3a
 998 0105 0B       		.uleb128 0xb
 999 0106 3B       		.uleb128 0x3b
 1000 0107 0B       		.uleb128 0xb
 1001 0108 49       		.uleb128 0x49
 1002 0109 13       		.uleb128 0x13
 1003 010a 38       		.uleb128 0x38
 1004 010b 0B       		.uleb128 0xb
 1005 010c 00       		.byte	0
 1006 010d 00       		.byte	0
 1007 010e 15       		.uleb128 0x15
 1008 010f 01       		.uleb128 0x1
 1009 0110 01       		.byte	0x1
 1010 0111 49       		.uleb128 0x49
 1011 0112 13       		.uleb128 0x13
 1012 0113 01       		.uleb128 0x1
 1013 0114 13       		.uleb128 0x13
 1014 0115 00       		.byte	0
 1015 0116 00       		.byte	0
 1016 0117 16       		.uleb128 0x16
 1017 0118 21       		.uleb128 0x21
 1018 0119 00       		.byte	0
 1019 011a 49       		.uleb128 0x49
 1020 011b 13       		.uleb128 0x13
 1021 011c 2F       		.uleb128 0x2f
 1022 011d 0B       		.uleb128 0xb
 1023 011e 00       		.byte	0
 1024 011f 00       		.byte	0
 1025 0120 17       		.uleb128 0x17
 1026 0121 34       		.uleb128 0x34
 1027 0122 00       		.byte	0
 1028 0123 03       		.uleb128 0x3
 1029 0124 0E       		.uleb128 0xe
 1030 0125 3A       		.uleb128 0x3a
 1031 0126 0B       		.uleb128 0xb
 1032 0127 3B       		.uleb128 0x3b
 1033 0128 0B       		.uleb128 0xb
 1034 0129 49       		.uleb128 0x49
 1035 012a 13       		.uleb128 0x13
 1036 012b 02       		.uleb128 0x2
 1037 012c 18       		.uleb128 0x18
 1038 012d 00       		.byte	0
 1039 012e 00       		.byte	0
 1040 012f 18       		.uleb128 0x18
 1041 0130 26       		.uleb128 0x26
 1042 0131 00       		.byte	0
 1043 0132 49       		.uleb128 0x49
 1044 0133 13       		.uleb128 0x13
 1045 0134 00       		.byte	0
 1046 0135 00       		.byte	0
 1047 0136 19       		.uleb128 0x19
 1048 0137 34       		.uleb128 0x34
 1049 0138 00       		.byte	0
ARM GAS  C:\Users\sunyi\AppData\Local\Temp\ccgUxOIj.s 			page 25


 1050 0139 03       		.uleb128 0x3
 1051 013a 08       		.uleb128 0x8
 1052 013b 3A       		.uleb128 0x3a
 1053 013c 0B       		.uleb128 0xb
 1054 013d 3B       		.uleb128 0x3b
 1055 013e 0B       		.uleb128 0xb
 1056 013f 49       		.uleb128 0x49
 1057 0140 13       		.uleb128 0x13
 1058 0141 02       		.uleb128 0x2
 1059 0142 17       		.uleb128 0x17
 1060 0143 00       		.byte	0
 1061 0144 00       		.byte	0
 1062 0145 1A       		.uleb128 0x1a
 1063 0146 0B       		.uleb128 0xb
 1064 0147 01       		.byte	0x1
 1065 0148 11       		.uleb128 0x11
 1066 0149 01       		.uleb128 0x1
 1067 014a 12       		.uleb128 0x12
 1068 014b 06       		.uleb128 0x6
 1069 014c 00       		.byte	0
 1070 014d 00       		.byte	0
 1071 014e 1B       		.uleb128 0x1b
 1072 014f 34       		.uleb128 0x34
 1073 0150 00       		.byte	0
 1074 0151 03       		.uleb128 0x3
 1075 0152 08       		.uleb128 0x8
 1076 0153 3A       		.uleb128 0x3a
 1077 0154 0B       		.uleb128 0xb
 1078 0155 3B       		.uleb128 0x3b
 1079 0156 05       		.uleb128 0x5
 1080 0157 49       		.uleb128 0x49
 1081 0158 13       		.uleb128 0x13
 1082 0159 02       		.uleb128 0x2
 1083 015a 17       		.uleb128 0x17
 1084 015b 00       		.byte	0
 1085 015c 00       		.byte	0
 1086 015d 1C       		.uleb128 0x1c
 1087 015e 2E       		.uleb128 0x2e
 1088 015f 01       		.byte	0x1
 1089 0160 3F       		.uleb128 0x3f
 1090 0161 19       		.uleb128 0x19
 1091 0162 03       		.uleb128 0x3
 1092 0163 0E       		.uleb128 0xe
 1093 0164 27       		.uleb128 0x27
 1094 0165 19       		.uleb128 0x19
 1095 0166 49       		.uleb128 0x49
 1096 0167 13       		.uleb128 0x13
 1097 0168 34       		.uleb128 0x34
 1098 0169 19       		.uleb128 0x19
 1099 016a 3C       		.uleb128 0x3c
 1100 016b 19       		.uleb128 0x19
 1101 016c 01       		.uleb128 0x1
 1102 016d 13       		.uleb128 0x13
 1103 016e 00       		.byte	0
 1104 016f 00       		.byte	0
 1105 0170 1D       		.uleb128 0x1d
 1106 0171 05       		.uleb128 0x5
ARM GAS  C:\Users\sunyi\AppData\Local\Temp\ccgUxOIj.s 			page 26


 1107 0172 00       		.byte	0
 1108 0173 49       		.uleb128 0x49
 1109 0174 13       		.uleb128 0x13
 1110 0175 00       		.byte	0
 1111 0176 00       		.byte	0
 1112 0177 1E       		.uleb128 0x1e
 1113 0178 2E       		.uleb128 0x2e
 1114 0179 00       		.byte	0
 1115 017a 3F       		.uleb128 0x3f
 1116 017b 19       		.uleb128 0x19
 1117 017c 03       		.uleb128 0x3
 1118 017d 0E       		.uleb128 0xe
 1119 017e 3A       		.uleb128 0x3a
 1120 017f 0B       		.uleb128 0xb
 1121 0180 3B       		.uleb128 0x3b
 1122 0181 0B       		.uleb128 0xb
 1123 0182 27       		.uleb128 0x27
 1124 0183 19       		.uleb128 0x19
 1125 0184 3C       		.uleb128 0x3c
 1126 0185 19       		.uleb128 0x19
 1127 0186 00       		.byte	0
 1128 0187 00       		.byte	0
 1129 0188 1F       		.uleb128 0x1f
 1130 0189 2E       		.uleb128 0x2e
 1131 018a 01       		.byte	0x1
 1132 018b 3F       		.uleb128 0x3f
 1133 018c 19       		.uleb128 0x19
 1134 018d 03       		.uleb128 0x3
 1135 018e 0E       		.uleb128 0xe
 1136 018f 3A       		.uleb128 0x3a
 1137 0190 0B       		.uleb128 0xb
 1138 0191 3B       		.uleb128 0x3b
 1139 0192 0B       		.uleb128 0xb
 1140 0193 27       		.uleb128 0x27
 1141 0194 19       		.uleb128 0x19
 1142 0195 3C       		.uleb128 0x3c
 1143 0196 19       		.uleb128 0x19
 1144 0197 01       		.uleb128 0x1
 1145 0198 13       		.uleb128 0x13
 1146 0199 00       		.byte	0
 1147 019a 00       		.byte	0
 1148 019b 20       		.uleb128 0x20
 1149 019c 2E       		.uleb128 0x2e
 1150 019d 01       		.byte	0x1
 1151 019e 3F       		.uleb128 0x3f
 1152 019f 19       		.uleb128 0x19
 1153 01a0 03       		.uleb128 0x3
 1154 01a1 0E       		.uleb128 0xe
 1155 01a2 3A       		.uleb128 0x3a
 1156 01a3 0B       		.uleb128 0xb
 1157 01a4 3B       		.uleb128 0x3b
 1158 01a5 0B       		.uleb128 0xb
 1159 01a6 27       		.uleb128 0x27
 1160 01a7 19       		.uleb128 0x19
 1161 01a8 49       		.uleb128 0x49
 1162 01a9 13       		.uleb128 0x13
 1163 01aa 3C       		.uleb128 0x3c
ARM GAS  C:\Users\sunyi\AppData\Local\Temp\ccgUxOIj.s 			page 27


 1164 01ab 19       		.uleb128 0x19
 1165 01ac 01       		.uleb128 0x1
 1166 01ad 13       		.uleb128 0x13
 1167 01ae 00       		.byte	0
 1168 01af 00       		.byte	0
 1169 01b0 21       		.uleb128 0x21
 1170 01b1 2E       		.uleb128 0x2e
 1171 01b2 01       		.byte	0x1
 1172 01b3 3F       		.uleb128 0x3f
 1173 01b4 19       		.uleb128 0x19
 1174 01b5 03       		.uleb128 0x3
 1175 01b6 0E       		.uleb128 0xe
 1176 01b7 3A       		.uleb128 0x3a
 1177 01b8 0B       		.uleb128 0xb
 1178 01b9 3B       		.uleb128 0x3b
 1179 01ba 0B       		.uleb128 0xb
 1180 01bb 27       		.uleb128 0x27
 1181 01bc 19       		.uleb128 0x19
 1182 01bd 3C       		.uleb128 0x3c
 1183 01be 19       		.uleb128 0x19
 1184 01bf 00       		.byte	0
 1185 01c0 00       		.byte	0
 1186 01c1 00       		.byte	0
 1187              		.section	.debug_loc,"",%progbits
 1188              	.Ldebug_loc0:
 1189              	.LLST0:
 1190 0000 00000000 		.4byte	.LVL0
 1191 0004 09000000 		.4byte	.LVL2-1
 1192 0008 0100     		.2byte	0x1
 1193 000a 50       		.byte	0x50
 1194 000b 09000000 		.4byte	.LVL2-1
 1195 000f 0C000000 		.4byte	.LFE2
 1196 0013 0400     		.2byte	0x4
 1197 0015 F3       		.byte	0xf3
 1198 0016 01       		.uleb128 0x1
 1199 0017 50       		.byte	0x50
 1200 0018 9F       		.byte	0x9f
 1201 0019 00000000 		.4byte	0
 1202 001d 00000000 		.4byte	0
 1203              	.LLST1:
 1204 0021 00000000 		.4byte	.LVL0
 1205 0025 06000000 		.4byte	.LVL1
 1206 0029 0100     		.2byte	0x1
 1207 002b 51       		.byte	0x51
 1208 002c 06000000 		.4byte	.LVL1
 1209 0030 09000000 		.4byte	.LVL2-1
 1210 0034 0100     		.2byte	0x1
 1211 0036 52       		.byte	0x52
 1212 0037 09000000 		.4byte	.LVL2-1
 1213 003b 0C000000 		.4byte	.LFE2
 1214 003f 0400     		.2byte	0x4
 1215 0041 F3       		.byte	0xf3
 1216 0042 01       		.uleb128 0x1
 1217 0043 51       		.byte	0x51
 1218 0044 9F       		.byte	0x9f
 1219 0045 00000000 		.4byte	0
 1220 0049 00000000 		.4byte	0
ARM GAS  C:\Users\sunyi\AppData\Local\Temp\ccgUxOIj.s 			page 28


 1221              	.LLST2:
 1222 004d B6000000 		.4byte	.LVL11
 1223 0051 BA000000 		.4byte	.LVL12
 1224 0055 0200     		.2byte	0x2
 1225 0057 30       		.byte	0x30
 1226 0058 9F       		.byte	0x9f
 1227 0059 BA000000 		.4byte	.LVL12
 1228 005d DA000000 		.4byte	.LVL14
 1229 0061 0100     		.2byte	0x1
 1230 0063 54       		.byte	0x54
 1231 0064 DC000000 		.4byte	.LVL15
 1232 0068 2C010000 		.4byte	.LVL18
 1233 006c 0100     		.2byte	0x1
 1234 006e 54       		.byte	0x54
 1235 006f 00000000 		.4byte	0
 1236 0073 00000000 		.4byte	0
 1237              	.LLST3:
 1238 0077 BA000000 		.4byte	.LVL12
 1239 007b DA000000 		.4byte	.LVL14
 1240 007f 0B00     		.2byte	0xb
 1241 0081 74       		.byte	0x74
 1242 0082 00       		.sleb128 0
 1243 0083 36       		.byte	0x36
 1244 0084 1E       		.byte	0x1e
 1245 0085 03       		.byte	0x3
 1246 0086 00000000 		.4byte	cfg_memset_list.4758
 1247 008a 22       		.byte	0x22
 1248 008b 9F       		.byte	0x9f
 1249 008c DA000000 		.4byte	.LVL14
 1250 0090 DC000000 		.4byte	.LVL15
 1251 0094 0B00     		.2byte	0xb
 1252 0096 74       		.byte	0x74
 1253 0097 7F       		.sleb128 -1
 1254 0098 36       		.byte	0x36
 1255 0099 1E       		.byte	0x1e
 1256 009a 03       		.byte	0x3
 1257 009b 00000000 		.4byte	cfg_memset_list.4758
 1258 009f 22       		.byte	0x22
 1259 00a0 9F       		.byte	0x9f
 1260 00a1 00000000 		.4byte	0
 1261 00a5 00000000 		.4byte	0
 1262              		.section	.debug_aranges,"",%progbits
 1263 0000 34000000 		.4byte	0x34
 1264 0004 0200     		.2byte	0x2
 1265 0006 00000000 		.4byte	.Ldebug_info0
 1266 000a 04       		.byte	0x4
 1267 000b 00       		.byte	0
 1268 000c 0000     		.2byte	0
 1269 000e 0000     		.2byte	0
 1270 0010 00000000 		.4byte	.LFB6
 1271 0014 20000000 		.4byte	.LFE6-.LFB6
 1272 0018 00000000 		.4byte	.LFB2
 1273 001c 0C000000 		.4byte	.LFE2-.LFB2
 1274 0020 00000000 		.4byte	.LFB5
 1275 0024 AC000000 		.4byte	.LFE5-.LFB5
 1276 0028 AC000000 		.4byte	.LFB7
 1277 002c A8000000 		.4byte	.LFE7-.LFB7
ARM GAS  C:\Users\sunyi\AppData\Local\Temp\ccgUxOIj.s 			page 29


 1278 0030 00000000 		.4byte	0
 1279 0034 00000000 		.4byte	0
 1280              		.section	.debug_ranges,"",%progbits
 1281              	.Ldebug_ranges0:
 1282 0000 00000000 		.4byte	.LFB6
 1283 0004 20000000 		.4byte	.LFE6
 1284 0008 00000000 		.4byte	.LFB2
 1285 000c 0C000000 		.4byte	.LFE2
 1286 0010 00000000 		.4byte	.LFB5
 1287 0014 AC000000 		.4byte	.LFE5
 1288 0018 AC000000 		.4byte	.LFB7
 1289 001c 54010000 		.4byte	.LFE7
 1290 0020 00000000 		.4byte	0
 1291 0024 00000000 		.4byte	0
 1292              		.section	.debug_line,"",%progbits
 1293              	.Ldebug_line0:
 1294 0000 48010000 		.section	.debug_str,"MS",%progbits,1
 1294      0200D600 
 1294      00000201 
 1294      FB0E0D00 
 1294      01010101 
 1295              	.LASF28:
 1296 0000 43794465 		.ascii	"CyDelayCycles\000"
 1296      6C617943 
 1296      79636C65 
 1296      7300
 1297              	.LASF19:
 1298 000e 72656733 		.ascii	"reg32\000"
 1298      3200
 1299              	.LASF11:
 1300 0014 73697A65 		.ascii	"size_t\000"
 1300      5F7400
 1301              	.LASF37:
 1302 001b 416E616C 		.ascii	"AnalogSetDefault\000"
 1302      6F675365 
 1302      74446566 
 1302      61756C74 
 1302      00
 1303              	.LASF33:
 1304 002c 4379496E 		.ascii	"CyIntSetVector\000"
 1304      74536574 
 1304      56656374 
 1304      6F7200
 1305              	.LASF26:
 1306 003b 6366675F 		.ascii	"cfg_memset_list\000"
 1306      6D656D73 
 1306      65745F6C 
 1306      69737400 
 1307              	.LASF22:
 1308 004b 436C6F63 		.ascii	"ClockSetup\000"
 1308      6B536574 
 1308      757000
 1309              	.LASF4:
 1310 0056 73686F72 		.ascii	"short unsigned int\000"
 1310      7420756E 
 1310      7369676E 
 1310      65642069 
ARM GAS  C:\Users\sunyi\AppData\Local\Temp\ccgUxOIj.s 			page 30


 1310      6E7400
 1311              	.LASF15:
 1312 0069 666C6F61 		.ascii	"float\000"
 1312      7400
 1313              	.LASF24:
 1314 006f 73697A65 		.ascii	"size\000"
 1314      00
 1315              	.LASF30:
 1316 0074 43795379 		.ascii	"CySysClkWcoSetPowerMode\000"
 1316      73436C6B 
 1316      57636F53 
 1316      6574506F 
 1316      7765724D 
 1317              	.LASF18:
 1318 008c 72656738 		.ascii	"reg8\000"
 1318      00
 1319              	.LASF6:
 1320 0091 6C6F6E67 		.ascii	"long unsigned int\000"
 1320      20756E73 
 1320      69676E65 
 1320      6420696E 
 1320      7400
 1321              	.LASF12:
 1322 00a3 75696E74 		.ascii	"uint8\000"
 1322      3800
 1323              	.LASF39:
 1324 00a9 43795379 		.ascii	"CySysClkWcoStart\000"
 1324      73436C6B 
 1324      57636F53 
 1324      74617274 
 1324      00
 1325              	.LASF21:
 1326 00ba 43594D45 		.ascii	"CYMEMZERO\000"
 1326      4D5A4552 
 1326      4F00
 1327              	.LASF2:
 1328 00c4 756E7369 		.ascii	"unsigned char\000"
 1328      676E6564 
 1328      20636861 
 1328      7200
 1329              	.LASF27:
 1330 00d2 6D656D73 		.ascii	"memset\000"
 1330      657400
 1331              	.LASF16:
 1332 00d9 646F7562 		.ascii	"double\000"
 1332      6C6500
 1333              	.LASF40:
 1334 00e0 4379496E 		.ascii	"CyIntEnable\000"
 1334      74456E61 
 1334      626C6500 
 1335              	.LASF13:
 1336 00ec 75696E74 		.ascii	"uint16\000"
 1336      313600
 1337              	.LASF17:
 1338 00f3 63797374 		.ascii	"cystatus\000"
 1338      61747573 
 1338      00
ARM GAS  C:\Users\sunyi\AppData\Local\Temp\ccgUxOIj.s 			page 31


 1339              	.LASF14:
 1340 00fc 75696E74 		.ascii	"uint32\000"
 1340      333200
 1341              	.LASF0:
 1342 0103 756E7369 		.ascii	"unsigned int\000"
 1342      676E6564 
 1342      20696E74 
 1342      00
 1343              	.LASF38:
 1344 0110 63796669 		.ascii	"cyfitter_cfg\000"
 1344      74746572 
 1344      5F636667 
 1344      00
 1345              	.LASF23:
 1346 011d 61646472 		.ascii	"address\000"
 1346      65737300 
 1347              	.LASF8:
 1348 0125 6C6F6E67 		.ascii	"long long unsigned int\000"
 1348      206C6F6E 
 1348      6720756E 
 1348      7369676E 
 1348      65642069 
 1349              	.LASF20:
 1350 013c 63796973 		.ascii	"cyisraddress\000"
 1350      72616464 
 1350      72657373 
 1350      00
 1351              	.LASF25:
 1352 0149 6366675F 		.ascii	"cfg_memset_t\000"
 1352      6D656D73 
 1352      65745F74 
 1352      00
 1353              	.LASF35:
 1354 0156 2E5C4765 		.ascii	".\\Generated_Source\\PSoC4\\cyfitter_cfg.c\000"
 1354      6E657261 
 1354      7465645F 
 1354      536F7572 
 1354      63655C50 
 1355              	.LASF9:
 1356 017e 73697A65 		.ascii	"sizetype\000"
 1356      74797065 
 1356      00
 1357              	.LASF7:
 1358 0187 6C6F6E67 		.ascii	"long long int\000"
 1358      206C6F6E 
 1358      6720696E 
 1358      7400
 1359              	.LASF32:
 1360 0195 43794465 		.ascii	"CyDelayUs\000"
 1360      6C617955 
 1360      7300
 1361              	.LASF10:
 1362 019f 63686172 		.ascii	"char\000"
 1362      00
 1363              	.LASF31:
 1364 01a4 43795379 		.ascii	"CySysClkEcoStart\000"
 1364      73436C6B 
ARM GAS  C:\Users\sunyi\AppData\Local\Temp\ccgUxOIj.s 			page 32


 1364      45636F53 
 1364      74617274 
 1364      00
 1365              	.LASF34:
 1366 01b5 474E5520 		.ascii	"GNU C 4.9.3 20150303 (release) [ARM/embedded-4_9-br"
 1366      4320342E 
 1366      392E3320 
 1366      32303135 
 1366      30333033 
 1367 01e8 616E6368 		.ascii	"anch revision 221220] -mcpu=cortex-m0 -mthumb -g -O"
 1367      20726576 
 1367      6973696F 
 1367      6E203232 
 1367      31323230 
 1368 021b 67202D66 		.ascii	"g -ffunction-sections -ffat-lto-objects\000"
 1368      66756E63 
 1368      74696F6E 
 1368      2D736563 
 1368      74696F6E 
 1369              	.LASF36:
 1370 0243 433A5C55 		.ascii	"C:\\Users\\sunyi\\Desktop\\BLE Lab1\\BLE Lab1.cydsn"
 1370      73657273 
 1370      5C73756E 
 1370      79695C44 
 1370      65736B74 
 1371 0271 00       		.ascii	"\000"
 1372              	.LASF3:
 1373 0272 73686F72 		.ascii	"short int\000"
 1373      7420696E 
 1373      7400
 1374              	.LASF29:
 1375 027c 43795379 		.ascii	"CySysClkWriteImoFreq\000"
 1375      73436C6B 
 1375      57726974 
 1375      65496D6F 
 1375      46726571 
 1376              	.LASF5:
 1377 0291 6C6F6E67 		.ascii	"long int\000"
 1377      20696E74 
 1377      00
 1378              	.LASF1:
 1379 029a 7369676E 		.ascii	"signed char\000"
 1379      65642063 
 1379      68617200 
 1380              		.ident	"GCC: (GNU Tools for ARM Embedded Processors) 4.9.3 20150303 (release) [ARM/embedded-4_9-br
