ARM GAS  C:\Users\sunyi\AppData\Local\Temp\cck3jIJb.s 			page 1


   1              		.cpu cortex-m0
   2              		.fpu softvfp
   3              		.eabi_attribute 20, 1
   4              		.eabi_attribute 21, 1
   5              		.eabi_attribute 23, 3
   6              		.eabi_attribute 24, 1
   7              		.eabi_attribute 25, 1
   8              		.eabi_attribute 26, 1
   9              		.eabi_attribute 30, 1
  10              		.eabi_attribute 34, 0
  11              		.eabi_attribute 18, 4
  12              		.code	16
  13              		.file	"cyfitter_cfg.c"
  14              		.text
  15              	.Ltext0:
  16              		.cfi_sections	.debug_frame
  17              		.section	.text.AnalogSetDefault,"ax",%progbits
  18              		.align	2
  19              		.code	16
  20              		.thumb_func
  21              		.type	AnalogSetDefault, %function
  22              	AnalogSetDefault:
  23              	.LFB6:
  24              		.file 1 ".\\Generated_Source\\PSoC4\\cyfitter_cfg.c"
   1:.\Generated_Source\PSoC4/cyfitter_cfg.c **** /*******************************************************************************
   2:.\Generated_Source\PSoC4/cyfitter_cfg.c **** * File Name: cyfitter_cfg.c
   3:.\Generated_Source\PSoC4/cyfitter_cfg.c **** * 
   4:.\Generated_Source\PSoC4/cyfitter_cfg.c **** * PSoC Creator  3.3 SP2
   5:.\Generated_Source\PSoC4/cyfitter_cfg.c **** *
   6:.\Generated_Source\PSoC4/cyfitter_cfg.c **** * Description:
   7:.\Generated_Source\PSoC4/cyfitter_cfg.c **** * This file contains device initialization code.
   8:.\Generated_Source\PSoC4/cyfitter_cfg.c **** * Except for the user defined sections in CyClockStartupError(), this file should not be modified.
   9:.\Generated_Source\PSoC4/cyfitter_cfg.c **** * This file is automatically generated by PSoC Creator.
  10:.\Generated_Source\PSoC4/cyfitter_cfg.c **** *
  11:.\Generated_Source\PSoC4/cyfitter_cfg.c **** ********************************************************************************
  12:.\Generated_Source\PSoC4/cyfitter_cfg.c **** * Copyright (c) 2007-2016 Cypress Semiconductor.  All rights reserved.
  13:.\Generated_Source\PSoC4/cyfitter_cfg.c **** * You may use this file only in accordance with the license, terms, conditions, 
  14:.\Generated_Source\PSoC4/cyfitter_cfg.c **** * disclaimers, and limitations in the end user license agreement accompanying 
  15:.\Generated_Source\PSoC4/cyfitter_cfg.c **** * the software package with which this file was provided.
  16:.\Generated_Source\PSoC4/cyfitter_cfg.c **** ********************************************************************************/
  17:.\Generated_Source\PSoC4/cyfitter_cfg.c **** 
  18:.\Generated_Source\PSoC4/cyfitter_cfg.c **** #include <string.h>
  19:.\Generated_Source\PSoC4/cyfitter_cfg.c **** #include "cytypes.h"
  20:.\Generated_Source\PSoC4/cyfitter_cfg.c **** #include "cydevice_trm.h"
  21:.\Generated_Source\PSoC4/cyfitter_cfg.c **** #include "cyfitter.h"
  22:.\Generated_Source\PSoC4/cyfitter_cfg.c **** #include "CyLib.h"
  23:.\Generated_Source\PSoC4/cyfitter_cfg.c **** #include "CyLFClk.h"
  24:.\Generated_Source\PSoC4/cyfitter_cfg.c **** #include "cyfitter_cfg.h"
  25:.\Generated_Source\PSoC4/cyfitter_cfg.c **** 
  26:.\Generated_Source\PSoC4/cyfitter_cfg.c **** 
  27:.\Generated_Source\PSoC4/cyfitter_cfg.c **** #if defined(__GNUC__) || defined(__ARMCC_VERSION)
  28:.\Generated_Source\PSoC4/cyfitter_cfg.c ****     #define CYPACKED 
  29:.\Generated_Source\PSoC4/cyfitter_cfg.c ****     #define CYPACKED_ATTR __attribute__ ((packed))
  30:.\Generated_Source\PSoC4/cyfitter_cfg.c ****     #define CYALIGNED __attribute__ ((aligned))
  31:.\Generated_Source\PSoC4/cyfitter_cfg.c ****     #define CY_CFG_UNUSED __attribute__ ((unused))
  32:.\Generated_Source\PSoC4/cyfitter_cfg.c ****     #ifndef CY_CFG_SECTION
  33:.\Generated_Source\PSoC4/cyfitter_cfg.c ****         #define CY_CFG_SECTION __attribute__ ((section(".psocinit")))
ARM GAS  C:\Users\sunyi\AppData\Local\Temp\cck3jIJb.s 			page 2


  34:.\Generated_Source\PSoC4/cyfitter_cfg.c ****     #endif
  35:.\Generated_Source\PSoC4/cyfitter_cfg.c ****     
  36:.\Generated_Source\PSoC4/cyfitter_cfg.c ****     #if defined(__ARMCC_VERSION)
  37:.\Generated_Source\PSoC4/cyfitter_cfg.c ****         #define CY_CFG_MEMORY_BARRIER() __memory_changed()
  38:.\Generated_Source\PSoC4/cyfitter_cfg.c ****     #else
  39:.\Generated_Source\PSoC4/cyfitter_cfg.c ****         #define CY_CFG_MEMORY_BARRIER() __sync_synchronize()
  40:.\Generated_Source\PSoC4/cyfitter_cfg.c ****     #endif
  41:.\Generated_Source\PSoC4/cyfitter_cfg.c ****     
  42:.\Generated_Source\PSoC4/cyfitter_cfg.c **** #elif defined(__ICCARM__)
  43:.\Generated_Source\PSoC4/cyfitter_cfg.c ****     #include <intrinsics.h>
  44:.\Generated_Source\PSoC4/cyfitter_cfg.c **** 
  45:.\Generated_Source\PSoC4/cyfitter_cfg.c ****     #define CYPACKED __packed
  46:.\Generated_Source\PSoC4/cyfitter_cfg.c ****     #define CYPACKED_ATTR 
  47:.\Generated_Source\PSoC4/cyfitter_cfg.c ****     #define CYALIGNED _Pragma("data_alignment=4")
  48:.\Generated_Source\PSoC4/cyfitter_cfg.c ****     #define CY_CFG_UNUSED _Pragma("diag_suppress=Pe177")
  49:.\Generated_Source\PSoC4/cyfitter_cfg.c ****     #define CY_CFG_SECTION _Pragma("location=\".psocinit\"")
  50:.\Generated_Source\PSoC4/cyfitter_cfg.c ****     
  51:.\Generated_Source\PSoC4/cyfitter_cfg.c ****     #define CY_CFG_MEMORY_BARRIER() __DMB()
  52:.\Generated_Source\PSoC4/cyfitter_cfg.c ****     
  53:.\Generated_Source\PSoC4/cyfitter_cfg.c **** #else
  54:.\Generated_Source\PSoC4/cyfitter_cfg.c ****     #error Unsupported toolchain
  55:.\Generated_Source\PSoC4/cyfitter_cfg.c **** #endif
  56:.\Generated_Source\PSoC4/cyfitter_cfg.c **** 
  57:.\Generated_Source\PSoC4/cyfitter_cfg.c **** 
  58:.\Generated_Source\PSoC4/cyfitter_cfg.c **** CY_CFG_UNUSED
  59:.\Generated_Source\PSoC4/cyfitter_cfg.c **** static void CYMEMZERO(void *s, size_t n);
  60:.\Generated_Source\PSoC4/cyfitter_cfg.c **** CY_CFG_UNUSED
  61:.\Generated_Source\PSoC4/cyfitter_cfg.c **** static void CYMEMZERO(void *s, size_t n)
  62:.\Generated_Source\PSoC4/cyfitter_cfg.c **** {
  63:.\Generated_Source\PSoC4/cyfitter_cfg.c **** 	(void)memset(s, 0, n);
  64:.\Generated_Source\PSoC4/cyfitter_cfg.c **** }
  65:.\Generated_Source\PSoC4/cyfitter_cfg.c **** CY_CFG_UNUSED
  66:.\Generated_Source\PSoC4/cyfitter_cfg.c **** static void CYCONFIGCPY(void *dest, const void *src, size_t n);
  67:.\Generated_Source\PSoC4/cyfitter_cfg.c **** CY_CFG_UNUSED
  68:.\Generated_Source\PSoC4/cyfitter_cfg.c **** static void CYCONFIGCPY(void *dest, const void *src, size_t n)
  69:.\Generated_Source\PSoC4/cyfitter_cfg.c **** {
  70:.\Generated_Source\PSoC4/cyfitter_cfg.c **** 	(void)memcpy(dest, src, n);
  71:.\Generated_Source\PSoC4/cyfitter_cfg.c **** }
  72:.\Generated_Source\PSoC4/cyfitter_cfg.c **** CY_CFG_UNUSED
  73:.\Generated_Source\PSoC4/cyfitter_cfg.c **** static void CYCONFIGCPYCODE(void *dest, const void *src, size_t n);
  74:.\Generated_Source\PSoC4/cyfitter_cfg.c **** CY_CFG_UNUSED
  75:.\Generated_Source\PSoC4/cyfitter_cfg.c **** static void CYCONFIGCPYCODE(void *dest, const void *src, size_t n)
  76:.\Generated_Source\PSoC4/cyfitter_cfg.c **** {
  77:.\Generated_Source\PSoC4/cyfitter_cfg.c **** 	(void)memcpy(dest, src, n);
  78:.\Generated_Source\PSoC4/cyfitter_cfg.c **** }
  79:.\Generated_Source\PSoC4/cyfitter_cfg.c **** 
  80:.\Generated_Source\PSoC4/cyfitter_cfg.c **** 
  81:.\Generated_Source\PSoC4/cyfitter_cfg.c **** 
  82:.\Generated_Source\PSoC4/cyfitter_cfg.c **** /* Clock startup error codes                                                   */
  83:.\Generated_Source\PSoC4/cyfitter_cfg.c **** #define CYCLOCKSTART_NO_ERROR    0u
  84:.\Generated_Source\PSoC4/cyfitter_cfg.c **** #define CYCLOCKSTART_XTAL_ERROR  1u
  85:.\Generated_Source\PSoC4/cyfitter_cfg.c **** #define CYCLOCKSTART_32KHZ_ERROR 2u
  86:.\Generated_Source\PSoC4/cyfitter_cfg.c **** #define CYCLOCKSTART_PLL_ERROR   3u
  87:.\Generated_Source\PSoC4/cyfitter_cfg.c **** 
  88:.\Generated_Source\PSoC4/cyfitter_cfg.c **** #ifdef CY_NEED_CYCLOCKSTARTUPERROR
  89:.\Generated_Source\PSoC4/cyfitter_cfg.c **** /*******************************************************************************
  90:.\Generated_Source\PSoC4/cyfitter_cfg.c **** * Function Name: CyClockStartupError
ARM GAS  C:\Users\sunyi\AppData\Local\Temp\cck3jIJb.s 			page 3


  91:.\Generated_Source\PSoC4/cyfitter_cfg.c **** ********************************************************************************
  92:.\Generated_Source\PSoC4/cyfitter_cfg.c **** * Summary:
  93:.\Generated_Source\PSoC4/cyfitter_cfg.c **** *  If an error is encountered during clock configuration (crystal startup error,
  94:.\Generated_Source\PSoC4/cyfitter_cfg.c **** *  PLL lock error, etc.), the system will end up here.  Unless reimplemented by
  95:.\Generated_Source\PSoC4/cyfitter_cfg.c **** *  the customer, this function will stop in an infinite loop.
  96:.\Generated_Source\PSoC4/cyfitter_cfg.c **** *
  97:.\Generated_Source\PSoC4/cyfitter_cfg.c **** * Parameters:
  98:.\Generated_Source\PSoC4/cyfitter_cfg.c **** *   void
  99:.\Generated_Source\PSoC4/cyfitter_cfg.c **** *
 100:.\Generated_Source\PSoC4/cyfitter_cfg.c **** * Return:
 101:.\Generated_Source\PSoC4/cyfitter_cfg.c **** *   void
 102:.\Generated_Source\PSoC4/cyfitter_cfg.c **** *
 103:.\Generated_Source\PSoC4/cyfitter_cfg.c **** *******************************************************************************/
 104:.\Generated_Source\PSoC4/cyfitter_cfg.c **** CY_CFG_UNUSED
 105:.\Generated_Source\PSoC4/cyfitter_cfg.c **** static void CyClockStartupError(uint8 errorCode);
 106:.\Generated_Source\PSoC4/cyfitter_cfg.c **** CY_CFG_UNUSED
 107:.\Generated_Source\PSoC4/cyfitter_cfg.c **** static void CyClockStartupError(uint8 errorCode)
 108:.\Generated_Source\PSoC4/cyfitter_cfg.c **** {
 109:.\Generated_Source\PSoC4/cyfitter_cfg.c ****     /* To remove the compiler warning if errorCode not used.                */
 110:.\Generated_Source\PSoC4/cyfitter_cfg.c ****     errorCode = errorCode;
 111:.\Generated_Source\PSoC4/cyfitter_cfg.c **** 
 112:.\Generated_Source\PSoC4/cyfitter_cfg.c ****     /* `#START CyClockStartupError` */
 113:.\Generated_Source\PSoC4/cyfitter_cfg.c **** 
 114:.\Generated_Source\PSoC4/cyfitter_cfg.c ****     /* If we have a clock startup error (bad MHz crystal, PLL lock, etc.),  */
 115:.\Generated_Source\PSoC4/cyfitter_cfg.c ****     /* we will end up here to allow the customer to implement something to  */
 116:.\Generated_Source\PSoC4/cyfitter_cfg.c ****     /* deal with the clock condition.                                       */
 117:.\Generated_Source\PSoC4/cyfitter_cfg.c **** 
 118:.\Generated_Source\PSoC4/cyfitter_cfg.c ****     /* `#END` */
 119:.\Generated_Source\PSoC4/cyfitter_cfg.c **** 
 120:.\Generated_Source\PSoC4/cyfitter_cfg.c ****     /* If nothing else, stop here since the clocks have not started         */
 121:.\Generated_Source\PSoC4/cyfitter_cfg.c ****     /* correctly.                                                           */
 122:.\Generated_Source\PSoC4/cyfitter_cfg.c ****     while(1) {}
 123:.\Generated_Source\PSoC4/cyfitter_cfg.c **** }
 124:.\Generated_Source\PSoC4/cyfitter_cfg.c **** #endif
 125:.\Generated_Source\PSoC4/cyfitter_cfg.c **** 
 126:.\Generated_Source\PSoC4/cyfitter_cfg.c **** 
 127:.\Generated_Source\PSoC4/cyfitter_cfg.c **** 
 128:.\Generated_Source\PSoC4/cyfitter_cfg.c **** /*******************************************************************************
 129:.\Generated_Source\PSoC4/cyfitter_cfg.c **** * Function Name: ClockSetup
 130:.\Generated_Source\PSoC4/cyfitter_cfg.c **** ********************************************************************************
 131:.\Generated_Source\PSoC4/cyfitter_cfg.c **** *
 132:.\Generated_Source\PSoC4/cyfitter_cfg.c **** * Summary:
 133:.\Generated_Source\PSoC4/cyfitter_cfg.c **** *   Performs the initialization of all of the clocks in the device based on the
 134:.\Generated_Source\PSoC4/cyfitter_cfg.c **** *   settings in the Clock tab of the DWR.  This includes enabling the requested
 135:.\Generated_Source\PSoC4/cyfitter_cfg.c **** *   clocks and setting the necessary dividers to produce the desired frequency. 
 136:.\Generated_Source\PSoC4/cyfitter_cfg.c **** *
 137:.\Generated_Source\PSoC4/cyfitter_cfg.c **** * Parameters:
 138:.\Generated_Source\PSoC4/cyfitter_cfg.c **** *   void
 139:.\Generated_Source\PSoC4/cyfitter_cfg.c **** *
 140:.\Generated_Source\PSoC4/cyfitter_cfg.c **** * Return:
 141:.\Generated_Source\PSoC4/cyfitter_cfg.c **** *   void
 142:.\Generated_Source\PSoC4/cyfitter_cfg.c **** *
 143:.\Generated_Source\PSoC4/cyfitter_cfg.c **** *******************************************************************************/
 144:.\Generated_Source\PSoC4/cyfitter_cfg.c **** static void ClockSetup(void);
 145:.\Generated_Source\PSoC4/cyfitter_cfg.c **** CY_CFG_SECTION
 146:.\Generated_Source\PSoC4/cyfitter_cfg.c **** static void ClockSetup(void)
 147:.\Generated_Source\PSoC4/cyfitter_cfg.c **** {
ARM GAS  C:\Users\sunyi\AppData\Local\Temp\cck3jIJb.s 			page 4


 148:.\Generated_Source\PSoC4/cyfitter_cfg.c **** 
 149:.\Generated_Source\PSoC4/cyfitter_cfg.c **** 	/* Set Flash Cycles based on max possible frequency in case a glitch occurs during ClockSetup(). *
 150:.\Generated_Source\PSoC4/cyfitter_cfg.c **** 	CY_SET_REG32((void CYXDATA *)(CYREG_CPUSS_FLASH_CTL), (0x0012u));
 151:.\Generated_Source\PSoC4/cyfitter_cfg.c **** 
 152:.\Generated_Source\PSoC4/cyfitter_cfg.c **** 	/* Start the WCO */
 153:.\Generated_Source\PSoC4/cyfitter_cfg.c **** 	CySysClkWcoStart();
 154:.\Generated_Source\PSoC4/cyfitter_cfg.c **** 	CyDelayCycles(12000000u); /* WCO may take up to 500ms to start */
 155:.\Generated_Source\PSoC4/cyfitter_cfg.c **** 	(void)CySysClkWcoSetPowerMode(CY_SYS_CLK_WCO_LPM);    /* Switch to the low power mode */
 156:.\Generated_Source\PSoC4/cyfitter_cfg.c **** 
 157:.\Generated_Source\PSoC4/cyfitter_cfg.c **** 	/* Setup and trim IMO based on desired frequency. */
 158:.\Generated_Source\PSoC4/cyfitter_cfg.c **** 	CySysClkWriteImoFreq(48u);
 159:.\Generated_Source\PSoC4/cyfitter_cfg.c **** 	/* CYDEV_CLK_ILO_CONFIG Starting address: CYDEV_CLK_ILO_CONFIG */
 160:.\Generated_Source\PSoC4/cyfitter_cfg.c **** 	CY_SET_XTND_REG32((void CYFAR *)(CYREG_CLK_ILO_CONFIG), 0x80000006u);
 161:.\Generated_Source\PSoC4/cyfitter_cfg.c **** 
 162:.\Generated_Source\PSoC4/cyfitter_cfg.c **** 	/* CYDEV_WDT_CONFIG Starting address: CYDEV_WDT_CONFIG */
 163:.\Generated_Source\PSoC4/cyfitter_cfg.c **** 	CY_SET_XTND_REG32((void CYFAR *)(CYREG_WDT_CONFIG), 0x40000000u);
 164:.\Generated_Source\PSoC4/cyfitter_cfg.c **** 
 165:.\Generated_Source\PSoC4/cyfitter_cfg.c **** 
 166:.\Generated_Source\PSoC4/cyfitter_cfg.c **** 	/* Enable fast start mode for XO */
 167:.\Generated_Source\PSoC4/cyfitter_cfg.c **** 	CY_SET_REG32((void*)CYREG_BLE_BLERD_BB_XO, CY_GET_REG32((void*)CYREG_BLE_BLERD_BB_XO) | (uint32)0x
 168:.\Generated_Source\PSoC4/cyfitter_cfg.c **** 	CY_SET_XTND_REG32((void CYFAR *)(CYREG_BLE_BLERD_BB_XO_CAPTRIM), 0x00003E2Du);
 169:.\Generated_Source\PSoC4/cyfitter_cfg.c **** 	/* Disable Crystal Stable Interrupt before enabling ECO */
 170:.\Generated_Source\PSoC4/cyfitter_cfg.c **** 	CY_SET_REG32((void*)CYREG_BLE_BLESS_LL_DSM_CTRL, CY_GET_REG32((void*)CYREG_BLE_BLESS_LL_DSM_CTRL) 
 171:.\Generated_Source\PSoC4/cyfitter_cfg.c **** 	/* Start the ECO and do not check status since it is not needed for HFCLK */
 172:.\Generated_Source\PSoC4/cyfitter_cfg.c **** 	(void)CySysClkEcoStart(2000u);
 173:.\Generated_Source\PSoC4/cyfitter_cfg.c **** 	CyDelayUs(1500u); /* Wait to stabalize */
 174:.\Generated_Source\PSoC4/cyfitter_cfg.c **** 
 175:.\Generated_Source\PSoC4/cyfitter_cfg.c **** 	/* Setup phase aligned clocks */
 176:.\Generated_Source\PSoC4/cyfitter_cfg.c **** 
 177:.\Generated_Source\PSoC4/cyfitter_cfg.c **** 	/* CYDEV_CLK_IMO_CONFIG Starting address: CYDEV_CLK_IMO_CONFIG */
 178:.\Generated_Source\PSoC4/cyfitter_cfg.c **** 	CY_SET_XTND_REG32((void CYFAR *)(CYREG_CLK_IMO_CONFIG), 0x80000000u);
 179:.\Generated_Source\PSoC4/cyfitter_cfg.c **** 
 180:.\Generated_Source\PSoC4/cyfitter_cfg.c **** 	/* CYDEV_CLK_SELECT Starting address: CYDEV_CLK_SELECT */
 181:.\Generated_Source\PSoC4/cyfitter_cfg.c **** 	CY_SET_XTND_REG32((void CYFAR *)(CYREG_CLK_SELECT), 0x00040000u);
 182:.\Generated_Source\PSoC4/cyfitter_cfg.c **** 
 183:.\Generated_Source\PSoC4/cyfitter_cfg.c **** 	(void)CyIntSetVector(8u, &CySysWdtIsr);
 184:.\Generated_Source\PSoC4/cyfitter_cfg.c **** 	CyIntEnable(8u);
 185:.\Generated_Source\PSoC4/cyfitter_cfg.c **** 	CY_SET_XTND_REG32((void CYFAR *)(CYREG_WDT_CONFIG), 0x40000000u);
 186:.\Generated_Source\PSoC4/cyfitter_cfg.c **** }
 187:.\Generated_Source\PSoC4/cyfitter_cfg.c **** 
 188:.\Generated_Source\PSoC4/cyfitter_cfg.c **** 
 189:.\Generated_Source\PSoC4/cyfitter_cfg.c **** /* Analog API Functions */
 190:.\Generated_Source\PSoC4/cyfitter_cfg.c **** 
 191:.\Generated_Source\PSoC4/cyfitter_cfg.c **** 
 192:.\Generated_Source\PSoC4/cyfitter_cfg.c **** /*******************************************************************************
 193:.\Generated_Source\PSoC4/cyfitter_cfg.c **** * Function Name: AnalogSetDefault
 194:.\Generated_Source\PSoC4/cyfitter_cfg.c **** ********************************************************************************
 195:.\Generated_Source\PSoC4/cyfitter_cfg.c **** *
 196:.\Generated_Source\PSoC4/cyfitter_cfg.c **** * Summary:
 197:.\Generated_Source\PSoC4/cyfitter_cfg.c **** *  Sets up the analog portions of the chip to default values based on chip
 198:.\Generated_Source\PSoC4/cyfitter_cfg.c **** *  configuration options from the project.
 199:.\Generated_Source\PSoC4/cyfitter_cfg.c **** *
 200:.\Generated_Source\PSoC4/cyfitter_cfg.c **** * Parameters:
 201:.\Generated_Source\PSoC4/cyfitter_cfg.c **** *  void
 202:.\Generated_Source\PSoC4/cyfitter_cfg.c **** *
 203:.\Generated_Source\PSoC4/cyfitter_cfg.c **** * Return:
 204:.\Generated_Source\PSoC4/cyfitter_cfg.c **** *  void
ARM GAS  C:\Users\sunyi\AppData\Local\Temp\cck3jIJb.s 			page 5


 205:.\Generated_Source\PSoC4/cyfitter_cfg.c **** *
 206:.\Generated_Source\PSoC4/cyfitter_cfg.c **** *******************************************************************************/
 207:.\Generated_Source\PSoC4/cyfitter_cfg.c **** static void AnalogSetDefault(void);
 208:.\Generated_Source\PSoC4/cyfitter_cfg.c **** static void AnalogSetDefault(void)
 209:.\Generated_Source\PSoC4/cyfitter_cfg.c **** {
  25              		.loc 1 209 0
  26              		.cfi_startproc
 210:.\Generated_Source\PSoC4/cyfitter_cfg.c **** 	CY_SET_XTND_REG32((void CYFAR *)CYREG_CTBM0_DFT_CTRL, 0x00000003u);
  27              		.loc 1 210 0
  28 0000 0323     		mov	r3, #3
  29 0002 044A     		ldr	r2, .L2
  30 0004 1360     		str	r3, [r2]
 211:.\Generated_Source\PSoC4/cyfitter_cfg.c **** 	CY_SET_XTND_REG32((void CYFAR *)CYREG_CTBM1_DFT_CTRL, 0x00000003u);
  31              		.loc 1 211 0
  32 0006 044A     		ldr	r2, .L2+4
  33 0008 1360     		str	r3, [r2]
 212:.\Generated_Source\PSoC4/cyfitter_cfg.c **** 	CY_SET_XTND_REG32((void CYFAR *)CYREG_PASS_DSAB_DSAB_CTRL, 0x00000000u);
  34              		.loc 1 212 0
  35 000a 0022     		mov	r2, #0
  36 000c 034B     		ldr	r3, .L2+8
  37 000e 1A60     		str	r2, [r3]
 213:.\Generated_Source\PSoC4/cyfitter_cfg.c **** }
  38              		.loc 1 213 0
  39              		@ sp needed
  40 0010 7047     		bx	lr
  41              	.L3:
  42 0012 C046     		.align	2
  43              	.L2:
  44 0014 30003040 		.word	1076887600
  45 0018 30003140 		.word	1076953136
  46 001c 000E3F40 		.word	1077874176
  47              		.cfi_endproc
  48              	.LFE6:
  49              		.size	AnalogSetDefault, .-AnalogSetDefault
  50              		.section	.text.CYMEMZERO,"ax",%progbits
  51              		.align	2
  52              		.code	16
  53              		.thumb_func
  54              		.type	CYMEMZERO, %function
  55              	CYMEMZERO:
  56              	.LFB2:
  62:.\Generated_Source\PSoC4/cyfitter_cfg.c **** 	(void)memset(s, 0, n);
  57              		.loc 1 62 0
  58              		.cfi_startproc
  59              	.LVL0:
  60 0000 08B5     		push	{r3, lr}
  61              		.cfi_def_cfa_offset 8
  62              		.cfi_offset 3, -8
  63              		.cfi_offset 14, -4
  64 0002 0A1C     		mov	r2, r1
  63:.\Generated_Source\PSoC4/cyfitter_cfg.c **** }
  65              		.loc 1 63 0
  66 0004 0021     		mov	r1, #0
  67              	.LVL1:
  68 0006 FFF7FEFF 		bl	memset
  69              	.LVL2:
  64:.\Generated_Source\PSoC4/cyfitter_cfg.c **** CY_CFG_UNUSED
ARM GAS  C:\Users\sunyi\AppData\Local\Temp\cck3jIJb.s 			page 6


  70              		.loc 1 64 0
  71              		@ sp needed
  72 000a 08BD     		pop	{r3, pc}
  73              		.cfi_endproc
  74              	.LFE2:
  75              		.size	CYMEMZERO, .-CYMEMZERO
  76              		.section	.psocinit,"ax",%progbits
  77              		.align	2
  78              		.code	16
  79              		.thumb_func
  80              		.type	ClockSetup, %function
  81              	ClockSetup:
  82              	.LFB5:
 147:.\Generated_Source\PSoC4/cyfitter_cfg.c **** 
  83              		.loc 1 147 0
  84              		.cfi_startproc
  85 0000 38B5     		push	{r3, r4, r5, lr}
  86              		.cfi_def_cfa_offset 16
  87              		.cfi_offset 3, -16
  88              		.cfi_offset 4, -12
  89              		.cfi_offset 5, -8
  90              		.cfi_offset 14, -4
 150:.\Generated_Source\PSoC4/cyfitter_cfg.c **** 
  91              		.loc 1 150 0
  92 0002 1222     		mov	r2, #18
  93 0004 1C4B     		ldr	r3, .L6
  94 0006 1A60     		str	r2, [r3]
 153:.\Generated_Source\PSoC4/cyfitter_cfg.c **** 	CyDelayCycles(12000000u); /* WCO may take up to 500ms to start */
  95              		.loc 1 153 0
  96 0008 FFF7FEFF 		bl	CySysClkWcoStart
  97              	.LVL3:
 154:.\Generated_Source\PSoC4/cyfitter_cfg.c **** 	(void)CySysClkWcoSetPowerMode(CY_SYS_CLK_WCO_LPM);    /* Switch to the low power mode */
  98              		.loc 1 154 0
  99 000c 1B48     		ldr	r0, .L6+4
 100 000e FFF7FEFF 		bl	CyDelayCycles
 101              	.LVL4:
 155:.\Generated_Source\PSoC4/cyfitter_cfg.c **** 
 102              		.loc 1 155 0
 103 0012 0120     		mov	r0, #1
 104 0014 FFF7FEFF 		bl	CySysClkWcoSetPowerMode
 105              	.LVL5:
 158:.\Generated_Source\PSoC4/cyfitter_cfg.c **** 	/* CYDEV_CLK_ILO_CONFIG Starting address: CYDEV_CLK_ILO_CONFIG */
 106              		.loc 1 158 0
 107 0018 3020     		mov	r0, #48
 108 001a FFF7FEFF 		bl	CySysClkWriteImoFreq
 109              	.LVL6:
 160:.\Generated_Source\PSoC4/cyfitter_cfg.c **** 
 110              		.loc 1 160 0
 111 001e 184A     		ldr	r2, .L6+8
 112 0020 184B     		ldr	r3, .L6+12
 113 0022 1A60     		str	r2, [r3]
 163:.\Generated_Source\PSoC4/cyfitter_cfg.c **** 
 114              		.loc 1 163 0
 115 0024 184C     		ldr	r4, .L6+16
 116 0026 8025     		mov	r5, #128
 117 0028 ED05     		lsl	r5, r5, #23
 118 002a 2560     		str	r5, [r4]
ARM GAS  C:\Users\sunyi\AppData\Local\Temp\cck3jIJb.s 			page 7


 167:.\Generated_Source\PSoC4/cyfitter_cfg.c **** 	CY_SET_XTND_REG32((void CYFAR *)(CYREG_BLE_BLERD_BB_XO_CAPTRIM), 0x00003E2Du);
 119              		.loc 1 167 0
 120 002c 174A     		ldr	r2, .L6+20
 121 002e 1168     		ldr	r1, [r2]
 122 0030 0223     		mov	r3, #2
 123 0032 0B43     		orr	r3, r1
 124 0034 1360     		str	r3, [r2]
 168:.\Generated_Source\PSoC4/cyfitter_cfg.c **** 	/* Disable Crystal Stable Interrupt before enabling ECO */
 125              		.loc 1 168 0
 126 0036 164A     		ldr	r2, .L6+24
 127 0038 164B     		ldr	r3, .L6+28
 128 003a 1A60     		str	r2, [r3]
 170:.\Generated_Source\PSoC4/cyfitter_cfg.c **** 	/* Start the ECO and do not check status since it is not needed for HFCLK */
 129              		.loc 1 170 0
 130 003c 164A     		ldr	r2, .L6+32
 131 003e 1368     		ldr	r3, [r2]
 132 0040 0821     		mov	r1, #8
 133 0042 8B43     		bic	r3, r1
 134 0044 1360     		str	r3, [r2]
 172:.\Generated_Source\PSoC4/cyfitter_cfg.c **** 	CyDelayUs(1500u); /* Wait to stabalize */
 135              		.loc 1 172 0
 136 0046 FA20     		mov	r0, #250
 137 0048 C000     		lsl	r0, r0, #3
 138 004a FFF7FEFF 		bl	CySysClkEcoStart
 139              	.LVL7:
 173:.\Generated_Source\PSoC4/cyfitter_cfg.c **** 
 140              		.loc 1 173 0
 141 004e 1348     		ldr	r0, .L6+36
 142 0050 FFF7FEFF 		bl	CyDelayUs
 143              	.LVL8:
 178:.\Generated_Source\PSoC4/cyfitter_cfg.c **** 
 144              		.loc 1 178 0
 145 0054 8022     		mov	r2, #128
 146 0056 1206     		lsl	r2, r2, #24
 147 0058 114B     		ldr	r3, .L6+40
 148 005a 1A60     		str	r2, [r3]
 181:.\Generated_Source\PSoC4/cyfitter_cfg.c **** 
 149              		.loc 1 181 0
 150 005c 8022     		mov	r2, #128
 151 005e D202     		lsl	r2, r2, #11
 152 0060 104B     		ldr	r3, .L6+44
 153 0062 1A60     		str	r2, [r3]
 183:.\Generated_Source\PSoC4/cyfitter_cfg.c **** 	CyIntEnable(8u);
 154              		.loc 1 183 0
 155 0064 0820     		mov	r0, #8
 156 0066 1049     		ldr	r1, .L6+48
 157 0068 FFF7FEFF 		bl	CyIntSetVector
 158              	.LVL9:
 184:.\Generated_Source\PSoC4/cyfitter_cfg.c **** 	CY_SET_XTND_REG32((void CYFAR *)(CYREG_WDT_CONFIG), 0x40000000u);
 159              		.loc 1 184 0
 160 006c 0820     		mov	r0, #8
 161 006e FFF7FEFF 		bl	CyIntEnable
 162              	.LVL10:
 185:.\Generated_Source\PSoC4/cyfitter_cfg.c **** }
 163              		.loc 1 185 0
 164 0072 2560     		str	r5, [r4]
 186:.\Generated_Source\PSoC4/cyfitter_cfg.c **** 
ARM GAS  C:\Users\sunyi\AppData\Local\Temp\cck3jIJb.s 			page 8


 165              		.loc 1 186 0
 166              		@ sp needed
 167 0074 38BD     		pop	{r3, r4, r5, pc}
 168              	.L7:
 169 0076 C046     		.align	2
 170              	.L6:
 171 0078 30001040 		.word	1074790448
 172 007c 001BB700 		.word	12000000
 173 0080 06000080 		.word	-2147483642
 174 0084 04010B40 		.word	1074462980
 175 0088 0C020B40 		.word	1074463244
 176 008c 78002E40 		.word	1076756600
 177 0090 2D3E0000 		.word	15917
 178 0094 7C002E40 		.word	1076756604
 179 0098 6CF02E40 		.word	1076818028
 180 009c DC050000 		.word	1500
 181 00a0 08010B40 		.word	1074462984
 182 00a4 00010B40 		.word	1074462976
 183 00a8 00000000 		.word	CySysWdtIsr
 184              		.cfi_endproc
 185              	.LFE5:
 186              		.size	ClockSetup, .-ClockSetup
 187              		.align	2
 188              		.global	cyfitter_cfg
 189              		.code	16
 190              		.thumb_func
 191              		.type	cyfitter_cfg, %function
 192              	cyfitter_cfg:
 193              	.LFB7:
 214:.\Generated_Source\PSoC4/cyfitter_cfg.c **** 
 215:.\Generated_Source\PSoC4/cyfitter_cfg.c **** #define CY_AMUX_UNUSED CYREG_CM0_ROM_DWT
 216:.\Generated_Source\PSoC4/cyfitter_cfg.c **** 
 217:.\Generated_Source\PSoC4/cyfitter_cfg.c **** 
 218:.\Generated_Source\PSoC4/cyfitter_cfg.c **** /*******************************************************************************
 219:.\Generated_Source\PSoC4/cyfitter_cfg.c **** * Function Name: cyfitter_cfg
 220:.\Generated_Source\PSoC4/cyfitter_cfg.c **** ********************************************************************************
 221:.\Generated_Source\PSoC4/cyfitter_cfg.c **** * Summary:
 222:.\Generated_Source\PSoC4/cyfitter_cfg.c **** *  This function is called by the start-up code for the selected device. It
 223:.\Generated_Source\PSoC4/cyfitter_cfg.c **** *  performs all of the necessary device configuration based on the design
 224:.\Generated_Source\PSoC4/cyfitter_cfg.c **** *  settings.  This includes settings from the Design Wide Resources (DWR) such
 225:.\Generated_Source\PSoC4/cyfitter_cfg.c **** *  as Clocks and Pins as well as any component configuration that is necessary.
 226:.\Generated_Source\PSoC4/cyfitter_cfg.c **** *
 227:.\Generated_Source\PSoC4/cyfitter_cfg.c **** * Parameters:  
 228:.\Generated_Source\PSoC4/cyfitter_cfg.c **** *   void
 229:.\Generated_Source\PSoC4/cyfitter_cfg.c **** *
 230:.\Generated_Source\PSoC4/cyfitter_cfg.c **** * Return:
 231:.\Generated_Source\PSoC4/cyfitter_cfg.c **** *   void
 232:.\Generated_Source\PSoC4/cyfitter_cfg.c **** *
 233:.\Generated_Source\PSoC4/cyfitter_cfg.c **** *******************************************************************************/
 234:.\Generated_Source\PSoC4/cyfitter_cfg.c **** CY_CFG_SECTION
 235:.\Generated_Source\PSoC4/cyfitter_cfg.c **** void cyfitter_cfg(void)
 236:.\Generated_Source\PSoC4/cyfitter_cfg.c **** {
 194              		.loc 1 236 0
 195              		.cfi_startproc
 196 00ac 10B5     		push	{r4, lr}
 197              		.cfi_def_cfa_offset 8
 198              		.cfi_offset 4, -8
ARM GAS  C:\Users\sunyi\AppData\Local\Temp\cck3jIJb.s 			page 9


 199              		.cfi_offset 14, -4
 237:.\Generated_Source\PSoC4/cyfitter_cfg.c **** 	/* Disable interrupts by default. Let user enable if/when they want. */
 238:.\Generated_Source\PSoC4/cyfitter_cfg.c **** 	CyGlobalIntDisable;
 200              		.loc 1 238 0
 201              	@ 238 ".\Generated_Source\PSoC4\cyfitter_cfg.c" 1
 202 00ae 72B6     		CPSID   i
 203              	@ 0 "" 2
 239:.\Generated_Source\PSoC4/cyfitter_cfg.c **** 
 240:.\Generated_Source\PSoC4/cyfitter_cfg.c **** 	CY_SET_XTND_REG32((void CYFAR *)(CYREG_BLE_BLESS_LL_DSM_CTRL), 0x00000000u);
 204              		.loc 1 240 0
 205              		.code	16
 206 00b0 0022     		mov	r2, #0
 207 00b2 214B     		ldr	r3, .L11
 208 00b4 1A60     		str	r2, [r3]
 209              	.LVL11:
 210              	.LBB2:
 241:.\Generated_Source\PSoC4/cyfitter_cfg.c **** 
 242:.\Generated_Source\PSoC4/cyfitter_cfg.c **** 	{
 243:.\Generated_Source\PSoC4/cyfitter_cfg.c **** 
 244:.\Generated_Source\PSoC4/cyfitter_cfg.c **** 		CYPACKED typedef struct {
 245:.\Generated_Source\PSoC4/cyfitter_cfg.c **** 			void CYFAR *address;
 246:.\Generated_Source\PSoC4/cyfitter_cfg.c **** 			uint16 size;
 247:.\Generated_Source\PSoC4/cyfitter_cfg.c **** 		} CYPACKED_ATTR cfg_memset_t;
 248:.\Generated_Source\PSoC4/cyfitter_cfg.c **** 
 249:.\Generated_Source\PSoC4/cyfitter_cfg.c **** 		static const cfg_memset_t CYCODE cfg_memset_list [] = {
 250:.\Generated_Source\PSoC4/cyfitter_cfg.c **** 			/* address, size */
 251:.\Generated_Source\PSoC4/cyfitter_cfg.c **** 			{(void CYFAR *)(CYDEV_UDB_P0_U0_BASE), 1024u},
 252:.\Generated_Source\PSoC4/cyfitter_cfg.c **** 			{(void CYFAR *)(CYDEV_UDB_DSI0_BASE), 1024u},
 253:.\Generated_Source\PSoC4/cyfitter_cfg.c **** 		};
 254:.\Generated_Source\PSoC4/cyfitter_cfg.c **** 
 255:.\Generated_Source\PSoC4/cyfitter_cfg.c **** 		uint8 CYDATA i;
 256:.\Generated_Source\PSoC4/cyfitter_cfg.c **** 
 257:.\Generated_Source\PSoC4/cyfitter_cfg.c **** 		/* Zero out critical memory blocks before beginning configuration */
 258:.\Generated_Source\PSoC4/cyfitter_cfg.c **** 		for (i = 0u; i < (sizeof(cfg_memset_list)/sizeof(cfg_memset_list[0])); i++)
 211              		.loc 1 258 0
 212 00b6 0024     		mov	r4, #0
 213 00b8 10E0     		b	.L9
 214              	.LVL12:
 215              	.L10:
 216              	.LBB3:
 259:.\Generated_Source\PSoC4/cyfitter_cfg.c **** 		{
 260:.\Generated_Source\PSoC4/cyfitter_cfg.c **** 			const cfg_memset_t CYCODE * CYDATA ms = &cfg_memset_list[i];
 261:.\Generated_Source\PSoC4/cyfitter_cfg.c **** 			CYMEMZERO(ms->address, (size_t)(uint32)(ms->size));
 217              		.loc 1 261 0 discriminator 3
 218 00ba 2048     		ldr	r0, .L11+4
 219 00bc 6300     		lsl	r3, r4, #1
 220 00be 1A19     		add	r2, r3, r4
 221 00c0 5200     		lsl	r2, r2, #1
 222 00c2 8218     		add	r2, r0, r2
 223 00c4 9188     		ldrh	r1, [r2, #4]
 224 00c6 1B19     		add	r3, r3, r4
 225 00c8 5B00     		lsl	r3, r3, #1
 226 00ca 1A5A     		ldrh	r2, [r3, r0]
 227 00cc C318     		add	r3, r0, r3
 228 00ce 5888     		ldrh	r0, [r3, #2]
 229 00d0 0004     		lsl	r0, r0, #16
 230 00d2 1043     		orr	r0, r2
ARM GAS  C:\Users\sunyi\AppData\Local\Temp\cck3jIJb.s 			page 10


 231 00d4 FFF7FEFF 		bl	CYMEMZERO
 232              	.LVL13:
 233              	.LBE3:
 258:.\Generated_Source\PSoC4/cyfitter_cfg.c **** 		{
 234              		.loc 1 258 0 discriminator 3
 235 00d8 0134     		add	r4, r4, #1
 236              	.LVL14:
 237 00da E4B2     		uxtb	r4, r4
 238              	.LVL15:
 239              	.L9:
 258:.\Generated_Source\PSoC4/cyfitter_cfg.c **** 		{
 240              		.loc 1 258 0 is_stmt 0 discriminator 1
 241 00dc 012C     		cmp	r4, #1
 242 00de ECD9     		bls	.L10
 262:.\Generated_Source\PSoC4/cyfitter_cfg.c **** 		}
 263:.\Generated_Source\PSoC4/cyfitter_cfg.c **** 
 264:.\Generated_Source\PSoC4/cyfitter_cfg.c **** 		/* HSIOM Starting address: CYDEV_HSIOM_BASE */
 265:.\Generated_Source\PSoC4/cyfitter_cfg.c **** 		CY_SET_XTND_REG32((void CYFAR *)(CYDEV_HSIOM_BASE), 0xEE000000u);
 243              		.loc 1 265 0 is_stmt 1
 244 00e0 EE22     		mov	r2, #238
 245 00e2 1206     		lsl	r2, r2, #24
 246 00e4 164B     		ldr	r3, .L11+8
 247 00e6 1A60     		str	r2, [r3]
 266:.\Generated_Source\PSoC4/cyfitter_cfg.c **** 
 267:.\Generated_Source\PSoC4/cyfitter_cfg.c **** 		/* UDB_PA_0 Starting address: CYDEV_UDB_PA0_BASE */
 268:.\Generated_Source\PSoC4/cyfitter_cfg.c **** 		CY_SET_XTND_REG32((void CYFAR *)(CYDEV_UDB_PA0_BASE), 0x00990000u);
 248              		.loc 1 268 0
 249 00e8 9923     		mov	r3, #153
 250 00ea 1B04     		lsl	r3, r3, #16
 251 00ec 154A     		ldr	r2, .L11+12
 252 00ee 1360     		str	r3, [r2]
 269:.\Generated_Source\PSoC4/cyfitter_cfg.c **** 
 270:.\Generated_Source\PSoC4/cyfitter_cfg.c **** 		/* UDB_PA_2 Starting address: CYDEV_UDB_PA2_BASE */
 271:.\Generated_Source\PSoC4/cyfitter_cfg.c **** 		CY_SET_XTND_REG32((void CYFAR *)(CYDEV_UDB_PA2_BASE), 0x00990000u);
 253              		.loc 1 271 0
 254 00f0 154A     		ldr	r2, .L11+16
 255 00f2 1360     		str	r3, [r2]
 272:.\Generated_Source\PSoC4/cyfitter_cfg.c **** 
 273:.\Generated_Source\PSoC4/cyfitter_cfg.c **** 		/* UDB_PA_3 Starting address: CYDEV_UDB_PA3_BASE */
 274:.\Generated_Source\PSoC4/cyfitter_cfg.c **** 		CY_SET_XTND_REG32((void CYFAR *)(CYDEV_UDB_PA3_BASE), 0x00990000u);
 256              		.loc 1 274 0
 257 00f4 154A     		ldr	r2, .L11+20
 258 00f6 1360     		str	r3, [r2]
 275:.\Generated_Source\PSoC4/cyfitter_cfg.c **** 
 276:.\Generated_Source\PSoC4/cyfitter_cfg.c **** 		/* Enable digital routing */
 277:.\Generated_Source\PSoC4/cyfitter_cfg.c **** 		CY_SET_XTND_REG8((void *)CYREG_UDB_UDBIF_BANK_CTL, CY_GET_XTND_REG8((void *)CYREG_UDB_UDBIF_BANK_
 259              		.loc 1 277 0
 260 00f8 154B     		ldr	r3, .L11+24
 261 00fa 1978     		ldrb	r1, [r3]
 262 00fc 0222     		mov	r2, #2
 263 00fe 0A43     		orr	r2, r1
 264 0100 1A70     		strb	r2, [r3]
 278:.\Generated_Source\PSoC4/cyfitter_cfg.c **** 
 279:.\Generated_Source\PSoC4/cyfitter_cfg.c **** 		/* Enable UDB array */
 280:.\Generated_Source\PSoC4/cyfitter_cfg.c **** 		CY_SET_XTND_REG8((void *)CYREG_UDB_UDBIF_WAIT_CFG, (uint8)((CY_GET_XTND_REG8((void *)CYREG_UDB_UD
 265              		.loc 1 280 0
 266 0102 1448     		ldr	r0, .L11+28
ARM GAS  C:\Users\sunyi\AppData\Local\Temp\cck3jIJb.s 			page 11


 267 0104 0278     		ldrb	r2, [r0]
 268 0106 3C21     		mov	r1, #60
 269 0108 8A43     		bic	r2, r1
 270 010a 2839     		sub	r1, r1, #40
 271 010c 0A43     		orr	r2, r1
 272 010e 0270     		strb	r2, [r0]
 281:.\Generated_Source\PSoC4/cyfitter_cfg.c **** 		CY_SET_XTND_REG8((void *)CYREG_UDB_UDBIF_BANK_CTL, (uint8)(CY_GET_XTND_REG8((void *)CYREG_UDB_UDB
 273              		.loc 1 281 0
 274 0110 1978     		ldrb	r1, [r3]
 275 0112 1622     		mov	r2, #22
 276 0114 0A43     		orr	r2, r1
 277 0116 1A70     		strb	r2, [r3]
 278              	.LBE2:
 282:.\Generated_Source\PSoC4/cyfitter_cfg.c **** 	}
 283:.\Generated_Source\PSoC4/cyfitter_cfg.c **** 
 284:.\Generated_Source\PSoC4/cyfitter_cfg.c **** 	/* Perform second pass device configuration. These items must be configured in specific order afte
 285:.\Generated_Source\PSoC4/cyfitter_cfg.c **** 	/* IOPINS0_0 Starting address: CYDEV_GPIO_PRT0_BASE */
 286:.\Generated_Source\PSoC4/cyfitter_cfg.c **** 	CY_SET_XTND_REG32((void CYFAR *)(CYREG_GPIO_PRT0_PC), 0x00D80000u);
 279              		.loc 1 286 0
 280 0118 D823     		mov	r3, #216
 281 011a 1B04     		lsl	r3, r3, #16
 282 011c 0E4A     		ldr	r2, .L11+32
 283 011e 1360     		str	r3, [r2]
 287:.\Generated_Source\PSoC4/cyfitter_cfg.c **** 
 288:.\Generated_Source\PSoC4/cyfitter_cfg.c **** 	/* IOPINS0_2 Starting address: CYDEV_GPIO_PRT2_BASE */
 289:.\Generated_Source\PSoC4/cyfitter_cfg.c **** 	CY_SET_XTND_REG32((void CYFAR *)(CYREG_GPIO_PRT2_PC), 0x00180000u);
 284              		.loc 1 289 0
 285 0120 C021     		mov	r1, #192
 286 0122 4903     		lsl	r1, r1, #13
 287 0124 0D4A     		ldr	r2, .L11+36
 288 0126 1160     		str	r1, [r2]
 290:.\Generated_Source\PSoC4/cyfitter_cfg.c **** 
 291:.\Generated_Source\PSoC4/cyfitter_cfg.c **** 	/* IOPINS0_3 Starting address: CYDEV_GPIO_PRT3_BASE */
 292:.\Generated_Source\PSoC4/cyfitter_cfg.c **** 	CY_SET_XTND_REG32((void CYFAR *)(CYREG_GPIO_PRT3_PC), 0x00D80000u);
 289              		.loc 1 292 0
 290 0128 0D4A     		ldr	r2, .L11+40
 291 012a 1360     		str	r3, [r2]
 293:.\Generated_Source\PSoC4/cyfitter_cfg.c **** 
 294:.\Generated_Source\PSoC4/cyfitter_cfg.c **** 
 295:.\Generated_Source\PSoC4/cyfitter_cfg.c **** 	/* Setup clocks based on selections from Clock DWR */
 296:.\Generated_Source\PSoC4/cyfitter_cfg.c **** 	ClockSetup();
 292              		.loc 1 296 0
 293 012c FFF768FF 		bl	ClockSetup
 294              	.LVL16:
 297:.\Generated_Source\PSoC4/cyfitter_cfg.c **** 
 298:.\Generated_Source\PSoC4/cyfitter_cfg.c **** 	/* Perform basic analog initialization to defaults */
 299:.\Generated_Source\PSoC4/cyfitter_cfg.c **** 	AnalogSetDefault();
 295              		.loc 1 299 0
 296 0130 FFF7FEFF 		bl	AnalogSetDefault
 297              	.LVL17:
 300:.\Generated_Source\PSoC4/cyfitter_cfg.c **** 
 301:.\Generated_Source\PSoC4/cyfitter_cfg.c **** }
 298              		.loc 1 301 0
 299              		@ sp needed
 300              	.LVL18:
 301 0134 10BD     		pop	{r4, pc}
 302              	.L12:
ARM GAS  C:\Users\sunyi\AppData\Local\Temp\cck3jIJb.s 			page 12


 303 0136 C046     		.align	2
 304              	.L11:
 305 0138 6CF02E40 		.word	1076818028
 306 013c 00000000 		.word	.LANCHOR0
 307 0140 00000240 		.word	1073872896
 308 0144 00500F40 		.word	1074745344
 309 0148 20500F40 		.word	1074745376
 310 014c 30500F40 		.word	1074745392
 311 0150 00700F40 		.word	1074753536
 312 0154 01700F40 		.word	1074753537
 313 0158 08000440 		.word	1074003976
 314 015c 08020440 		.word	1074004488
 315 0160 08030440 		.word	1074004744
 316              		.cfi_endproc
 317              	.LFE7:
 318              		.size	cyfitter_cfg, .-cyfitter_cfg
 319              		.section	.rodata
 320              		.align	2
 321              		.set	.LANCHOR0,. + 0
 322              		.type	cfg_memset_list.4758, %object
 323              		.size	cfg_memset_list.4758, 12
 324              	cfg_memset_list.4758:
 325 0000 00300F40 		.word	1074737152
 326 0004 0004     		.short	1024
 327 0006 00400F40 		.4byte	1074741248
 328 000a 0004     		.short	1024
 329              		.text
 330              	.Letext0:
 331              		.file 2 "c:\\9047software\\psoc creator\\3.3\\psoc creator\\import\\gnu\\arm\\4.9.3\\lib\\gcc\\arm
 332              		.file 3 ".\\Generated_Source\\PSoC4\\cytypes.h"
 333              		.file 4 ".\\Generated_Source\\PSoC4\\CyLib.h"
 334              		.file 5 ".\\Generated_Source\\PSoC4\\CyLFClk.h"
 335              		.section	.debug_info,"",%progbits
 336              	.Ldebug_info0:
 337 0000 67030000 		.4byte	0x367
 338 0004 0400     		.2byte	0x4
 339 0006 00000000 		.4byte	.Ldebug_abbrev0
 340 000a 04       		.byte	0x4
 341 000b 01       		.uleb128 0x1
 342 000c F9010000 		.4byte	.LASF34
 343 0010 01       		.byte	0x1
 344 0011 9A010000 		.4byte	.LASF35
 345 0015 03010000 		.4byte	.LASF36
 346 0019 00000000 		.4byte	.Ldebug_ranges0+0
 347 001d 00000000 		.4byte	0
 348 0021 00000000 		.4byte	.Ldebug_line0
 349 0025 02       		.uleb128 0x2
 350 0026 04       		.byte	0x4
 351 0027 05       		.byte	0x5
 352 0028 696E7400 		.ascii	"int\000"
 353 002c 03       		.uleb128 0x3
 354 002d 14000000 		.4byte	.LASF11
 355 0031 02       		.byte	0x2
 356 0032 D4       		.byte	0xd4
 357 0033 37000000 		.4byte	0x37
 358 0037 04       		.uleb128 0x4
 359 0038 04       		.byte	0x4
ARM GAS  C:\Users\sunyi\AppData\Local\Temp\cck3jIJb.s 			page 13


 360 0039 07       		.byte	0x7
 361 003a 47010000 		.4byte	.LASF0
 362 003e 04       		.uleb128 0x4
 363 003f 01       		.byte	0x1
 364 0040 06       		.byte	0x6
 365 0041 AF020000 		.4byte	.LASF1
 366 0045 04       		.uleb128 0x4
 367 0046 01       		.byte	0x1
 368 0047 08       		.byte	0x8
 369 0048 C4000000 		.4byte	.LASF2
 370 004c 04       		.uleb128 0x4
 371 004d 02       		.byte	0x2
 372 004e 05       		.byte	0x5
 373 004f 87020000 		.4byte	.LASF3
 374 0053 04       		.uleb128 0x4
 375 0054 02       		.byte	0x2
 376 0055 07       		.byte	0x7
 377 0056 56000000 		.4byte	.LASF4
 378 005a 04       		.uleb128 0x4
 379 005b 04       		.byte	0x4
 380 005c 05       		.byte	0x5
 381 005d A6020000 		.4byte	.LASF5
 382 0061 04       		.uleb128 0x4
 383 0062 04       		.byte	0x4
 384 0063 07       		.byte	0x7
 385 0064 91000000 		.4byte	.LASF6
 386 0068 04       		.uleb128 0x4
 387 0069 08       		.byte	0x8
 388 006a 05       		.byte	0x5
 389 006b CB010000 		.4byte	.LASF7
 390 006f 04       		.uleb128 0x4
 391 0070 08       		.byte	0x8
 392 0071 07       		.byte	0x7
 393 0072 69010000 		.4byte	.LASF8
 394 0076 04       		.uleb128 0x4
 395 0077 04       		.byte	0x4
 396 0078 07       		.byte	0x7
 397 0079 C2010000 		.4byte	.LASF9
 398 007d 05       		.uleb128 0x5
 399 007e 04       		.byte	0x4
 400 007f 06       		.uleb128 0x6
 401 0080 04       		.byte	0x4
 402 0081 85000000 		.4byte	0x85
 403 0085 07       		.uleb128 0x7
 404 0086 04       		.uleb128 0x4
 405 0087 01       		.byte	0x1
 406 0088 08       		.byte	0x8
 407 0089 E3010000 		.4byte	.LASF10
 408 008d 08       		.uleb128 0x8
 409 008e A3000000 		.4byte	.LASF12
 410 0092 03       		.byte	0x3
 411 0093 9801     		.2byte	0x198
 412 0095 45000000 		.4byte	0x45
 413 0099 08       		.uleb128 0x8
 414 009a EC000000 		.4byte	.LASF13
 415 009e 03       		.byte	0x3
 416 009f 9901     		.2byte	0x199
ARM GAS  C:\Users\sunyi\AppData\Local\Temp\cck3jIJb.s 			page 14


 417 00a1 53000000 		.4byte	0x53
 418 00a5 08       		.uleb128 0x8
 419 00a6 FC000000 		.4byte	.LASF14
 420 00aa 03       		.byte	0x3
 421 00ab 9A01     		.2byte	0x19a
 422 00ad 61000000 		.4byte	0x61
 423 00b1 04       		.uleb128 0x4
 424 00b2 04       		.byte	0x4
 425 00b3 04       		.byte	0x4
 426 00b4 69000000 		.4byte	.LASF15
 427 00b8 04       		.uleb128 0x4
 428 00b9 08       		.byte	0x8
 429 00ba 04       		.byte	0x4
 430 00bb D9000000 		.4byte	.LASF16
 431 00bf 08       		.uleb128 0x8
 432 00c0 F3000000 		.4byte	.LASF17
 433 00c4 03       		.byte	0x3
 434 00c5 3A02     		.2byte	0x23a
 435 00c7 61000000 		.4byte	0x61
 436 00cb 08       		.uleb128 0x8
 437 00cc 8C000000 		.4byte	.LASF18
 438 00d0 03       		.byte	0x3
 439 00d1 4202     		.2byte	0x242
 440 00d3 D7000000 		.4byte	0xd7
 441 00d7 09       		.uleb128 0x9
 442 00d8 8D000000 		.4byte	0x8d
 443 00dc 08       		.uleb128 0x8
 444 00dd 0E000000 		.4byte	.LASF19
 445 00e1 03       		.byte	0x3
 446 00e2 4402     		.2byte	0x244
 447 00e4 E8000000 		.4byte	0xe8
 448 00e8 09       		.uleb128 0x9
 449 00e9 A5000000 		.4byte	0xa5
 450 00ed 08       		.uleb128 0x8
 451 00ee 80010000 		.4byte	.LASF20
 452 00f2 03       		.byte	0x3
 453 00f3 5402     		.2byte	0x254
 454 00f5 7F000000 		.4byte	0x7f
 455 00f9 0A       		.uleb128 0xa
 456 00fa 1B000000 		.4byte	.LASF37
 457 00fe 01       		.byte	0x1
 458 00ff D0       		.byte	0xd0
 459 0100 00000000 		.4byte	.LFB6
 460 0104 20000000 		.4byte	.LFE6-.LFB6
 461 0108 01       		.uleb128 0x1
 462 0109 9C       		.byte	0x9c
 463 010a 0B       		.uleb128 0xb
 464 010b BA000000 		.4byte	.LASF21
 465 010f 01       		.byte	0x1
 466 0110 3D       		.byte	0x3d
 467 0111 00000000 		.4byte	.LFB2
 468 0115 0C000000 		.4byte	.LFE2-.LFB2
 469 0119 01       		.uleb128 0x1
 470 011a 9C       		.byte	0x9c
 471 011b 57010000 		.4byte	0x157
 472 011f 0C       		.uleb128 0xc
 473 0120 7300     		.ascii	"s\000"
ARM GAS  C:\Users\sunyi\AppData\Local\Temp\cck3jIJb.s 			page 15


 474 0122 01       		.byte	0x1
 475 0123 3D       		.byte	0x3d
 476 0124 7D000000 		.4byte	0x7d
 477 0128 00000000 		.4byte	.LLST0
 478 012c 0C       		.uleb128 0xc
 479 012d 6E00     		.ascii	"n\000"
 480 012f 01       		.byte	0x1
 481 0130 3D       		.byte	0x3d
 482 0131 2C000000 		.4byte	0x2c
 483 0135 21000000 		.4byte	.LLST1
 484 0139 0D       		.uleb128 0xd
 485 013a 0A000000 		.4byte	.LVL2
 486 013e C2020000 		.4byte	0x2c2
 487 0142 0E       		.uleb128 0xe
 488 0143 01       		.uleb128 0x1
 489 0144 52       		.byte	0x52
 490 0145 03       		.uleb128 0x3
 491 0146 F3       		.byte	0xf3
 492 0147 01       		.uleb128 0x1
 493 0148 51       		.byte	0x51
 494 0149 0E       		.uleb128 0xe
 495 014a 01       		.uleb128 0x1
 496 014b 51       		.byte	0x51
 497 014c 01       		.uleb128 0x1
 498 014d 30       		.byte	0x30
 499 014e 0E       		.uleb128 0xe
 500 014f 01       		.uleb128 0x1
 501 0150 50       		.byte	0x50
 502 0151 03       		.uleb128 0x3
 503 0152 F3       		.byte	0xf3
 504 0153 01       		.uleb128 0x1
 505 0154 50       		.byte	0x50
 506 0155 00       		.byte	0
 507 0156 00       		.byte	0
 508 0157 0B       		.uleb128 0xb
 509 0158 4B000000 		.4byte	.LASF22
 510 015c 01       		.byte	0x1
 511 015d 92       		.byte	0x92
 512 015e 00000000 		.4byte	.LFB5
 513 0162 AC000000 		.4byte	.LFE5-.LFB5
 514 0166 01       		.uleb128 0x1
 515 0167 9C       		.byte	0x9c
 516 0168 00020000 		.4byte	0x200
 517 016c 0F       		.uleb128 0xf
 518 016d 0C000000 		.4byte	.LVL3
 519 0171 DF020000 		.4byte	0x2df
 520 0175 10       		.uleb128 0x10
 521 0176 12000000 		.4byte	.LVL4
 522 017a E6020000 		.4byte	0x2e6
 523 017e 8C010000 		.4byte	0x18c
 524 0182 0E       		.uleb128 0xe
 525 0183 01       		.uleb128 0x1
 526 0184 50       		.byte	0x50
 527 0185 05       		.uleb128 0x5
 528 0186 0C       		.byte	0xc
 529 0187 001BB700 		.4byte	0xb71b00
 530 018b 00       		.byte	0
ARM GAS  C:\Users\sunyi\AppData\Local\Temp\cck3jIJb.s 			page 16


 531 018c 10       		.uleb128 0x10
 532 018d 18000000 		.4byte	.LVL5
 533 0191 F7020000 		.4byte	0x2f7
 534 0195 9F010000 		.4byte	0x19f
 535 0199 0E       		.uleb128 0xe
 536 019a 01       		.uleb128 0x1
 537 019b 50       		.byte	0x50
 538 019c 01       		.uleb128 0x1
 539 019d 31       		.byte	0x31
 540 019e 00       		.byte	0
 541 019f 10       		.uleb128 0x10
 542 01a0 1E000000 		.4byte	.LVL6
 543 01a4 0C030000 		.4byte	0x30c
 544 01a8 B3010000 		.4byte	0x1b3
 545 01ac 0E       		.uleb128 0xe
 546 01ad 01       		.uleb128 0x1
 547 01ae 50       		.byte	0x50
 548 01af 02       		.uleb128 0x2
 549 01b0 08       		.byte	0x8
 550 01b1 30       		.byte	0x30
 551 01b2 00       		.byte	0
 552 01b3 10       		.uleb128 0x10
 553 01b4 4E000000 		.4byte	.LVL7
 554 01b8 1D030000 		.4byte	0x31d
 555 01bc C8010000 		.4byte	0x1c8
 556 01c0 0E       		.uleb128 0xe
 557 01c1 01       		.uleb128 0x1
 558 01c2 50       		.byte	0x50
 559 01c3 03       		.uleb128 0x3
 560 01c4 0A       		.byte	0xa
 561 01c5 D007     		.2byte	0x7d0
 562 01c7 00       		.byte	0
 563 01c8 10       		.uleb128 0x10
 564 01c9 54000000 		.4byte	.LVL8
 565 01cd 32030000 		.4byte	0x332
 566 01d1 DD010000 		.4byte	0x1dd
 567 01d5 0E       		.uleb128 0xe
 568 01d6 01       		.uleb128 0x1
 569 01d7 50       		.byte	0x50
 570 01d8 03       		.uleb128 0x3
 571 01d9 0A       		.byte	0xa
 572 01da DC05     		.2byte	0x5dc
 573 01dc 00       		.byte	0
 574 01dd 10       		.uleb128 0x10
 575 01de 6C000000 		.4byte	.LVL9
 576 01e2 43030000 		.4byte	0x343
 577 01e6 F0010000 		.4byte	0x1f0
 578 01ea 0E       		.uleb128 0xe
 579 01eb 01       		.uleb128 0x1
 580 01ec 50       		.byte	0x50
 581 01ed 01       		.uleb128 0x1
 582 01ee 38       		.byte	0x38
 583 01ef 00       		.byte	0
 584 01f0 0D       		.uleb128 0xd
 585 01f1 72000000 		.4byte	.LVL10
 586 01f5 5D030000 		.4byte	0x35d
 587 01f9 0E       		.uleb128 0xe
ARM GAS  C:\Users\sunyi\AppData\Local\Temp\cck3jIJb.s 			page 17


 588 01fa 01       		.uleb128 0x1
 589 01fb 50       		.byte	0x50
 590 01fc 01       		.uleb128 0x1
 591 01fd 38       		.byte	0x38
 592 01fe 00       		.byte	0
 593 01ff 00       		.byte	0
 594 0200 11       		.uleb128 0x11
 595 0201 54010000 		.4byte	.LASF38
 596 0205 01       		.byte	0x1
 597 0206 EB       		.byte	0xeb
 598 0207 AC000000 		.4byte	.LFB7
 599 020b B8000000 		.4byte	.LFE7-.LFB7
 600 020f 01       		.uleb128 0x1
 601 0210 9C       		.byte	0x9c
 602 0211 C2020000 		.4byte	0x2c2
 603 0215 12       		.uleb128 0x12
 604 0216 B6000000 		.4byte	.LBB2
 605 021a 62000000 		.4byte	.LBE2-.LBB2
 606 021e AF020000 		.4byte	0x2af
 607 0222 13       		.uleb128 0x13
 608 0223 06       		.byte	0x6
 609 0224 01       		.byte	0x1
 610 0225 F4       		.byte	0xf4
 611 0226 43020000 		.4byte	0x243
 612 022a 14       		.uleb128 0x14
 613 022b 61010000 		.4byte	.LASF23
 614 022f 01       		.byte	0x1
 615 0230 F5       		.byte	0xf5
 616 0231 7D000000 		.4byte	0x7d
 617 0235 00       		.byte	0
 618 0236 14       		.uleb128 0x14
 619 0237 6F000000 		.4byte	.LASF24
 620 023b 01       		.byte	0x1
 621 023c F6       		.byte	0xf6
 622 023d 99000000 		.4byte	0x99
 623 0241 04       		.byte	0x4
 624 0242 00       		.byte	0
 625 0243 03       		.uleb128 0x3
 626 0244 8D010000 		.4byte	.LASF25
 627 0248 01       		.byte	0x1
 628 0249 F7       		.byte	0xf7
 629 024a 22020000 		.4byte	0x222
 630 024e 15       		.uleb128 0x15
 631 024f 43020000 		.4byte	0x243
 632 0253 5E020000 		.4byte	0x25e
 633 0257 16       		.uleb128 0x16
 634 0258 76000000 		.4byte	0x76
 635 025c 01       		.byte	0x1
 636 025d 00       		.byte	0
 637 025e 17       		.uleb128 0x17
 638 025f 3B000000 		.4byte	.LASF26
 639 0263 01       		.byte	0x1
 640 0264 F9       		.byte	0xf9
 641 0265 6F020000 		.4byte	0x26f
 642 0269 05       		.uleb128 0x5
 643 026a 03       		.byte	0x3
 644 026b 00000000 		.4byte	cfg_memset_list.4758
ARM GAS  C:\Users\sunyi\AppData\Local\Temp\cck3jIJb.s 			page 18


 645 026f 18       		.uleb128 0x18
 646 0270 4E020000 		.4byte	0x24e
 647 0274 19       		.uleb128 0x19
 648 0275 6900     		.ascii	"i\000"
 649 0277 01       		.byte	0x1
 650 0278 FF       		.byte	0xff
 651 0279 8D000000 		.4byte	0x8d
 652 027d 4D000000 		.4byte	.LLST2
 653 0281 1A       		.uleb128 0x1a
 654 0282 BA000000 		.4byte	.LBB3
 655 0286 1E000000 		.4byte	.LBE3-.LBB3
 656 028a 1B       		.uleb128 0x1b
 657 028b 6D7300   		.ascii	"ms\000"
 658 028e 01       		.byte	0x1
 659 028f 0401     		.2byte	0x104
 660 0291 99020000 		.4byte	0x299
 661 0295 77000000 		.4byte	.LLST3
 662 0299 06       		.uleb128 0x6
 663 029a 04       		.byte	0x4
 664 029b 9F020000 		.4byte	0x29f
 665 029f 18       		.uleb128 0x18
 666 02a0 43020000 		.4byte	0x243
 667 02a4 0F       		.uleb128 0xf
 668 02a5 D8000000 		.4byte	.LVL13
 669 02a9 0A010000 		.4byte	0x10a
 670 02ad 00       		.byte	0
 671 02ae 00       		.byte	0
 672 02af 0F       		.uleb128 0xf
 673 02b0 30010000 		.4byte	.LVL16
 674 02b4 57010000 		.4byte	0x157
 675 02b8 0F       		.uleb128 0xf
 676 02b9 34010000 		.4byte	.LVL17
 677 02bd F9000000 		.4byte	0xf9
 678 02c1 00       		.byte	0
 679 02c2 1C       		.uleb128 0x1c
 680 02c3 D2000000 		.4byte	.LASF27
 681 02c7 7D000000 		.4byte	0x7d
 682 02cb DF020000 		.4byte	0x2df
 683 02cf 1D       		.uleb128 0x1d
 684 02d0 7D000000 		.4byte	0x7d
 685 02d4 1D       		.uleb128 0x1d
 686 02d5 25000000 		.4byte	0x25
 687 02d9 1D       		.uleb128 0x1d
 688 02da 76000000 		.4byte	0x76
 689 02de 00       		.byte	0
 690 02df 1E       		.uleb128 0x1e
 691 02e0 A9000000 		.4byte	.LASF39
 692 02e4 05       		.byte	0x5
 693 02e5 4F       		.byte	0x4f
 694 02e6 1F       		.uleb128 0x1f
 695 02e7 00000000 		.4byte	.LASF28
 696 02eb 04       		.byte	0x4
 697 02ec DA       		.byte	0xda
 698 02ed F7020000 		.4byte	0x2f7
 699 02f1 1D       		.uleb128 0x1d
 700 02f2 A5000000 		.4byte	0xa5
 701 02f6 00       		.byte	0
ARM GAS  C:\Users\sunyi\AppData\Local\Temp\cck3jIJb.s 			page 19


 702 02f7 20       		.uleb128 0x20
 703 02f8 74000000 		.4byte	.LASF30
 704 02fc 05       		.byte	0x5
 705 02fd 51       		.byte	0x51
 706 02fe A5000000 		.4byte	0xa5
 707 0302 0C030000 		.4byte	0x30c
 708 0306 1D       		.uleb128 0x1d
 709 0307 A5000000 		.4byte	0xa5
 710 030b 00       		.byte	0
 711 030c 1F       		.uleb128 0x1f
 712 030d 91020000 		.4byte	.LASF29
 713 0311 04       		.byte	0x4
 714 0312 6C       		.byte	0x6c
 715 0313 1D030000 		.4byte	0x31d
 716 0317 1D       		.uleb128 0x1d
 717 0318 A5000000 		.4byte	0xa5
 718 031c 00       		.byte	0
 719 031d 20       		.uleb128 0x20
 720 031e E8010000 		.4byte	.LASF31
 721 0322 04       		.byte	0x4
 722 0323 82       		.byte	0x82
 723 0324 BF000000 		.4byte	0xbf
 724 0328 32030000 		.4byte	0x332
 725 032c 1D       		.uleb128 0x1d
 726 032d A5000000 		.4byte	0xa5
 727 0331 00       		.byte	0
 728 0332 1F       		.uleb128 0x1f
 729 0333 D9010000 		.4byte	.LASF32
 730 0337 04       		.byte	0x4
 731 0338 D8       		.byte	0xd8
 732 0339 43030000 		.4byte	0x343
 733 033d 1D       		.uleb128 0x1d
 734 033e 99000000 		.4byte	0x99
 735 0342 00       		.byte	0
 736 0343 20       		.uleb128 0x20
 737 0344 2C000000 		.4byte	.LASF33
 738 0348 04       		.byte	0x4
 739 0349 BB       		.byte	0xbb
 740 034a ED000000 		.4byte	0xed
 741 034e 5D030000 		.4byte	0x35d
 742 0352 1D       		.uleb128 0x1d
 743 0353 8D000000 		.4byte	0x8d
 744 0357 1D       		.uleb128 0x1d
 745 0358 ED000000 		.4byte	0xed
 746 035c 00       		.byte	0
 747 035d 21       		.uleb128 0x21
 748 035e E0000000 		.4byte	.LASF40
 749 0362 04       		.byte	0x4
 750 0363 C1       		.byte	0xc1
 751 0364 1D       		.uleb128 0x1d
 752 0365 8D000000 		.4byte	0x8d
 753 0369 00       		.byte	0
 754 036a 00       		.byte	0
 755              		.section	.debug_abbrev,"",%progbits
 756              	.Ldebug_abbrev0:
 757 0000 01       		.uleb128 0x1
 758 0001 11       		.uleb128 0x11
ARM GAS  C:\Users\sunyi\AppData\Local\Temp\cck3jIJb.s 			page 20


 759 0002 01       		.byte	0x1
 760 0003 25       		.uleb128 0x25
 761 0004 0E       		.uleb128 0xe
 762 0005 13       		.uleb128 0x13
 763 0006 0B       		.uleb128 0xb
 764 0007 03       		.uleb128 0x3
 765 0008 0E       		.uleb128 0xe
 766 0009 1B       		.uleb128 0x1b
 767 000a 0E       		.uleb128 0xe
 768 000b 55       		.uleb128 0x55
 769 000c 17       		.uleb128 0x17
 770 000d 11       		.uleb128 0x11
 771 000e 01       		.uleb128 0x1
 772 000f 10       		.uleb128 0x10
 773 0010 17       		.uleb128 0x17
 774 0011 00       		.byte	0
 775 0012 00       		.byte	0
 776 0013 02       		.uleb128 0x2
 777 0014 24       		.uleb128 0x24
 778 0015 00       		.byte	0
 779 0016 0B       		.uleb128 0xb
 780 0017 0B       		.uleb128 0xb
 781 0018 3E       		.uleb128 0x3e
 782 0019 0B       		.uleb128 0xb
 783 001a 03       		.uleb128 0x3
 784 001b 08       		.uleb128 0x8
 785 001c 00       		.byte	0
 786 001d 00       		.byte	0
 787 001e 03       		.uleb128 0x3
 788 001f 16       		.uleb128 0x16
 789 0020 00       		.byte	0
 790 0021 03       		.uleb128 0x3
 791 0022 0E       		.uleb128 0xe
 792 0023 3A       		.uleb128 0x3a
 793 0024 0B       		.uleb128 0xb
 794 0025 3B       		.uleb128 0x3b
 795 0026 0B       		.uleb128 0xb
 796 0027 49       		.uleb128 0x49
 797 0028 13       		.uleb128 0x13
 798 0029 00       		.byte	0
 799 002a 00       		.byte	0
 800 002b 04       		.uleb128 0x4
 801 002c 24       		.uleb128 0x24
 802 002d 00       		.byte	0
 803 002e 0B       		.uleb128 0xb
 804 002f 0B       		.uleb128 0xb
 805 0030 3E       		.uleb128 0x3e
 806 0031 0B       		.uleb128 0xb
 807 0032 03       		.uleb128 0x3
 808 0033 0E       		.uleb128 0xe
 809 0034 00       		.byte	0
 810 0035 00       		.byte	0
 811 0036 05       		.uleb128 0x5
 812 0037 0F       		.uleb128 0xf
 813 0038 00       		.byte	0
 814 0039 0B       		.uleb128 0xb
 815 003a 0B       		.uleb128 0xb
ARM GAS  C:\Users\sunyi\AppData\Local\Temp\cck3jIJb.s 			page 21


 816 003b 00       		.byte	0
 817 003c 00       		.byte	0
 818 003d 06       		.uleb128 0x6
 819 003e 0F       		.uleb128 0xf
 820 003f 00       		.byte	0
 821 0040 0B       		.uleb128 0xb
 822 0041 0B       		.uleb128 0xb
 823 0042 49       		.uleb128 0x49
 824 0043 13       		.uleb128 0x13
 825 0044 00       		.byte	0
 826 0045 00       		.byte	0
 827 0046 07       		.uleb128 0x7
 828 0047 15       		.uleb128 0x15
 829 0048 00       		.byte	0
 830 0049 27       		.uleb128 0x27
 831 004a 19       		.uleb128 0x19
 832 004b 00       		.byte	0
 833 004c 00       		.byte	0
 834 004d 08       		.uleb128 0x8
 835 004e 16       		.uleb128 0x16
 836 004f 00       		.byte	0
 837 0050 03       		.uleb128 0x3
 838 0051 0E       		.uleb128 0xe
 839 0052 3A       		.uleb128 0x3a
 840 0053 0B       		.uleb128 0xb
 841 0054 3B       		.uleb128 0x3b
 842 0055 05       		.uleb128 0x5
 843 0056 49       		.uleb128 0x49
 844 0057 13       		.uleb128 0x13
 845 0058 00       		.byte	0
 846 0059 00       		.byte	0
 847 005a 09       		.uleb128 0x9
 848 005b 35       		.uleb128 0x35
 849 005c 00       		.byte	0
 850 005d 49       		.uleb128 0x49
 851 005e 13       		.uleb128 0x13
 852 005f 00       		.byte	0
 853 0060 00       		.byte	0
 854 0061 0A       		.uleb128 0xa
 855 0062 2E       		.uleb128 0x2e
 856 0063 00       		.byte	0
 857 0064 03       		.uleb128 0x3
 858 0065 0E       		.uleb128 0xe
 859 0066 3A       		.uleb128 0x3a
 860 0067 0B       		.uleb128 0xb
 861 0068 3B       		.uleb128 0x3b
 862 0069 0B       		.uleb128 0xb
 863 006a 27       		.uleb128 0x27
 864 006b 19       		.uleb128 0x19
 865 006c 11       		.uleb128 0x11
 866 006d 01       		.uleb128 0x1
 867 006e 12       		.uleb128 0x12
 868 006f 06       		.uleb128 0x6
 869 0070 40       		.uleb128 0x40
 870 0071 18       		.uleb128 0x18
 871 0072 9742     		.uleb128 0x2117
 872 0074 19       		.uleb128 0x19
ARM GAS  C:\Users\sunyi\AppData\Local\Temp\cck3jIJb.s 			page 22


 873 0075 00       		.byte	0
 874 0076 00       		.byte	0
 875 0077 0B       		.uleb128 0xb
 876 0078 2E       		.uleb128 0x2e
 877 0079 01       		.byte	0x1
 878 007a 03       		.uleb128 0x3
 879 007b 0E       		.uleb128 0xe
 880 007c 3A       		.uleb128 0x3a
 881 007d 0B       		.uleb128 0xb
 882 007e 3B       		.uleb128 0x3b
 883 007f 0B       		.uleb128 0xb
 884 0080 27       		.uleb128 0x27
 885 0081 19       		.uleb128 0x19
 886 0082 11       		.uleb128 0x11
 887 0083 01       		.uleb128 0x1
 888 0084 12       		.uleb128 0x12
 889 0085 06       		.uleb128 0x6
 890 0086 40       		.uleb128 0x40
 891 0087 18       		.uleb128 0x18
 892 0088 9742     		.uleb128 0x2117
 893 008a 19       		.uleb128 0x19
 894 008b 01       		.uleb128 0x1
 895 008c 13       		.uleb128 0x13
 896 008d 00       		.byte	0
 897 008e 00       		.byte	0
 898 008f 0C       		.uleb128 0xc
 899 0090 05       		.uleb128 0x5
 900 0091 00       		.byte	0
 901 0092 03       		.uleb128 0x3
 902 0093 08       		.uleb128 0x8
 903 0094 3A       		.uleb128 0x3a
 904 0095 0B       		.uleb128 0xb
 905 0096 3B       		.uleb128 0x3b
 906 0097 0B       		.uleb128 0xb
 907 0098 49       		.uleb128 0x49
 908 0099 13       		.uleb128 0x13
 909 009a 02       		.uleb128 0x2
 910 009b 17       		.uleb128 0x17
 911 009c 00       		.byte	0
 912 009d 00       		.byte	0
 913 009e 0D       		.uleb128 0xd
 914 009f 898201   		.uleb128 0x4109
 915 00a2 01       		.byte	0x1
 916 00a3 11       		.uleb128 0x11
 917 00a4 01       		.uleb128 0x1
 918 00a5 31       		.uleb128 0x31
 919 00a6 13       		.uleb128 0x13
 920 00a7 00       		.byte	0
 921 00a8 00       		.byte	0
 922 00a9 0E       		.uleb128 0xe
 923 00aa 8A8201   		.uleb128 0x410a
 924 00ad 00       		.byte	0
 925 00ae 02       		.uleb128 0x2
 926 00af 18       		.uleb128 0x18
 927 00b0 9142     		.uleb128 0x2111
 928 00b2 18       		.uleb128 0x18
 929 00b3 00       		.byte	0
ARM GAS  C:\Users\sunyi\AppData\Local\Temp\cck3jIJb.s 			page 23


 930 00b4 00       		.byte	0
 931 00b5 0F       		.uleb128 0xf
 932 00b6 898201   		.uleb128 0x4109
 933 00b9 00       		.byte	0
 934 00ba 11       		.uleb128 0x11
 935 00bb 01       		.uleb128 0x1
 936 00bc 31       		.uleb128 0x31
 937 00bd 13       		.uleb128 0x13
 938 00be 00       		.byte	0
 939 00bf 00       		.byte	0
 940 00c0 10       		.uleb128 0x10
 941 00c1 898201   		.uleb128 0x4109
 942 00c4 01       		.byte	0x1
 943 00c5 11       		.uleb128 0x11
 944 00c6 01       		.uleb128 0x1
 945 00c7 31       		.uleb128 0x31
 946 00c8 13       		.uleb128 0x13
 947 00c9 01       		.uleb128 0x1
 948 00ca 13       		.uleb128 0x13
 949 00cb 00       		.byte	0
 950 00cc 00       		.byte	0
 951 00cd 11       		.uleb128 0x11
 952 00ce 2E       		.uleb128 0x2e
 953 00cf 01       		.byte	0x1
 954 00d0 3F       		.uleb128 0x3f
 955 00d1 19       		.uleb128 0x19
 956 00d2 03       		.uleb128 0x3
 957 00d3 0E       		.uleb128 0xe
 958 00d4 3A       		.uleb128 0x3a
 959 00d5 0B       		.uleb128 0xb
 960 00d6 3B       		.uleb128 0x3b
 961 00d7 0B       		.uleb128 0xb
 962 00d8 27       		.uleb128 0x27
 963 00d9 19       		.uleb128 0x19
 964 00da 11       		.uleb128 0x11
 965 00db 01       		.uleb128 0x1
 966 00dc 12       		.uleb128 0x12
 967 00dd 06       		.uleb128 0x6
 968 00de 40       		.uleb128 0x40
 969 00df 18       		.uleb128 0x18
 970 00e0 9742     		.uleb128 0x2117
 971 00e2 19       		.uleb128 0x19
 972 00e3 01       		.uleb128 0x1
 973 00e4 13       		.uleb128 0x13
 974 00e5 00       		.byte	0
 975 00e6 00       		.byte	0
 976 00e7 12       		.uleb128 0x12
 977 00e8 0B       		.uleb128 0xb
 978 00e9 01       		.byte	0x1
 979 00ea 11       		.uleb128 0x11
 980 00eb 01       		.uleb128 0x1
 981 00ec 12       		.uleb128 0x12
 982 00ed 06       		.uleb128 0x6
 983 00ee 01       		.uleb128 0x1
 984 00ef 13       		.uleb128 0x13
 985 00f0 00       		.byte	0
 986 00f1 00       		.byte	0
ARM GAS  C:\Users\sunyi\AppData\Local\Temp\cck3jIJb.s 			page 24


 987 00f2 13       		.uleb128 0x13
 988 00f3 13       		.uleb128 0x13
 989 00f4 01       		.byte	0x1
 990 00f5 0B       		.uleb128 0xb
 991 00f6 0B       		.uleb128 0xb
 992 00f7 3A       		.uleb128 0x3a
 993 00f8 0B       		.uleb128 0xb
 994 00f9 3B       		.uleb128 0x3b
 995 00fa 0B       		.uleb128 0xb
 996 00fb 01       		.uleb128 0x1
 997 00fc 13       		.uleb128 0x13
 998 00fd 00       		.byte	0
 999 00fe 00       		.byte	0
 1000 00ff 14       		.uleb128 0x14
 1001 0100 0D       		.uleb128 0xd
 1002 0101 00       		.byte	0
 1003 0102 03       		.uleb128 0x3
 1004 0103 0E       		.uleb128 0xe
 1005 0104 3A       		.uleb128 0x3a
 1006 0105 0B       		.uleb128 0xb
 1007 0106 3B       		.uleb128 0x3b
 1008 0107 0B       		.uleb128 0xb
 1009 0108 49       		.uleb128 0x49
 1010 0109 13       		.uleb128 0x13
 1011 010a 38       		.uleb128 0x38
 1012 010b 0B       		.uleb128 0xb
 1013 010c 00       		.byte	0
 1014 010d 00       		.byte	0
 1015 010e 15       		.uleb128 0x15
 1016 010f 01       		.uleb128 0x1
 1017 0110 01       		.byte	0x1
 1018 0111 49       		.uleb128 0x49
 1019 0112 13       		.uleb128 0x13
 1020 0113 01       		.uleb128 0x1
 1021 0114 13       		.uleb128 0x13
 1022 0115 00       		.byte	0
 1023 0116 00       		.byte	0
 1024 0117 16       		.uleb128 0x16
 1025 0118 21       		.uleb128 0x21
 1026 0119 00       		.byte	0
 1027 011a 49       		.uleb128 0x49
 1028 011b 13       		.uleb128 0x13
 1029 011c 2F       		.uleb128 0x2f
 1030 011d 0B       		.uleb128 0xb
 1031 011e 00       		.byte	0
 1032 011f 00       		.byte	0
 1033 0120 17       		.uleb128 0x17
 1034 0121 34       		.uleb128 0x34
 1035 0122 00       		.byte	0
 1036 0123 03       		.uleb128 0x3
 1037 0124 0E       		.uleb128 0xe
 1038 0125 3A       		.uleb128 0x3a
 1039 0126 0B       		.uleb128 0xb
 1040 0127 3B       		.uleb128 0x3b
 1041 0128 0B       		.uleb128 0xb
 1042 0129 49       		.uleb128 0x49
 1043 012a 13       		.uleb128 0x13
ARM GAS  C:\Users\sunyi\AppData\Local\Temp\cck3jIJb.s 			page 25


 1044 012b 02       		.uleb128 0x2
 1045 012c 18       		.uleb128 0x18
 1046 012d 00       		.byte	0
 1047 012e 00       		.byte	0
 1048 012f 18       		.uleb128 0x18
 1049 0130 26       		.uleb128 0x26
 1050 0131 00       		.byte	0
 1051 0132 49       		.uleb128 0x49
 1052 0133 13       		.uleb128 0x13
 1053 0134 00       		.byte	0
 1054 0135 00       		.byte	0
 1055 0136 19       		.uleb128 0x19
 1056 0137 34       		.uleb128 0x34
 1057 0138 00       		.byte	0
 1058 0139 03       		.uleb128 0x3
 1059 013a 08       		.uleb128 0x8
 1060 013b 3A       		.uleb128 0x3a
 1061 013c 0B       		.uleb128 0xb
 1062 013d 3B       		.uleb128 0x3b
 1063 013e 0B       		.uleb128 0xb
 1064 013f 49       		.uleb128 0x49
 1065 0140 13       		.uleb128 0x13
 1066 0141 02       		.uleb128 0x2
 1067 0142 17       		.uleb128 0x17
 1068 0143 00       		.byte	0
 1069 0144 00       		.byte	0
 1070 0145 1A       		.uleb128 0x1a
 1071 0146 0B       		.uleb128 0xb
 1072 0147 01       		.byte	0x1
 1073 0148 11       		.uleb128 0x11
 1074 0149 01       		.uleb128 0x1
 1075 014a 12       		.uleb128 0x12
 1076 014b 06       		.uleb128 0x6
 1077 014c 00       		.byte	0
 1078 014d 00       		.byte	0
 1079 014e 1B       		.uleb128 0x1b
 1080 014f 34       		.uleb128 0x34
 1081 0150 00       		.byte	0
 1082 0151 03       		.uleb128 0x3
 1083 0152 08       		.uleb128 0x8
 1084 0153 3A       		.uleb128 0x3a
 1085 0154 0B       		.uleb128 0xb
 1086 0155 3B       		.uleb128 0x3b
 1087 0156 05       		.uleb128 0x5
 1088 0157 49       		.uleb128 0x49
 1089 0158 13       		.uleb128 0x13
 1090 0159 02       		.uleb128 0x2
 1091 015a 17       		.uleb128 0x17
 1092 015b 00       		.byte	0
 1093 015c 00       		.byte	0
 1094 015d 1C       		.uleb128 0x1c
 1095 015e 2E       		.uleb128 0x2e
 1096 015f 01       		.byte	0x1
 1097 0160 3F       		.uleb128 0x3f
 1098 0161 19       		.uleb128 0x19
 1099 0162 03       		.uleb128 0x3
 1100 0163 0E       		.uleb128 0xe
ARM GAS  C:\Users\sunyi\AppData\Local\Temp\cck3jIJb.s 			page 26


 1101 0164 27       		.uleb128 0x27
 1102 0165 19       		.uleb128 0x19
 1103 0166 49       		.uleb128 0x49
 1104 0167 13       		.uleb128 0x13
 1105 0168 34       		.uleb128 0x34
 1106 0169 19       		.uleb128 0x19
 1107 016a 3C       		.uleb128 0x3c
 1108 016b 19       		.uleb128 0x19
 1109 016c 01       		.uleb128 0x1
 1110 016d 13       		.uleb128 0x13
 1111 016e 00       		.byte	0
 1112 016f 00       		.byte	0
 1113 0170 1D       		.uleb128 0x1d
 1114 0171 05       		.uleb128 0x5
 1115 0172 00       		.byte	0
 1116 0173 49       		.uleb128 0x49
 1117 0174 13       		.uleb128 0x13
 1118 0175 00       		.byte	0
 1119 0176 00       		.byte	0
 1120 0177 1E       		.uleb128 0x1e
 1121 0178 2E       		.uleb128 0x2e
 1122 0179 00       		.byte	0
 1123 017a 3F       		.uleb128 0x3f
 1124 017b 19       		.uleb128 0x19
 1125 017c 03       		.uleb128 0x3
 1126 017d 0E       		.uleb128 0xe
 1127 017e 3A       		.uleb128 0x3a
 1128 017f 0B       		.uleb128 0xb
 1129 0180 3B       		.uleb128 0x3b
 1130 0181 0B       		.uleb128 0xb
 1131 0182 27       		.uleb128 0x27
 1132 0183 19       		.uleb128 0x19
 1133 0184 3C       		.uleb128 0x3c
 1134 0185 19       		.uleb128 0x19
 1135 0186 00       		.byte	0
 1136 0187 00       		.byte	0
 1137 0188 1F       		.uleb128 0x1f
 1138 0189 2E       		.uleb128 0x2e
 1139 018a 01       		.byte	0x1
 1140 018b 3F       		.uleb128 0x3f
 1141 018c 19       		.uleb128 0x19
 1142 018d 03       		.uleb128 0x3
 1143 018e 0E       		.uleb128 0xe
 1144 018f 3A       		.uleb128 0x3a
 1145 0190 0B       		.uleb128 0xb
 1146 0191 3B       		.uleb128 0x3b
 1147 0192 0B       		.uleb128 0xb
 1148 0193 27       		.uleb128 0x27
 1149 0194 19       		.uleb128 0x19
 1150 0195 3C       		.uleb128 0x3c
 1151 0196 19       		.uleb128 0x19
 1152 0197 01       		.uleb128 0x1
 1153 0198 13       		.uleb128 0x13
 1154 0199 00       		.byte	0
 1155 019a 00       		.byte	0
 1156 019b 20       		.uleb128 0x20
 1157 019c 2E       		.uleb128 0x2e
ARM GAS  C:\Users\sunyi\AppData\Local\Temp\cck3jIJb.s 			page 27


 1158 019d 01       		.byte	0x1
 1159 019e 3F       		.uleb128 0x3f
 1160 019f 19       		.uleb128 0x19
 1161 01a0 03       		.uleb128 0x3
 1162 01a1 0E       		.uleb128 0xe
 1163 01a2 3A       		.uleb128 0x3a
 1164 01a3 0B       		.uleb128 0xb
 1165 01a4 3B       		.uleb128 0x3b
 1166 01a5 0B       		.uleb128 0xb
 1167 01a6 27       		.uleb128 0x27
 1168 01a7 19       		.uleb128 0x19
 1169 01a8 49       		.uleb128 0x49
 1170 01a9 13       		.uleb128 0x13
 1171 01aa 3C       		.uleb128 0x3c
 1172 01ab 19       		.uleb128 0x19
 1173 01ac 01       		.uleb128 0x1
 1174 01ad 13       		.uleb128 0x13
 1175 01ae 00       		.byte	0
 1176 01af 00       		.byte	0
 1177 01b0 21       		.uleb128 0x21
 1178 01b1 2E       		.uleb128 0x2e
 1179 01b2 01       		.byte	0x1
 1180 01b3 3F       		.uleb128 0x3f
 1181 01b4 19       		.uleb128 0x19
 1182 01b5 03       		.uleb128 0x3
 1183 01b6 0E       		.uleb128 0xe
 1184 01b7 3A       		.uleb128 0x3a
 1185 01b8 0B       		.uleb128 0xb
 1186 01b9 3B       		.uleb128 0x3b
 1187 01ba 0B       		.uleb128 0xb
 1188 01bb 27       		.uleb128 0x27
 1189 01bc 19       		.uleb128 0x19
 1190 01bd 3C       		.uleb128 0x3c
 1191 01be 19       		.uleb128 0x19
 1192 01bf 00       		.byte	0
 1193 01c0 00       		.byte	0
 1194 01c1 00       		.byte	0
 1195              		.section	.debug_loc,"",%progbits
 1196              	.Ldebug_loc0:
 1197              	.LLST0:
 1198 0000 00000000 		.4byte	.LVL0
 1199 0004 09000000 		.4byte	.LVL2-1
 1200 0008 0100     		.2byte	0x1
 1201 000a 50       		.byte	0x50
 1202 000b 09000000 		.4byte	.LVL2-1
 1203 000f 0C000000 		.4byte	.LFE2
 1204 0013 0400     		.2byte	0x4
 1205 0015 F3       		.byte	0xf3
 1206 0016 01       		.uleb128 0x1
 1207 0017 50       		.byte	0x50
 1208 0018 9F       		.byte	0x9f
 1209 0019 00000000 		.4byte	0
 1210 001d 00000000 		.4byte	0
 1211              	.LLST1:
 1212 0021 00000000 		.4byte	.LVL0
 1213 0025 06000000 		.4byte	.LVL1
 1214 0029 0100     		.2byte	0x1
ARM GAS  C:\Users\sunyi\AppData\Local\Temp\cck3jIJb.s 			page 28


 1215 002b 51       		.byte	0x51
 1216 002c 06000000 		.4byte	.LVL1
 1217 0030 09000000 		.4byte	.LVL2-1
 1218 0034 0100     		.2byte	0x1
 1219 0036 52       		.byte	0x52
 1220 0037 09000000 		.4byte	.LVL2-1
 1221 003b 0C000000 		.4byte	.LFE2
 1222 003f 0400     		.2byte	0x4
 1223 0041 F3       		.byte	0xf3
 1224 0042 01       		.uleb128 0x1
 1225 0043 51       		.byte	0x51
 1226 0044 9F       		.byte	0x9f
 1227 0045 00000000 		.4byte	0
 1228 0049 00000000 		.4byte	0
 1229              	.LLST2:
 1230 004d B6000000 		.4byte	.LVL11
 1231 0051 BA000000 		.4byte	.LVL12
 1232 0055 0200     		.2byte	0x2
 1233 0057 30       		.byte	0x30
 1234 0058 9F       		.byte	0x9f
 1235 0059 BA000000 		.4byte	.LVL12
 1236 005d DA000000 		.4byte	.LVL14
 1237 0061 0100     		.2byte	0x1
 1238 0063 54       		.byte	0x54
 1239 0064 DC000000 		.4byte	.LVL15
 1240 0068 34010000 		.4byte	.LVL18
 1241 006c 0100     		.2byte	0x1
 1242 006e 54       		.byte	0x54
 1243 006f 00000000 		.4byte	0
 1244 0073 00000000 		.4byte	0
 1245              	.LLST3:
 1246 0077 BA000000 		.4byte	.LVL12
 1247 007b DA000000 		.4byte	.LVL14
 1248 007f 0B00     		.2byte	0xb
 1249 0081 74       		.byte	0x74
 1250 0082 00       		.sleb128 0
 1251 0083 36       		.byte	0x36
 1252 0084 1E       		.byte	0x1e
 1253 0085 03       		.byte	0x3
 1254 0086 00000000 		.4byte	cfg_memset_list.4758
 1255 008a 22       		.byte	0x22
 1256 008b 9F       		.byte	0x9f
 1257 008c DA000000 		.4byte	.LVL14
 1258 0090 DC000000 		.4byte	.LVL15
 1259 0094 0B00     		.2byte	0xb
 1260 0096 74       		.byte	0x74
 1261 0097 7F       		.sleb128 -1
 1262 0098 36       		.byte	0x36
 1263 0099 1E       		.byte	0x1e
 1264 009a 03       		.byte	0x3
 1265 009b 00000000 		.4byte	cfg_memset_list.4758
 1266 009f 22       		.byte	0x22
 1267 00a0 9F       		.byte	0x9f
 1268 00a1 00000000 		.4byte	0
 1269 00a5 00000000 		.4byte	0
 1270              		.section	.debug_aranges,"",%progbits
 1271 0000 34000000 		.4byte	0x34
ARM GAS  C:\Users\sunyi\AppData\Local\Temp\cck3jIJb.s 			page 29


 1272 0004 0200     		.2byte	0x2
 1273 0006 00000000 		.4byte	.Ldebug_info0
 1274 000a 04       		.byte	0x4
 1275 000b 00       		.byte	0
 1276 000c 0000     		.2byte	0
 1277 000e 0000     		.2byte	0
 1278 0010 00000000 		.4byte	.LFB6
 1279 0014 20000000 		.4byte	.LFE6-.LFB6
 1280 0018 00000000 		.4byte	.LFB2
 1281 001c 0C000000 		.4byte	.LFE2-.LFB2
 1282 0020 00000000 		.4byte	.LFB5
 1283 0024 AC000000 		.4byte	.LFE5-.LFB5
 1284 0028 AC000000 		.4byte	.LFB7
 1285 002c B8000000 		.4byte	.LFE7-.LFB7
 1286 0030 00000000 		.4byte	0
 1287 0034 00000000 		.4byte	0
 1288              		.section	.debug_ranges,"",%progbits
 1289              	.Ldebug_ranges0:
 1290 0000 00000000 		.4byte	.LFB6
 1291 0004 20000000 		.4byte	.LFE6
 1292 0008 00000000 		.4byte	.LFB2
 1293 000c 0C000000 		.4byte	.LFE2
 1294 0010 00000000 		.4byte	.LFB5
 1295 0014 AC000000 		.4byte	.LFE5
 1296 0018 AC000000 		.4byte	.LFB7
 1297 001c 64010000 		.4byte	.LFE7
 1298 0020 00000000 		.4byte	0
 1299 0024 00000000 		.4byte	0
 1300              		.section	.debug_line,"",%progbits
 1301              	.Ldebug_line0:
 1302 0000 4A010000 		.section	.debug_str,"MS",%progbits,1
 1302      0200D600 
 1302      00000201 
 1302      FB0E0D00 
 1302      01010101 
 1303              	.LASF28:
 1304 0000 43794465 		.ascii	"CyDelayCycles\000"
 1304      6C617943 
 1304      79636C65 
 1304      7300
 1305              	.LASF19:
 1306 000e 72656733 		.ascii	"reg32\000"
 1306      3200
 1307              	.LASF11:
 1308 0014 73697A65 		.ascii	"size_t\000"
 1308      5F7400
 1309              	.LASF37:
 1310 001b 416E616C 		.ascii	"AnalogSetDefault\000"
 1310      6F675365 
 1310      74446566 
 1310      61756C74 
 1310      00
 1311              	.LASF33:
 1312 002c 4379496E 		.ascii	"CyIntSetVector\000"
 1312      74536574 
 1312      56656374 
 1312      6F7200
ARM GAS  C:\Users\sunyi\AppData\Local\Temp\cck3jIJb.s 			page 30


 1313              	.LASF26:
 1314 003b 6366675F 		.ascii	"cfg_memset_list\000"
 1314      6D656D73 
 1314      65745F6C 
 1314      69737400 
 1315              	.LASF22:
 1316 004b 436C6F63 		.ascii	"ClockSetup\000"
 1316      6B536574 
 1316      757000
 1317              	.LASF4:
 1318 0056 73686F72 		.ascii	"short unsigned int\000"
 1318      7420756E 
 1318      7369676E 
 1318      65642069 
 1318      6E7400
 1319              	.LASF15:
 1320 0069 666C6F61 		.ascii	"float\000"
 1320      7400
 1321              	.LASF24:
 1322 006f 73697A65 		.ascii	"size\000"
 1322      00
 1323              	.LASF30:
 1324 0074 43795379 		.ascii	"CySysClkWcoSetPowerMode\000"
 1324      73436C6B 
 1324      57636F53 
 1324      6574506F 
 1324      7765724D 
 1325              	.LASF18:
 1326 008c 72656738 		.ascii	"reg8\000"
 1326      00
 1327              	.LASF6:
 1328 0091 6C6F6E67 		.ascii	"long unsigned int\000"
 1328      20756E73 
 1328      69676E65 
 1328      6420696E 
 1328      7400
 1329              	.LASF12:
 1330 00a3 75696E74 		.ascii	"uint8\000"
 1330      3800
 1331              	.LASF39:
 1332 00a9 43795379 		.ascii	"CySysClkWcoStart\000"
 1332      73436C6B 
 1332      57636F53 
 1332      74617274 
 1332      00
 1333              	.LASF21:
 1334 00ba 43594D45 		.ascii	"CYMEMZERO\000"
 1334      4D5A4552 
 1334      4F00
 1335              	.LASF2:
 1336 00c4 756E7369 		.ascii	"unsigned char\000"
 1336      676E6564 
 1336      20636861 
 1336      7200
 1337              	.LASF27:
 1338 00d2 6D656D73 		.ascii	"memset\000"
 1338      657400
ARM GAS  C:\Users\sunyi\AppData\Local\Temp\cck3jIJb.s 			page 31


 1339              	.LASF16:
 1340 00d9 646F7562 		.ascii	"double\000"
 1340      6C6500
 1341              	.LASF40:
 1342 00e0 4379496E 		.ascii	"CyIntEnable\000"
 1342      74456E61 
 1342      626C6500 
 1343              	.LASF13:
 1344 00ec 75696E74 		.ascii	"uint16\000"
 1344      313600
 1345              	.LASF17:
 1346 00f3 63797374 		.ascii	"cystatus\000"
 1346      61747573 
 1346      00
 1347              	.LASF14:
 1348 00fc 75696E74 		.ascii	"uint32\000"
 1348      333200
 1349              	.LASF36:
 1350 0103 433A5C55 		.ascii	"C:\\Users\\sunyi\\Desktop\\Lab1 codes--Blue LED\\BL"
 1350      73657273 
 1350      5C73756E 
 1350      79695C44 
 1350      65736B74 
 1351 0131 45204C61 		.ascii	"E Lab1\\BLE Lab1.cydsn\000"
 1351      62315C42 
 1351      4C45204C 
 1351      6162312E 
 1351      63796473 
 1352              	.LASF0:
 1353 0147 756E7369 		.ascii	"unsigned int\000"
 1353      676E6564 
 1353      20696E74 
 1353      00
 1354              	.LASF38:
 1355 0154 63796669 		.ascii	"cyfitter_cfg\000"
 1355      74746572 
 1355      5F636667 
 1355      00
 1356              	.LASF23:
 1357 0161 61646472 		.ascii	"address\000"
 1357      65737300 
 1358              	.LASF8:
 1359 0169 6C6F6E67 		.ascii	"long long unsigned int\000"
 1359      206C6F6E 
 1359      6720756E 
 1359      7369676E 
 1359      65642069 
 1360              	.LASF20:
 1361 0180 63796973 		.ascii	"cyisraddress\000"
 1361      72616464 
 1361      72657373 
 1361      00
 1362              	.LASF25:
 1363 018d 6366675F 		.ascii	"cfg_memset_t\000"
 1363      6D656D73 
 1363      65745F74 
 1363      00
ARM GAS  C:\Users\sunyi\AppData\Local\Temp\cck3jIJb.s 			page 32


 1364              	.LASF35:
 1365 019a 2E5C4765 		.ascii	".\\Generated_Source\\PSoC4\\cyfitter_cfg.c\000"
 1365      6E657261 
 1365      7465645F 
 1365      536F7572 
 1365      63655C50 
 1366              	.LASF9:
 1367 01c2 73697A65 		.ascii	"sizetype\000"
 1367      74797065 
 1367      00
 1368              	.LASF7:
 1369 01cb 6C6F6E67 		.ascii	"long long int\000"
 1369      206C6F6E 
 1369      6720696E 
 1369      7400
 1370              	.LASF32:
 1371 01d9 43794465 		.ascii	"CyDelayUs\000"
 1371      6C617955 
 1371      7300
 1372              	.LASF10:
 1373 01e3 63686172 		.ascii	"char\000"
 1373      00
 1374              	.LASF31:
 1375 01e8 43795379 		.ascii	"CySysClkEcoStart\000"
 1375      73436C6B 
 1375      45636F53 
 1375      74617274 
 1375      00
 1376              	.LASF34:
 1377 01f9 474E5520 		.ascii	"GNU C 4.9.3 20150303 (release) [ARM/embedded-4_9-br"
 1377      4320342E 
 1377      392E3320 
 1377      32303135 
 1377      30333033 
 1378 022c 616E6368 		.ascii	"anch revision 221220] -mcpu=cortex-m0 -mthumb -g -O"
 1378      20726576 
 1378      6973696F 
 1378      6E203232 
 1378      31323230 
 1379 025f 67202D66 		.ascii	"g -ffunction-sections -ffat-lto-objects\000"
 1379      66756E63 
 1379      74696F6E 
 1379      2D736563 
 1379      74696F6E 
 1380              	.LASF3:
 1381 0287 73686F72 		.ascii	"short int\000"
 1381      7420696E 
 1381      7400
 1382              	.LASF29:
 1383 0291 43795379 		.ascii	"CySysClkWriteImoFreq\000"
 1383      73436C6B 
 1383      57726974 
 1383      65496D6F 
 1383      46726571 
 1384              	.LASF5:
 1385 02a6 6C6F6E67 		.ascii	"long int\000"
 1385      20696E74 
ARM GAS  C:\Users\sunyi\AppData\Local\Temp\cck3jIJb.s 			page 33


 1385      00
 1386              	.LASF1:
 1387 02af 7369676E 		.ascii	"signed char\000"
 1387      65642063 
 1387      68617200 
 1388              		.ident	"GCC: (GNU Tools for ARM Embedded Processors) 4.9.3 20150303 (release) [ARM/embedded-4_9-br
